Analyzing Subhandart...                                         

  error • Target of URI doesn't exist: 'package:a11y_assessments/use_cases/about_list_tile.dart'. Try creating the file referenced by the URI, or try using a URI for a file that does exist • flutter/dev/a11y_assessments/test/about_list_tile_test.dart:5:8 • uri_does_not_exist
  error • The function 'AboutListTileUseCase' isn't defined. Try importing the library that defines 'AboutListTileUseCase', correcting the name to the name of an existing function, or defining a function named 'AboutListTileUseCase' • flutter/dev/a11y_assessments/test/about_list_tile_test.dart:13:32 • undefined_function
  error • The function 'AboutListTileUseCase' isn't defined. Try importing the library that defines 'AboutListTileUseCase', correcting the name to the name of an existing function, or defining a function named 'AboutListTileUseCase' • flutter/dev/a11y_assessments/test/about_list_tile_test.dart:18:32 • undefined_function
  error • Target of URI doesn't exist: 'package:a11y_assessments/main.dart'. Try creating the file referenced by the URI, or try using a URI for a file that does exist • flutter/dev/a11y_assessments/test/accessibility_guideline_test.dart:5:8 • uri_does_not_exist
  error • Target of URI doesn't exist: 'package:a11y_assessments/use_cases/date_picker.dart'. Try creating the file referenced by the URI, or try using a URI for a file that does exist • flutter/dev/a11y_assessments/test/accessibility_guideline_test.dart:6:8 • uri_does_not_exist
  error • Target of URI doesn't exist: 'package:a11y_assessments/use_cases/use_cases.dart'. Try creating the file referenced by the URI, or try using a URI for a file that does exist • flutter/dev/a11y_assessments/test/accessibility_guideline_test.dart:7:8 • uri_does_not_exist
  error • The name 'App' isn't a class. Try correcting the name to match an existing class • flutter/dev/a11y_assessments/test/accessibility_guideline_test.dart:15:37 • creation_with_non_type
  error • The name 'Tag' isn't a type, so it can't be used as a type argument. Try correcting the name to an existing type, or defining a type named 'Tag' • flutter/dev/a11y_assessments/test/accessibility_guideline_test.dart:15:55 • non_type_as_type_argument
  error • The name 'App' isn't a class. Try correcting the name to match an existing class • flutter/dev/a11y_assessments/test/accessibility_guideline_test.dart:22:37 • creation_with_non_type
  error • The name 'Tag' isn't a type, so it can't be used as a type argument. Try correcting the name to an existing type, or defining a type named 'Tag' • flutter/dev/a11y_assessments/test/accessibility_guideline_test.dart:22:55 • non_type_as_type_argument
  error • Undefined class 'UseCase'. Try changing the name to the name of an existing class, or creating a class with the name 'UseCase' • flutter/dev/a11y_assessments/test/accessibility_guideline_test.dart:33:14 • undefined_class
  error • Undefined name 'useCases'. Try correcting the name to one that is defined, or defining the name • flutter/dev/a11y_assessments/test/accessibility_guideline_test.dart:33:33 • undefined_identifier
  error • The name 'App' isn't a class. Try correcting the name to match an existing class • flutter/dev/a11y_assessments/test/accessibility_guideline_test.dart:40:39 • creation_with_non_type
  error • The name 'Tag' isn't a type, so it can't be used as a type argument. Try correcting the name to an existing type, or defining a type named 'Tag' • flutter/dev/a11y_assessments/test/accessibility_guideline_test.dart:40:57 • non_type_as_type_argument
  error • The name 'HomePageState' isn't a type, so it can't be used as a type argument. Try correcting the name to an existing type, or defining a type named 'HomePageState' • flutter/dev/a11y_assessments/test/accessibility_guideline_test.dart:43:20 • non_type_as_type_argument
  error • Undefined name 'HomePage'. Try correcting the name to one that is defined, or defining the name • flutter/dev/a11y_assessments/test/accessibility_guideline_test.dart:43:47 • undefined_identifier
  error • The function 'DatePickerUseCase' isn't defined. Try importing the library that defines 'DatePickerUseCase', correcting the name to the name of an existing function, or defining a function named 'DatePickerUseCase' • flutter/dev/a11y_assessments/test/accessibility_guideline_test.dart:80:44 • undefined_function
  error • Target of URI doesn't exist: 'package:a11y_assessments/use_cases/action_chip.dart'. Try creating the file referenced by the URI, or try using a URI for a file that does exist • flutter/dev/a11y_assessments/test/action_chip_test.dart:5:8 • uri_does_not_exist
  error • The function 'ActionChipUseCase' isn't defined. Try importing the library that defines 'ActionChipUseCase', correcting the name to the name of an existing function, or defining a function named 'ActionChipUseCase' • flutter/dev/a11y_assessments/test/action_chip_test.dart:13:32 • undefined_function
  error • The function 'ActionChipUseCase' isn't defined. Try importing the library that defines 'ActionChipUseCase', correcting the name to the name of an existing function, or defining a function named 'ActionChipUseCase' • flutter/dev/a11y_assessments/test/action_chip_test.dart:18:32 • undefined_function
  error • Target of URI doesn't exist: 'package:a11y_assessments/use_cases/app_bar.dart'. Try creating the file referenced by the URI, or try using a URI for a file that does exist • flutter/dev/a11y_assessments/test/app_bar_test.dart:5:8 • uri_does_not_exist
  error • The function 'AppBarUseCase' isn't defined. Try importing the library that defines 'AppBarUseCase', correcting the name to the name of an existing function, or defining a function named 'AppBarUseCase' • flutter/dev/a11y_assessments/test/app_bar_test.dart:12:32 • undefined_function
  error • Target of URI doesn't exist: 'package:a11y_assessments/use_cases/auto_complete.dart'. Try creating the file referenced by the URI, or try using a URI for a file that does exist • flutter/dev/a11y_assessments/test/auto_complete_test.dart:5:8 • uri_does_not_exist
  error • The function 'AutoCompleteUseCase' isn't defined. Try importing the library that defines 'AutoCompleteUseCase', correcting the name to the name of an existing function, or defining a function named 'AutoCompleteUseCase' • flutter/dev/a11y_assessments/test/auto_complete_test.dart:14:32 • undefined_function
  error • The function 'AutoCompleteUseCase' isn't defined. Try importing the library that defines 'AutoCompleteUseCase', correcting the name to the name of an existing function, or defining a function named 'AutoCompleteUseCase' • flutter/dev/a11y_assessments/test/auto_complete_test.dart:19:32 • undefined_function
  error • The function 'AutoCompleteUseCase' isn't defined. Try importing the library that defines 'AutoCompleteUseCase', correcting the name to the name of an existing function, or defining a function named 'AutoCompleteUseCase' • flutter/dev/a11y_assessments/test/auto_complete_test.dart:27:32 • undefined_function
  error • The function 'AutoCompleteUseCase' isn't defined. Try importing the library that defines 'AutoCompleteUseCase', correcting the name to the name of an existing function, or defining a function named 'AutoCompleteUseCase' • flutter/dev/a11y_assessments/test/auto_complete_test.dart:36:32 • undefined_function
  error • Target of URI doesn't exist: 'package:a11y_assessments/use_cases/back_button.dart'. Try creating the file referenced by the URI, or try using a URI for a file that does exist • flutter/dev/a11y_assessments/test/back_button_test.dart:5:8 • uri_does_not_exist
  error • The function 'BackButtonUseCase' isn't defined. Try importing the library that defines 'BackButtonUseCase', correcting the name to the name of an existing function, or defining a function named 'BackButtonUseCase' • flutter/dev/a11y_assessments/test/back_button_test.dart:13:32 • undefined_function
  error • Target of URI doesn't exist: 'package:a11y_assessments/use_cases/badge.dart'. Try creating the file referenced by the URI, or try using a URI for a file that does exist • flutter/dev/a11y_assessments/test/badge_test.dart:5:8 • uri_does_not_exist
  error • The function 'BadgeUseCase' isn't defined. Try importing the library that defines 'BadgeUseCase', correcting the name to the name of an existing function, or defining a function named 'BadgeUseCase' • flutter/dev/a11y_assessments/test/badge_test.dart:12:32 • undefined_function
  error • The function 'BadgeUseCase' isn't defined. Try importing the library that defines 'BadgeUseCase', correcting the name to the name of an existing function, or defining a function named 'BadgeUseCase' • flutter/dev/a11y_assessments/test/badge_test.dart:18:32 • undefined_function
  error • Target of URI doesn't exist: 'package:a11y_assessments/use_cases/card.dart'. Try creating the file referenced by the URI, or try using a URI for a file that does exist • flutter/dev/a11y_assessments/test/card_test.dart:5:8 • uri_does_not_exist
  error • The function 'CardUseCase' isn't defined. Try importing the library that defines 'CardUseCase', correcting the name to the name of an existing function, or defining a function named 'CardUseCase' • flutter/dev/a11y_assessments/test/card_test.dart:13:32 • undefined_function
  error • The function 'CardUseCase' isn't defined. Try importing the library that defines 'CardUseCase', correcting the name to the name of an existing function, or defining a function named 'CardUseCase' • flutter/dev/a11y_assessments/test/card_test.dart:18:32 • undefined_function
  error • Target of URI doesn't exist: 'package:a11y_assessments/use_cases/check_box_list_tile.dart'. Try creating the file referenced by the URI, or try using a URI for a file that does exist • flutter/dev/a11y_assessments/test/check_box_list_tile_test.dart:5:8 • uri_does_not_exist
  error • The function 'CheckBoxListTile' isn't defined. Try importing the library that defines 'CheckBoxListTile', correcting the name to the name of an existing function, or defining a function named 'CheckBoxListTile' • flutter/dev/a11y_assessments/test/check_box_list_tile_test.dart:12:32 • undefined_function
  error • The function 'CheckBoxListTile' isn't defined. Try importing the library that defines 'CheckBoxListTile', correcting the name to the name of an existing function, or defining a function named 'CheckBoxListTile' • flutter/dev/a11y_assessments/test/check_box_list_tile_test.dart:18:32 • undefined_function
  error • Target of URI doesn't exist: 'package:a11y_assessments/use_cases/close_button.dart'. Try creating the file referenced by the URI, or try using a URI for a file that does exist • flutter/dev/a11y_assessments/test/close_button_test.dart:5:8 • uri_does_not_exist
  error • The function 'CloseButtonUseCase' isn't defined. Try importing the library that defines 'CloseButtonUseCase', correcting the name to the name of an existing function, or defining a function named 'CloseButtonUseCase' • flutter/dev/a11y_assessments/test/close_button_test.dart:13:32 • undefined_function
  error • Target of URI doesn't exist: 'package:a11y_assessments/use_cases/date_picker.dart'. Try creating the file referenced by the URI, or try using a URI for a file that does exist • flutter/dev/a11y_assessments/test/date_picker_test.dart:5:8 • uri_does_not_exist
  error • The function 'DatePickerUseCase' isn't defined. Try importing the library that defines 'DatePickerUseCase', correcting the name to the name of an existing function, or defining a function named 'DatePickerUseCase' • flutter/dev/a11y_assessments/test/date_picker_test.dart:13:32 • undefined_function
  error • The function 'DatePickerUseCase' isn't defined. Try importing the library that defines 'DatePickerUseCase', correcting the name to the name of an existing function, or defining a function named 'DatePickerUseCase' • flutter/dev/a11y_assessments/test/date_picker_test.dart:22:32 • undefined_function
  error • Target of URI doesn't exist: 'package:a11y_assessments/use_cases/dialog.dart'. Try creating the file referenced by the URI, or try using a URI for a file that does exist • flutter/dev/a11y_assessments/test/dialog_test.dart:5:8 • uri_does_not_exist
  error • The function 'DialogUseCase' isn't defined. Try importing the library that defines 'DialogUseCase', correcting the name to the name of an existing function, or defining a function named 'DialogUseCase' • flutter/dev/a11y_assessments/test/dialog_test.dart:13:32 • undefined_function
  error • The function 'DialogUseCase' isn't defined. Try importing the library that defines 'DialogUseCase', correcting the name to the name of an existing function, or defining a function named 'DialogUseCase' • flutter/dev/a11y_assessments/test/dialog_test.dart:34:32 • undefined_function
  error • The function 'DialogUseCase' isn't defined. Try importing the library that defines 'DialogUseCase', correcting the name to the name of an existing function, or defining a function named 'DialogUseCase' • flutter/dev/a11y_assessments/test/dialog_test.dart:47:32 • undefined_function
  error • Target of URI doesn't exist: 'package:a11y_assessments/use_cases/drawer.dart'. Try creating the file referenced by the URI, or try using a URI for a file that does exist • flutter/dev/a11y_assessments/test/drawer_test.dart:5:8 • uri_does_not_exist
  error • The function 'DrawerUseCase' isn't defined. Try importing the library that defines 'DrawerUseCase', correcting the name to the name of an existing function, or defining a function named 'DrawerUseCase' • flutter/dev/a11y_assessments/test/drawer_test.dart:13:32 • undefined_function
  error • The function 'DrawerUseCase' isn't defined. Try importing the library that defines 'DrawerUseCase', correcting the name to the name of an existing function, or defining a function named 'DrawerUseCase' • flutter/dev/a11y_assessments/test/drawer_test.dart:25:32 • undefined_function
  error • Target of URI doesn't exist: 'package:a11y_assessments/use_cases/elevated_button.dart'. Try creating the file referenced by the URI, or try using a URI for a file that does exist • flutter/dev/a11y_assessments/test/elevated_button_test.dart:5:8 • uri_does_not_exist
  error • The function 'ElevatedButtonUseCase' isn't defined. Try importing the library that defines 'ElevatedButtonUseCase', correcting the name to the name of an existing function, or defining a function named 'ElevatedButtonUseCase' • flutter/dev/a11y_assessments/test/elevated_button_test.dart:13:32 • undefined_function
  error • Target of URI doesn't exist: 'package:a11y_assessments/use_cases/expansion_tile.dart'. Try creating the file referenced by the URI, or try using a URI for a file that does exist • flutter/dev/a11y_assessments/test/expansion_tile_test.dart:5:8 • uri_does_not_exist
  error • The function 'ExpansionTileUseCase' isn't defined. Try importing the library that defines 'ExpansionTileUseCase', correcting the name to the name of an existing function, or defining a function named 'ExpansionTileUseCase' • flutter/dev/a11y_assessments/test/expansion_tile_test.dart:13:32 • undefined_function
  error • The function 'ExpansionTileUseCase' isn't defined. Try importing the library that defines 'ExpansionTileUseCase', correcting the name to the name of an existing function, or defining a function named 'ExpansionTileUseCase' • flutter/dev/a11y_assessments/test/expansion_tile_test.dart:18:32 • undefined_function
  error • Target of URI doesn't exist: 'package:a11y_assessments/use_cases/filled_button.dart'. Try creating the file referenced by the URI, or try using a URI for a file that does exist • flutter/dev/a11y_assessments/test/filled_button_test.dart:5:8 • uri_does_not_exist
  error • The function 'FilledButtonUseCase' isn't defined. Try importing the library that defines 'FilledButtonUseCase', correcting the name to the name of an existing function, or defining a function named 'FilledButtonUseCase' • flutter/dev/a11y_assessments/test/filled_button_test.dart:13:32 • undefined_function
  error • Target of URI doesn't exist: 'package:a11y_assessments/use_cases/floating_action_button.dart'. Try creating the file referenced by the URI, or try using a URI for a file that does exist • flutter/dev/a11y_assessments/test/floating_action_button_test.dart:5:8 • uri_does_not_exist
  error • The function 'FloatingActionButtonUseCase' isn't defined. Try importing the library that defines 'FloatingActionButtonUseCase', correcting the name to the name of an existing function, or defining a function named 'FloatingActionButtonUseCase' • flutter/dev/a11y_assessments/test/floating_action_button_test.dart:13:32 • undefined_function
  error • The function 'FloatingActionButtonUseCase' isn't defined. Try importing the library that defines 'FloatingActionButtonUseCase', correcting the name to the name of an existing function, or defining a function named 'FloatingActionButtonUseCase' • flutter/dev/a11y_assessments/test/floating_action_button_test.dart:21:32 • undefined_function
  error • Target of URI doesn't exist: 'package:a11y_assessments/main.dart'. Try creating the file referenced by the URI, or try using a URI for a file that does exist • flutter/dev/a11y_assessments/test/home_page_test.dart:5:8 • uri_does_not_exist
  error • Target of URI doesn't exist: 'package:a11y_assessments/use_cases/action_chip.dart'. Try creating the file referenced by the URI, or try using a URI for a file that does exist • flutter/dev/a11y_assessments/test/home_page_test.dart:6:8 • uri_does_not_exist
  error • Target of URI doesn't exist: 'package:a11y_assessments/use_cases/auto_complete.dart'. Try creating the file referenced by the URI, or try using a URI for a file that does exist • flutter/dev/a11y_assessments/test/home_page_test.dart:7:8 • uri_does_not_exist
  error • Target of URI doesn't exist: 'package:a11y_assessments/use_cases/badge.dart'. Try creating the file referenced by the URI, or try using a URI for a file that does exist • flutter/dev/a11y_assessments/test/home_page_test.dart:8:8 • uri_does_not_exist
  error • Target of URI doesn't exist: 'package:a11y_assessments/use_cases/card.dart'. Try creating the file referenced by the URI, or try using a URI for a file that does exist • flutter/dev/a11y_assessments/test/home_page_test.dart:9:8 • uri_does_not_exist
  error • Target of URI doesn't exist: 'package:a11y_assessments/use_cases/check_box_list_tile.dart'. Try creating the file referenced by the URI, or try using a URI for a file that does exist • flutter/dev/a11y_assessments/test/home_page_test.dart:10:8 • uri_does_not_exist
  error • Target of URI doesn't exist: 'package:a11y_assessments/use_cases/date_picker.dart'. Try creating the file referenced by the URI, or try using a URI for a file that does exist • flutter/dev/a11y_assessments/test/home_page_test.dart:11:8 • uri_does_not_exist
  error • Target of URI doesn't exist: 'package:a11y_assessments/use_cases/dialog.dart'. Try creating the file referenced by the URI, or try using a URI for a file that does exist • flutter/dev/a11y_assessments/test/home_page_test.dart:12:8 • uri_does_not_exist
  error • Target of URI doesn't exist: 'package:a11y_assessments/use_cases/drawer.dart'. Try creating the file referenced by the URI, or try using a URI for a file that does exist • flutter/dev/a11y_assessments/test/home_page_test.dart:13:8 • uri_does_not_exist
  error • Target of URI doesn't exist: 'package:a11y_assessments/use_cases/expansion_tile.dart'. Try creating the file referenced by the URI, or try using a URI for a file that does exist • flutter/dev/a11y_assessments/test/home_page_test.dart:14:8 • uri_does_not_exist
  error • Target of URI doesn't exist: 'package:a11y_assessments/use_cases/material_banner.dart'. Try creating the file referenced by the URI, or try using a URI for a file that does exist • flutter/dev/a11y_assessments/test/home_page_test.dart:15:8 • uri_does_not_exist
  error • Target of URI doesn't exist: 'package:a11y_assessments/use_cases/navigation_bar.dart'. Try creating the file referenced by the URI, or try using a URI for a file that does exist • flutter/dev/a11y_assessments/test/home_page_test.dart:16:8 • uri_does_not_exist
  error • Target of URI doesn't exist: 'package:a11y_assessments/use_cases/navigation_drawer.dart'. Try creating the file referenced by the URI, or try using a URI for a file that does exist • flutter/dev/a11y_assessments/test/home_page_test.dart:17:8 • uri_does_not_exist
  error • Target of URI doesn't exist: 'package:a11y_assessments/use_cases/navigation_rail.dart'. Try creating the file referenced by the URI, or try using a URI for a file that does exist • flutter/dev/a11y_assessments/test/home_page_test.dart:18:8 • uri_does_not_exist
  error • Target of URI doesn't exist: 'package:a11y_assessments/use_cases/radio_list_tile.dart'. Try creating the file referenced by the URI, or try using a URI for a file that does exist • flutter/dev/a11y_assessments/test/home_page_test.dart:19:8 • uri_does_not_exist
  error • Target of URI doesn't exist: 'package:a11y_assessments/use_cases/slider.dart'. Try creating the file referenced by the URI, or try using a URI for a file that does exist • flutter/dev/a11y_assessments/test/home_page_test.dart:20:8 • uri_does_not_exist
  error • Target of URI doesn't exist: 'package:a11y_assessments/use_cases/snack_bar.dart'. Try creating the file referenced by the URI, or try using a URI for a file that does exist • flutter/dev/a11y_assessments/test/home_page_test.dart:21:8 • uri_does_not_exist
  error • Target of URI doesn't exist: 'package:a11y_assessments/use_cases/switch_list_tile.dart'. Try creating the file referenced by the URI, or try using a URI for a file that does exist • flutter/dev/a11y_assessments/test/home_page_test.dart:22:8 • uri_does_not_exist
  error • Target of URI doesn't exist: 'package:a11y_assessments/use_cases/text_button.dart'. Try creating the file referenced by the URI, or try using a URI for a file that does exist • flutter/dev/a11y_assessments/test/home_page_test.dart:23:8 • uri_does_not_exist
  error • Target of URI doesn't exist: 'package:a11y_assessments/use_cases/text_field.dart'. Try creating the file referenced by the URI, or try using a URI for a file that does exist • flutter/dev/a11y_assessments/test/home_page_test.dart:24:8 • uri_does_not_exist
  error • Target of URI doesn't exist: 'package:a11y_assessments/use_cases/text_field_password.dart'. Try creating the file referenced by the URI, or try using a URI for a file that does exist • flutter/dev/a11y_assessments/test/home_page_test.dart:25:8 • uri_does_not_exist
  error • The name 'App' isn't a class. Try correcting the name to match an existing class • flutter/dev/a11y_assessments/test/home_page_test.dart:35:35 • creation_with_non_type
  error • Invalid constant value • flutter/dev/a11y_assessments/test/home_page_test.dart:43:73 • invalid_constant
  error • The function 'App' isn't defined. Try importing the library that defines 'App', correcting the name to the name of an existing function, or defining a function named 'App' • flutter/dev/a11y_assessments/test/home_page_test.dart:43:73 • undefined_function
  error • The function 'AutoCompleteUseCase' isn't defined. Try importing the library that defines 'AutoCompleteUseCase', correcting the name to the name of an existing function, or defining a function named 'AutoCompleteUseCase' • flutter/dev/a11y_assessments/test/home_page_test.dart:242:32 • undefined_function
  error • The function 'ActionChipUseCase' isn't defined. Try importing the library that defines 'ActionChipUseCase', correcting the name to the name of an existing function, or defining a function named 'ActionChipUseCase' • flutter/dev/a11y_assessments/test/home_page_test.dart:251:32 • undefined_function
  error • The function 'BadgeUseCase' isn't defined. Try importing the library that defines 'BadgeUseCase', correcting the name to the name of an existing function, or defining a function named 'BadgeUseCase' • flutter/dev/a11y_assessments/test/home_page_test.dart:260:32 • undefined_function
  error • The function 'CardUseCase' isn't defined. Try importing the library that defines 'CardUseCase', correcting the name to the name of an existing function, or defining a function named 'CardUseCase' • flutter/dev/a11y_assessments/test/home_page_test.dart:269:32 • undefined_function
  error • The function 'CheckBoxListTile' isn't defined. Try importing the library that defines 'CheckBoxListTile', correcting the name to the name of an existing function, or defining a function named 'CheckBoxListTile' • flutter/dev/a11y_assessments/test/home_page_test.dart:278:32 • undefined_function
  error • The function 'DatePickerUseCase' isn't defined. Try importing the library that defines 'DatePickerUseCase', correcting the name to the name of an existing function, or defining a function named 'DatePickerUseCase' • flutter/dev/a11y_assessments/test/home_page_test.dart:287:32 • undefined_function
  error • The function 'DialogUseCase' isn't defined. Try importing the library that defines 'DialogUseCase', correcting the name to the name of an existing function, or defining a function named 'DialogUseCase' • flutter/dev/a11y_assessments/test/home_page_test.dart:296:32 • undefined_function
  error • The function 'ExpansionTileUseCase' isn't defined. Try importing the library that defines 'ExpansionTileUseCase', correcting the name to the name of an existing function, or defining a function named 'ExpansionTileUseCase' • flutter/dev/a11y_assessments/test/home_page_test.dart:305:32 • undefined_function
  error • The function 'MaterialBannerUseCase' isn't defined. Try importing the library that defines 'MaterialBannerUseCase', correcting the name to the name of an existing function, or defining a function named 'MaterialBannerUseCase' • flutter/dev/a11y_assessments/test/home_page_test.dart:314:32 • undefined_function
  error • The function 'NavigationBarUseCase' isn't defined. Try importing the library that defines 'NavigationBarUseCase', correcting the name to the name of an existing function, or defining a function named 'NavigationBarUseCase' • flutter/dev/a11y_assessments/test/home_page_test.dart:323:32 • undefined_function
  error • The function 'RadioListTileUseCase' isn't defined. Try importing the library that defines 'RadioListTileUseCase', correcting the name to the name of an existing function, or defining a function named 'RadioListTileUseCase' • flutter/dev/a11y_assessments/test/home_page_test.dart:332:32 • undefined_function
  error • The function 'SliderUseCase' isn't defined. Try importing the library that defines 'SliderUseCase', correcting the name to the name of an existing function, or defining a function named 'SliderUseCase' • flutter/dev/a11y_assessments/test/home_page_test.dart:341:32 • undefined_function
  error • The function 'SnackBarUseCase' isn't defined. Try importing the library that defines 'SnackBarUseCase', correcting the name to the name of an existing function, or defining a function named 'SnackBarUseCase' • flutter/dev/a11y_assessments/test/home_page_test.dart:350:32 • undefined_function
  error • The function 'SwitchListTileUseCase' isn't defined. Try importing the library that defines 'SwitchListTileUseCase', correcting the name to the name of an existing function, or defining a function named 'SwitchListTileUseCase' • flutter/dev/a11y_assessments/test/home_page_test.dart:359:32 • undefined_function
  error • The function 'TextButtonUseCase' isn't defined. Try importing the library that defines 'TextButtonUseCase', correcting the name to the name of an existing function, or defining a function named 'TextButtonUseCase' • flutter/dev/a11y_assessments/test/home_page_test.dart:368:32 • undefined_function
  error • The function 'TextFieldUseCase' isn't defined. Try importing the library that defines 'TextFieldUseCase', correcting the name to the name of an existing function, or defining a function named 'TextFieldUseCase' • flutter/dev/a11y_assessments/test/home_page_test.dart:377:32 • undefined_function
  error • The function 'TextFieldPasswordUseCase' isn't defined. Try importing the library that defines 'TextFieldPasswordUseCase', correcting the name to the name of an existing function, or defining a function named 'TextFieldPasswordUseCase' • flutter/dev/a11y_assessments/test/home_page_test.dart:386:32 • undefined_function
  error • The function 'NavigationDrawerUseCase' isn't defined. Try importing the library that defines 'NavigationDrawerUseCase', correcting the name to the name of an existing function, or defining a function named 'NavigationDrawerUseCase' • flutter/dev/a11y_assessments/test/home_page_test.dart:395:32 • undefined_function
  error • The function 'NavigationRailUseCase' isn't defined. Try importing the library that defines 'NavigationRailUseCase', correcting the name to the name of an existing function, or defining a function named 'NavigationRailUseCase' • flutter/dev/a11y_assessments/test/home_page_test.dart:404:32 • undefined_function
  error • The function 'DrawerUseCase' isn't defined. Try importing the library that defines 'DrawerUseCase', correcting the name to the name of an existing function, or defining a function named 'DrawerUseCase' • flutter/dev/a11y_assessments/test/home_page_test.dart:413:32 • undefined_function
  error • The name 'App' isn't a class. Try correcting the name to match an existing class • flutter/dev/a11y_assessments/test/home_page_test.dart:424:35 • creation_with_non_type
  error • Target of URI doesn't exist: 'package:a11y_assessments/use_cases/icon_button.dart'. Try creating the file referenced by the URI, or try using a URI for a file that does exist • flutter/dev/a11y_assessments/test/icon_button_test.dart:5:8 • uri_does_not_exist
  error • The function 'IconButtonUseCase' isn't defined. Try importing the library that defines 'IconButtonUseCase', correcting the name to the name of an existing function, or defining a function named 'IconButtonUseCase' • flutter/dev/a11y_assessments/test/icon_button_test.dart:13:32 • undefined_function
  error • Target of URI doesn't exist: 'package:a11y_assessments/use_cases/material_banner.dart'. Try creating the file referenced by the URI, or try using a URI for a file that does exist • flutter/dev/a11y_assessments/test/material_banner_test.dart:5:8 • uri_does_not_exist
  error • The function 'MaterialBannerUseCase' isn't defined. Try importing the library that defines 'MaterialBannerUseCase', correcting the name to the name of an existing function, or defining a function named 'MaterialBannerUseCase' • flutter/dev/a11y_assessments/test/material_banner_test.dart:13:32 • undefined_function
  error • The function 'MaterialBannerUseCase' isn't defined. Try importing the library that defines 'MaterialBannerUseCase', correcting the name to the name of an existing function, or defining a function named 'MaterialBannerUseCase' • flutter/dev/a11y_assessments/test/material_banner_test.dart:26:32 • undefined_function
  error • The function 'MaterialBannerUseCase' isn't defined. Try importing the library that defines 'MaterialBannerUseCase', correcting the name to the name of an existing function, or defining a function named 'MaterialBannerUseCase' • flutter/dev/a11y_assessments/test/material_banner_test.dart:35:32 • undefined_function
  error • The function 'MaterialBannerUseCase' isn't defined. Try importing the library that defines 'MaterialBannerUseCase', correcting the name to the name of an existing function, or defining a function named 'MaterialBannerUseCase' • flutter/dev/a11y_assessments/test/material_banner_test.dart:48:32 • undefined_function
  error • Target of URI doesn't exist: 'package:a11y_assessments/use_cases/navigation_bar.dart'. Try creating the file referenced by the URI, or try using a URI for a file that does exist • flutter/dev/a11y_assessments/test/navigation_bar_test.dart:5:8 • uri_does_not_exist
  error • The function 'NavigationBarUseCase' isn't defined. Try importing the library that defines 'NavigationBarUseCase', correcting the name to the name of an existing function, or defining a function named 'NavigationBarUseCase' • flutter/dev/a11y_assessments/test/navigation_bar_test.dart:12:32 • undefined_function
  error • The function 'NavigationBarUseCase' isn't defined. Try importing the library that defines 'NavigationBarUseCase', correcting the name to the name of an existing function, or defining a function named 'NavigationBarUseCase' • flutter/dev/a11y_assessments/test/navigation_bar_test.dart:25:32 • undefined_function
  error • Target of URI doesn't exist: 'package:a11y_assessments/use_cases/navigation_drawer.dart'. Try creating the file referenced by the URI, or try using a URI for a file that does exist • flutter/dev/a11y_assessments/test/navigation_drawer_test.dart:5:8 • uri_does_not_exist
  error • The function 'NavigationDrawerUseCase' isn't defined. Try importing the library that defines 'NavigationDrawerUseCase', correcting the name to the name of an existing function, or defining a function named 'NavigationDrawerUseCase' • flutter/dev/a11y_assessments/test/navigation_drawer_test.dart:13:32 • undefined_function
  error • The function 'NavigationDrawerUseCase' isn't defined. Try importing the library that defines 'NavigationDrawerUseCase', correcting the name to the name of an existing function, or defining a function named 'NavigationDrawerUseCase' • flutter/dev/a11y_assessments/test/navigation_drawer_test.dart:25:32 • undefined_function
  error • Target of URI doesn't exist: 'package:a11y_assessments/use_cases/navigation_rail.dart'. Try creating the file referenced by the URI, or try using a URI for a file that does exist • flutter/dev/a11y_assessments/test/navigation_rail_test.dart:5:8 • uri_does_not_exist
  error • The function 'NavigationRailUseCase' isn't defined. Try importing the library that defines 'NavigationRailUseCase', correcting the name to the name of an existing function, or defining a function named 'NavigationRailUseCase' • flutter/dev/a11y_assessments/test/navigation_rail_test.dart:13:32 • undefined_function
  error • The function 'NavigationRailUseCase' isn't defined. Try importing the library that defines 'NavigationRailUseCase', correcting the name to the name of an existing function, or defining a function named 'NavigationRailUseCase' • flutter/dev/a11y_assessments/test/navigation_rail_test.dart:19:32 • undefined_function
  error • The function 'NavigationRailUseCase' isn't defined. Try importing the library that defines 'NavigationRailUseCase', correcting the name to the name of an existing function, or defining a function named 'NavigationRailUseCase' • flutter/dev/a11y_assessments/test/navigation_rail_test.dart:34:32 • undefined_function
  error • Target of URI doesn't exist: 'package:a11y_assessments/use_cases/outlined_button.dart'. Try creating the file referenced by the URI, or try using a URI for a file that does exist • flutter/dev/a11y_assessments/test/outlined_button_test.dart:5:8 • uri_does_not_exist
  error • The function 'OutlinedButtonUseCase' isn't defined. Try importing the library that defines 'OutlinedButtonUseCase', correcting the name to the name of an existing function, or defining a function named 'OutlinedButtonUseCase' • flutter/dev/a11y_assessments/test/outlined_button_test.dart:13:32 • undefined_function
  error • Target of URI doesn't exist: 'package:a11y_assessments/use_cases/popup_menu_button.dart'. Try creating the file referenced by the URI, or try using a URI for a file that does exist • flutter/dev/a11y_assessments/test/popup_menu_button_test.dart:5:8 • uri_does_not_exist
  error • The function 'PopupMenuButtonUseCase' isn't defined. Try importing the library that defines 'PopupMenuButtonUseCase', correcting the name to the name of an existing function, or defining a function named 'PopupMenuButtonUseCase' • flutter/dev/a11y_assessments/test/popup_menu_button_test.dart:13:32 • undefined_function
  error • The function 'PopupMenuButtonUseCase' isn't defined. Try importing the library that defines 'PopupMenuButtonUseCase', correcting the name to the name of an existing function, or defining a function named 'PopupMenuButtonUseCase' • flutter/dev/a11y_assessments/test/popup_menu_button_test.dart:18:32 • undefined_function
  error • Target of URI doesn't exist: 'package:a11y_assessments/use_cases/radio_list_tile.dart'. Try creating the file referenced by the URI, or try using a URI for a file that does exist • flutter/dev/a11y_assessments/test/radio_list_tile_test.dart:5:8 • uri_does_not_exist
  error • The function 'RadioListTileUseCase' isn't defined. Try importing the library that defines 'RadioListTileUseCase', correcting the name to the name of an existing function, or defining a function named 'RadioListTileUseCase' • flutter/dev/a11y_assessments/test/radio_list_tile_test.dart:12:32 • undefined_function
  error • The function 'RadioListTileUseCase' isn't defined. Try importing the library that defines 'RadioListTileUseCase', correcting the name to the name of an existing function, or defining a function named 'RadioListTileUseCase' • flutter/dev/a11y_assessments/test/radio_list_tile_test.dart:18:32 • undefined_function
  error • Target of URI doesn't exist: 'package:a11y_assessments/use_cases/range_slider.dart'. Try creating the file referenced by the URI, or try using a URI for a file that does exist • flutter/dev/a11y_assessments/test/range_slider_test.dart:5:8 • uri_does_not_exist
  error • The function 'RangeSliderUseCase' isn't defined. Try importing the library that defines 'RangeSliderUseCase', correcting the name to the name of an existing function, or defining a function named 'RangeSliderUseCase' • flutter/dev/a11y_assessments/test/range_slider_test.dart:13:32 • undefined_function
  error • Target of URI doesn't exist: 'package:a11y_assessments/use_cases/segmented_button.dart'. Try creating the file referenced by the URI, or try using a URI for a file that does exist • flutter/dev/a11y_assessments/test/segmented_button_test.dart:5:8 • uri_does_not_exist
  error • The function 'SegmentedButtonUseCase' isn't defined. Try importing the library that defines 'SegmentedButtonUseCase', correcting the name to the name of an existing function, or defining a function named 'SegmentedButtonUseCase' • flutter/dev/a11y_assessments/test/segmented_button_test.dart:13:32 • undefined_function
  error • The function 'SegmentedButtonUseCase' isn't defined. Try importing the library that defines 'SegmentedButtonUseCase', correcting the name to the name of an existing function, or defining a function named 'SegmentedButtonUseCase' • flutter/dev/a11y_assessments/test/segmented_button_test.dart:18:32 • undefined_function
  error • Target of URI doesn't exist: 'package:a11y_assessments/use_cases/slider.dart'. Try creating the file referenced by the URI, or try using a URI for a file that does exist • flutter/dev/a11y_assessments/test/slider_test.dart:5:8 • uri_does_not_exist
  error • The function 'SliderUseCase' isn't defined. Try importing the library that defines 'SliderUseCase', correcting the name to the name of an existing function, or defining a function named 'SliderUseCase' • flutter/dev/a11y_assessments/test/slider_test.dart:13:32 • undefined_function
  error • Undefined class 'MainWidgetState'. Try changing the name to the name of an existing class, or creating a class with the name 'MainWidgetState' • flutter/dev/a11y_assessments/test/slider_test.dart:19:11 • undefined_class
  error • The name 'MainWidgetState' isn't a type, so it can't be used as a type argument. Try correcting the name to an existing type, or defining a type named 'MainWidgetState' • flutter/dev/a11y_assessments/test/slider_test.dart:19:48 • non_type_as_type_argument
  error • Undefined name 'MainWidget'. Try correcting the name to one that is defined, or defining the name • flutter/dev/a11y_assessments/test/slider_test.dart:19:77 • undefined_identifier
  error • The function 'SliderUseCase' isn't defined. Try importing the library that defines 'SliderUseCase', correcting the name to the name of an existing function, or defining a function named 'SliderUseCase' • flutter/dev/a11y_assessments/test/slider_test.dart:24:32 • undefined_function
  error • The function 'SliderUseCase' isn't defined. Try importing the library that defines 'SliderUseCase', correcting the name to the name of an existing function, or defining a function named 'SliderUseCase' • flutter/dev/a11y_assessments/test/slider_test.dart:30:32 • undefined_function
  error • Target of URI doesn't exist: 'package:a11y_assessments/use_cases/snack_bar.dart'. Try creating the file referenced by the URI, or try using a URI for a file that does exist • flutter/dev/a11y_assessments/test/snack_bar_test.dart:5:8 • uri_does_not_exist
  error • The function 'SnackBarUseCase' isn't defined. Try importing the library that defines 'SnackBarUseCase', correcting the name to the name of an existing function, or defining a function named 'SnackBarUseCase' • flutter/dev/a11y_assessments/test/snack_bar_test.dart:12:32 • undefined_function
  error • The function 'SnackBarUseCase' isn't defined. Try importing the library that defines 'SnackBarUseCase', correcting the name to the name of an existing function, or defining a function named 'SnackBarUseCase' • flutter/dev/a11y_assessments/test/snack_bar_test.dart:22:32 • undefined_function
  error • Target of URI doesn't exist: 'package:a11y_assessments/use_cases/switch_list_tile.dart'. Try creating the file referenced by the URI, or try using a URI for a file that does exist • flutter/dev/a11y_assessments/test/switch_list_tile_test.dart:5:8 • uri_does_not_exist
  error • The function 'SwitchListTileUseCase' isn't defined. Try importing the library that defines 'SwitchListTileUseCase', correcting the name to the name of an existing function, or defining a function named 'SwitchListTileUseCase' • flutter/dev/a11y_assessments/test/switch_list_tile_test.dart:13:32 • undefined_function
  error • The function 'SwitchListTileUseCase' isn't defined. Try importing the library that defines 'SwitchListTileUseCase', correcting the name to the name of an existing function, or defining a function named 'SwitchListTileUseCase' • flutter/dev/a11y_assessments/test/switch_list_tile_test.dart:18:32 • undefined_function
  error • Target of URI doesn't exist: 'package:a11y_assessments/use_cases/tab_bar_view.dart'. Try creating the file referenced by the URI, or try using a URI for a file that does exist • flutter/dev/a11y_assessments/test/tab_bar_view_test.dart:5:8 • uri_does_not_exist
  error • The function 'TabBarViewUseCase' isn't defined. Try importing the library that defines 'TabBarViewUseCase', correcting the name to the name of an existing function, or defining a function named 'TabBarViewUseCase' • flutter/dev/a11y_assessments/test/tab_bar_view_test.dart:13:32 • undefined_function
  error • Target of URI doesn't exist: 'package:a11y_assessments/use_cases/use_cases.dart'. Try creating the file referenced by the URI, or try using a URI for a file that does exist • flutter/dev/a11y_assessments/test/test_utils.dart:5:8 • uri_does_not_exist
  error • Undefined class 'UseCase'. Try changing the name to the name of an existing class, or creating a class with the name 'UseCase' • flutter/dev/a11y_assessments/test/test_utils.dart:9:48 • undefined_class
  error • Target of URI doesn't exist: 'package:a11y_assessments/use_cases/text_button.dart'. Try creating the file referenced by the URI, or try using a URI for a file that does exist • flutter/dev/a11y_assessments/test/text_button_test.dart:5:8 • uri_does_not_exist
  error • The function 'TextButtonUseCase' isn't defined. Try importing the library that defines 'TextButtonUseCase', correcting the name to the name of an existing function, or defining a function named 'TextButtonUseCase' • flutter/dev/a11y_assessments/test/text_button_test.dart:13:32 • undefined_function
  error • The function 'TextButtonUseCase' isn't defined. Try importing the library that defines 'TextButtonUseCase', correcting the name to the name of an existing function, or defining a function named 'TextButtonUseCase' • flutter/dev/a11y_assessments/test/text_button_test.dart:18:32 • undefined_function
  error • The function 'TextButtonUseCase' isn't defined. Try importing the library that defines 'TextButtonUseCase', correcting the name to the name of an existing function, or defining a function named 'TextButtonUseCase' • flutter/dev/a11y_assessments/test/text_button_test.dart:23:32 • undefined_function
  error • The function 'TextButtonUseCase' isn't defined. Try importing the library that defines 'TextButtonUseCase', correcting the name to the name of an existing function, or defining a function named 'TextButtonUseCase' • flutter/dev/a11y_assessments/test/text_button_test.dart:37:32 • undefined_function
  error • The function 'TextButtonUseCase' isn't defined. Try importing the library that defines 'TextButtonUseCase', correcting the name to the name of an existing function, or defining a function named 'TextButtonUseCase' • flutter/dev/a11y_assessments/test/text_button_test.dart:44:32 • undefined_function
  error • Target of URI doesn't exist: 'package:a11y_assessments/use_cases/text_field_password.dart'. Try creating the file referenced by the URI, or try using a URI for a file that does exist • flutter/dev/a11y_assessments/test/text_field_password_test.dart:5:8 • uri_does_not_exist
  error • The function 'TextFieldPasswordUseCase' isn't defined. Try importing the library that defines 'TextFieldPasswordUseCase', correcting the name to the name of an existing function, or defining a function named 'TextFieldPasswordUseCase' • flutter/dev/a11y_assessments/test/text_field_password_test.dart:13:32 • undefined_function
  error • The function 'TextFieldPasswordUseCase' isn't defined. Try importing the library that defines 'TextFieldPasswordUseCase', correcting the name to the name of an existing function, or defining a function named 'TextFieldPasswordUseCase' • flutter/dev/a11y_assessments/test/text_field_password_test.dart:35:32 • undefined_function
  error • The function 'TextFieldPasswordUseCase' isn't defined. Try importing the library that defines 'TextFieldPasswordUseCase', correcting the name to the name of an existing function, or defining a function named 'TextFieldPasswordUseCase' • flutter/dev/a11y_assessments/test/text_field_password_test.dart:54:32 • undefined_function
  error • Target of URI doesn't exist: 'package:a11y_assessments/use_cases/text_field.dart'. Try creating the file referenced by the URI, or try using a URI for a file that does exist • flutter/dev/a11y_assessments/test/text_field_test.dart:5:8 • uri_does_not_exist
  error • The function 'TextFieldUseCase' isn't defined. Try importing the library that defines 'TextFieldUseCase', correcting the name to the name of an existing function, or defining a function named 'TextFieldUseCase' • flutter/dev/a11y_assessments/test/text_field_test.dart:13:32 • undefined_function
  error • The function 'TextFieldUseCase' isn't defined. Try importing the library that defines 'TextFieldUseCase', correcting the name to the name of an existing function, or defining a function named 'TextFieldUseCase' • flutter/dev/a11y_assessments/test/text_field_test.dart:35:32 • undefined_function
  error • The function 'TextFieldUseCase' isn't defined. Try importing the library that defines 'TextFieldUseCase', correcting the name to the name of an existing function, or defining a function named 'TextFieldUseCase' • flutter/dev/a11y_assessments/test/text_field_test.dart:43:22 • undefined_function
  error • The function 'TextFieldUseCase' isn't defined. Try importing the library that defines 'TextFieldUseCase', correcting the name to the name of an existing function, or defining a function named 'TextFieldUseCase' • flutter/dev/a11y_assessments/test/text_field_test.dart:61:32 • undefined_function
  error • The function 'TextFieldUseCase' isn't defined. Try importing the library that defines 'TextFieldUseCase', correcting the name to the name of an existing function, or defining a function named 'TextFieldUseCase' • flutter/dev/a11y_assessments/test/text_field_test.dart:69:32 • undefined_function
  error • Target of URI doesn't exist: 'package:a11y_assessments/use_cases/toggle_buttons.dart'. Try creating the file referenced by the URI, or try using a URI for a file that does exist • flutter/dev/a11y_assessments/test/toggle_buttons_test.dart:7:8 • uri_does_not_exist
  error • The function 'ToggleButtonsUseCase' isn't defined. Try importing the library that defines 'ToggleButtonsUseCase', correcting the name to the name of an existing function, or defining a function named 'ToggleButtonsUseCase' • flutter/dev/a11y_assessments/test/toggle_buttons_test.dart:15:32 • undefined_function
  error • The function 'ToggleButtonsUseCase' isn't defined. Try importing the library that defines 'ToggleButtonsUseCase', correcting the name to the name of an existing function, or defining a function named 'ToggleButtonsUseCase' • flutter/dev/a11y_assessments/test/toggle_buttons_test.dart:20:32 • undefined_function
  error • The function 'ToggleButtonsUseCase' isn't defined. Try importing the library that defines 'ToggleButtonsUseCase', correcting the name to the name of an existing function, or defining a function named 'ToggleButtonsUseCase' • flutter/dev/a11y_assessments/test/toggle_buttons_test.dart:45:32 • undefined_function
  error • Target of URI doesn't exist: 'package:test/test.dart'. Try creating the file referenced by the URI, or try using a URI for a file that does exist • flutter/dev/automated_tests/flutter_test/child_directory/second_trivial_test.dart:5:8 • uri_does_not_exist
  error • The function 'test' isn't defined. Try importing the library that defines 'test', correcting the name to the name of an existing function, or defining a function named 'test' • flutter/dev/automated_tests/flutter_test/child_directory/second_trivial_test.dart:8:3 • undefined_function
  error • Target of URI doesn't exist: 'package:test/test.dart'. Try creating the file referenced by the URI, or try using a URI for a file that does exist • flutter/dev/automated_tests/flutter_test/child_directory/trivial_test.dart:5:8 • uri_does_not_exist
  error • The function 'test' isn't defined. Try importing the library that defines 'test', correcting the name to the name of an existing function, or defining a function named 'test' • flutter/dev/automated_tests/flutter_test/child_directory/trivial_test.dart:8:3 • undefined_function
  error • Target of URI doesn't exist: 'package:test/test.dart'. Try creating the file referenced by the URI, or try using a URI for a file that does exist • flutter/dev/automated_tests/flutter_test/filtering_tag_test.dart:5:8 • uri_does_not_exist
  error • The function 'test' isn't defined. Try importing the library that defines 'test', correcting the name to the name of an existing function, or defining a function named 'test' • flutter/dev/automated_tests/flutter_test/filtering_tag_test.dart:8:3 • undefined_function
  error • The function 'expect' isn't defined. Try importing the library that defines 'expect', correcting the name to the name of an existing function, or defining a function named 'expect' • flutter/dev/automated_tests/flutter_test/filtering_tag_test.dart:9:5 • undefined_function
  error • The function 'test' isn't defined. Try importing the library that defines 'test', correcting the name to the name of an existing function, or defining a function named 'test' • flutter/dev/automated_tests/flutter_test/filtering_tag_test.dart:11:3 • undefined_function
  error • Target of URI doesn't exist: 'package:test/test.dart'. Try creating the file referenced by the URI, or try using a URI for a file that does exist • flutter/dev/automated_tests/flutter_test/filtering_test.dart:5:8 • uri_does_not_exist
  error • The function 'test' isn't defined. Try importing the library that defines 'test', correcting the name to the name of an existing function, or defining a function named 'test' • flutter/dev/automated_tests/flutter_test/filtering_test.dart:8:3 • undefined_function
  error • The function 'expect' isn't defined. Try importing the library that defines 'expect', correcting the name to the name of an existing function, or defining a function named 'expect' • flutter/dev/automated_tests/flutter_test/filtering_test.dart:9:5 • undefined_function
  error • The function 'test' isn't defined. Try importing the library that defines 'test', correcting the name to the name of an existing function, or defining a function named 'test' • flutter/dev/automated_tests/flutter_test/filtering_test.dart:11:3 • undefined_function
  error • Target of URI doesn't exist: 'package:flutter_goldens/flutter_goldens.dart'. Try creating the file referenced by the URI, or try using a URI for a file that does exist • flutter/dev/automated_tests/flutter_test/flutter_gold_test.dart:11:8 • uri_does_not_exist
   info • Specify the type of a local variable when the type is non-obvious. Try adding a type annotation • flutter/dev/automated_tests/flutter_test/flutter_gold_test.dart:95:3 • specify_nonobvious_local_variable_types
  error • The function 'FlutterLocalFileComparator' isn't defined. Try importing the library that defines 'FlutterLocalFileComparator', correcting the name to the name of an existing function, or defining a function named 'FlutterLocalFileComparator' • flutter/dev/automated_tests/flutter_test/flutter_gold_test.dart:95:22 • undefined_function
  error • Classes and mixins can only implement other classes and mixins. Try specifying a class or mixin, or remove the name from the list • flutter/dev/automated_tests/flutter_test/flutter_gold_test.dart:140:50 • implements_non_class
   info • Unreachable member 'getExpectationForTest' in an executable library. Try referencing the member or removing it • flutter/dev/automated_tests/flutter_test/flutter_gold_test.dart:144:18 • unreachable_from_main
warning • The method doesn't override an inherited method. Try updating this class to match the superclass, or removing the override annotation • flutter/dev/automated_tests/flutter_test/flutter_gold_test.dart:144:18 • override_on_non_overriding_member
   info • Unreachable member 'getImageBytes' in an executable library. Try referencing the member or removing it • flutter/dev/automated_tests/flutter_test/flutter_gold_test.dart:153:21 • unreachable_from_main
warning • The method doesn't override an inherited method. Try updating this class to match the superclass, or removing the override annotation • flutter/dev/automated_tests/flutter_test/flutter_gold_test.dart:153:21 • override_on_non_overriding_member
   info • Unreachable member 'cleanTestName' in an executable library. Try referencing the member or removing it • flutter/dev/automated_tests/flutter_test/flutter_gold_test.dart:157:10 • unreachable_from_main
warning • The method doesn't override an inherited method. Try updating this class to match the superclass, or removing the override annotation • flutter/dev/automated_tests/flutter_test/flutter_gold_test.dart:157:10 • override_on_non_overriding_member
  error • Target of URI doesn't exist: 'package:test/test.dart'. Try creating the file referenced by the URI, or try using a URI for a file that does exist • flutter/dev/automated_tests/flutter_test/trivial_test.dart:5:8 • uri_does_not_exist
  error • The function 'test' isn't defined. Try importing the library that defines 'test', correcting the name to the name of an existing function, or defining a function named 'test' • flutter/dev/automated_tests/flutter_test/trivial_test.dart:8:3 • undefined_function
  error • Target of URI doesn't exist: 'package:test/test.dart'. Try creating the file referenced by the URI, or try using a URI for a file that does exist • flutter/dev/automated_tests/flutter_test/uri_format_test.dart:5:8 • uri_does_not_exist
  error • The function 'test' isn't defined. Try importing the library that defines 'test', correcting the name to the name of an existing function, or defining a function named 'test' • flutter/dev/automated_tests/flutter_test/uri_format_test.dart:11:3 • undefined_function
  error • The function 'expect' isn't defined. Try importing the library that defines 'expect', correcting the name to the name of an existing function, or defining a function named 'expect' • flutter/dev/automated_tests/flutter_test/uri_format_test.dart:12:5 • undefined_function
  error • The function 'test' isn't defined. Try importing the library that defines 'test', correcting the name to the name of an existing function, or defining a function named 'test' • flutter/dev/automated_tests/flutter_test/uri_format_test.dart:14:3 • undefined_function
  error • Target of URI doesn't exist: 'package:test/test.dart'. Try creating the file referenced by the URI, or try using a URI for a file that does exist • flutter/dev/automated_tests/flutter_test/working_directory_test.dart:6:8 • uri_does_not_exist
  error • The function 'test' isn't defined. Try importing the library that defines 'test', correcting the name to the name of an existing function, or defining a function named 'test' • flutter/dev/automated_tests/flutter_test/working_directory_test.dart:9:3 • undefined_function
  error • The function 'expect' isn't defined. Try importing the library that defines 'expect', correcting the name to the name of an existing function, or defining a function named 'expect' • flutter/dev/automated_tests/flutter_test/working_directory_test.dart:10:5 • undefined_function
  error • The function 'endsWith' isn't defined. Try importing the library that defines 'endsWith', correcting the name to the name of an existing function, or defining a function named 'endsWith' • flutter/dev/automated_tests/flutter_test/working_directory_test.dart:10:36 • undefined_function
  error • Target of URI doesn't exist: 'package:complex_layout/main.dart'. Try creating the file referenced by the URI, or try using a URI for a file that does exist • flutter/dev/benchmarks/complex_layout/test/measure_scroll_smoothness.dart:9:8 • uri_does_not_exist
  error • Target of URI doesn't exist: 'package:integration_test/integration_test.dart'. Try creating the file referenced by the URI, or try using a URI for a file that does exist • flutter/dev/benchmarks/complex_layout/test/measure_scroll_smoothness.dart:13:8 • uri_does_not_exist
  error • Undefined class 'IntegrationTestWidgetsFlutterBinding'. Try changing the name to the name of an existing class, or creating a class with the name 'IntegrationTestWidgetsFlutterBinding' • flutter/dev/benchmarks/complex_layout/test/measure_scroll_smoothness.dart:49:9 • undefined_class
  error • Undefined name 'IntegrationTestWidgetsFlutterBinding'. Try correcting the name to one that is defined, or defining the name • flutter/dev/benchmarks/complex_layout/test/measure_scroll_smoothness.dart:94:41 • undefined_identifier
  error • The name 'IntegrationTestWidgetsFlutterBinding' isn't defined, so it can't be used in an 'is' expression. Try changing the name to the name of an existing type, or creating a type with the name 'IntegrationTestWidgetsFlutterBinding' • flutter/dev/benchmarks/complex_layout/test/measure_scroll_smoothness.dart:95:28 • type_test_with_undefined_name
  error • The name 'IntegrationTestWidgetsFlutterBinding' isn't a type, so it can't be used in an 'as' expression. Try changing the name to the name of an existing type, or creating a type with the name 'IntegrationTestWidgetsFlutterBinding' • flutter/dev/benchmarks/complex_layout/test/measure_scroll_smoothness.dart:96:37 • cast_to_non_type
  error • Target of URI doesn't exist: 'package:integration_test/integration_test_driver.dart'. Try creating the file referenced by the URI, or try using a URI for a file that does exist • flutter/dev/benchmarks/complex_layout/test_driver/measure_scroll_smoothness_test.dart:7:8 • uri_does_not_exist
  error • Target of URI doesn't exist: 'package:complex_layout/main.dart'. Try creating the file referenced by the URI, or try using a URI for a file that does exist • flutter/dev/benchmarks/complex_layout/test_driver/scroll_perf.dart:5:8 • uri_does_not_exist
  error • Target of URI doesn't exist: 'package:flutter_driver/driver_extension.dart'. Try creating the file referenced by the URI, or try using a URI for a file that does exist • flutter/dev/benchmarks/complex_layout/test_driver/scroll_perf.dart:6:8 • uri_does_not_exist
  error • The function 'enableFlutterDriverExtension' isn't defined. Try importing the library that defines 'enableFlutterDriverExtension', correcting the name to the name of an existing function, or defining a function named 'enableFlutterDriverExtension' • flutter/dev/benchmarks/complex_layout/test_driver/scroll_perf.dart:9:3 • undefined_function
  error • Target of URI doesn't exist: 'package:complex_layout/main_bad.dart'. Try creating the file referenced by the URI, or try using a URI for a file that does exist • flutter/dev/benchmarks/complex_layout/test_driver/scroll_perf_bad.dart:5:8 • uri_does_not_exist
  error • Target of URI doesn't exist: 'package:flutter_driver/driver_extension.dart'. Try creating the file referenced by the URI, or try using a URI for a file that does exist • flutter/dev/benchmarks/complex_layout/test_driver/scroll_perf_bad.dart:6:8 • uri_does_not_exist
  error • The function 'enableFlutterDriverExtension' isn't defined. Try importing the library that defines 'enableFlutterDriverExtension', correcting the name to the name of an existing function, or defining a function named 'enableFlutterDriverExtension' • flutter/dev/benchmarks/complex_layout/test_driver/scroll_perf_bad.dart:9:3 • undefined_function
  error • Target of URI doesn't exist: 'package:flutter_driver/flutter_driver.dart'. Try creating the file referenced by the URI, or try using a URI for a file that does exist • flutter/dev/benchmarks/complex_layout/test_driver/scroll_perf_bad_test.dart:7:8 • uri_does_not_exist
  error • Target of URI doesn't exist: 'package:test/test.dart'. Try creating the file referenced by the URI, or try using a URI for a file that does exist • flutter/dev/benchmarks/complex_layout/test_driver/scroll_perf_bad_test.dart:8:8 • uri_does_not_exist
  error • The function 'group' isn't defined. Try importing the library that defines 'group', correcting the name to the name of an existing function, or defining a function named 'group' • flutter/dev/benchmarks/complex_layout/test_driver/scroll_perf_bad_test.dart:11:3 • undefined_function
  error • Undefined class 'FlutterDriver'. Try changing the name to the name of an existing class, or creating a class with the name 'FlutterDriver' • flutter/dev/benchmarks/complex_layout/test_driver/scroll_perf_bad_test.dart:12:10 • undefined_class
  error • The function 'setUpAll' isn't defined. Try importing the library that defines 'setUpAll', correcting the name to the name of an existing function, or defining a function named 'setUpAll' • flutter/dev/benchmarks/complex_layout/test_driver/scroll_perf_bad_test.dart:14:5 • undefined_function
  error • Undefined name 'FlutterDriver'. Try correcting the name to one that is defined, or defining the name • flutter/dev/benchmarks/complex_layout/test_driver/scroll_perf_bad_test.dart:15:22 • undefined_identifier
  error • The function 'tearDownAll' isn't defined. Try importing the library that defines 'tearDownAll', correcting the name to the name of an existing function, or defining a function named 'tearDownAll' • flutter/dev/benchmarks/complex_layout/test_driver/scroll_perf_bad_test.dart:20:5 • undefined_function
  error • Undefined class 'Timeline'. Try changing the name to the name of an existing class, or creating a class with the name 'Timeline' • flutter/dev/benchmarks/complex_layout/test_driver/scroll_perf_bad_test.dart:31:13 • undefined_class
  error • Undefined class 'SerializableFinder'. Try changing the name to the name of an existing class, or creating a class with the name 'SerializableFinder' • flutter/dev/benchmarks/complex_layout/test_driver/scroll_perf_bad_test.dart:33:15 • undefined_class
  error • Undefined name 'find'. Try correcting the name to one that is defined, or defining the name • flutter/dev/benchmarks/complex_layout/test_driver/scroll_perf_bad_test.dart:33:41 • undefined_identifier
  error • The function 'expect' isn't defined. Try importing the library that defines 'expect', correcting the name to the name of an existing function, or defining a function named 'expect' • flutter/dev/benchmarks/complex_layout/test_driver/scroll_perf_bad_test.dart:34:9 • undefined_function
  error • Undefined name 'isNotNull'. Try correcting the name to one that is defined, or defining the name • flutter/dev/benchmarks/complex_layout/test_driver/scroll_perf_bad_test.dart:34:22 • undefined_identifier
   info • Specify the type of a local variable when the type is non-obvious. Try adding a type annotation • flutter/dev/benchmarks/complex_layout/test_driver/scroll_perf_bad_test.dart:49:7 • specify_nonobvious_local_variable_types
  error • Undefined name 'TimelineSummary'. Try correcting the name to one that is defined, or defining the name • flutter/dev/benchmarks/complex_layout/test_driver/scroll_perf_bad_test.dart:49:23 • undefined_identifier
  error • The function 'test' isn't defined. Try importing the library that defines 'test', correcting the name to the name of an existing function, or defining a function named 'test' • flutter/dev/benchmarks/complex_layout/test_driver/scroll_perf_bad_test.dart:53:5 • undefined_function
  error • Undefined name 'Timeout'. Try correcting the name to one that is defined, or defining the name • flutter/dev/benchmarks/complex_layout/test_driver/scroll_perf_bad_test.dart:55:17 • undefined_identifier
  error • Target of URI doesn't exist: 'package:flutter_driver/flutter_driver.dart'. Try creating the file referenced by the URI, or try using a URI for a file that does exist • flutter/dev/benchmarks/complex_layout/test_driver/scroll_perf_test.dart:7:8 • uri_does_not_exist
  error • Target of URI doesn't exist: 'package:test/test.dart'. Try creating the file referenced by the URI, or try using a URI for a file that does exist • flutter/dev/benchmarks/complex_layout/test_driver/scroll_perf_test.dart:8:8 • uri_does_not_exist
  error • The function 'group' isn't defined. Try importing the library that defines 'group', correcting the name to the name of an existing function, or defining a function named 'group' • flutter/dev/benchmarks/complex_layout/test_driver/scroll_perf_test.dart:11:3 • undefined_function
  error • Undefined class 'FlutterDriver'. Try changing the name to the name of an existing class, or creating a class with the name 'FlutterDriver' • flutter/dev/benchmarks/complex_layout/test_driver/scroll_perf_test.dart:12:10 • undefined_class
  error • The function 'setUpAll' isn't defined. Try importing the library that defines 'setUpAll', correcting the name to the name of an existing function, or defining a function named 'setUpAll' • flutter/dev/benchmarks/complex_layout/test_driver/scroll_perf_test.dart:14:5 • undefined_function
  error • Undefined name 'FlutterDriver'. Try correcting the name to one that is defined, or defining the name • flutter/dev/benchmarks/complex_layout/test_driver/scroll_perf_test.dart:15:22 • undefined_identifier
  error • The function 'tearDownAll' isn't defined. Try importing the library that defines 'tearDownAll', correcting the name to the name of an existing function, or defining a function named 'tearDownAll' • flutter/dev/benchmarks/complex_layout/test_driver/scroll_perf_test.dart:20:5 • undefined_function
  error • Undefined class 'Timeline'. Try changing the name to the name of an existing class, or creating a class with the name 'Timeline' • flutter/dev/benchmarks/complex_layout/test_driver/scroll_perf_test.dart:33:13 • undefined_class
  error • Undefined class 'SerializableFinder'. Try changing the name to the name of an existing class, or creating a class with the name 'SerializableFinder' • flutter/dev/benchmarks/complex_layout/test_driver/scroll_perf_test.dart:35:15 • undefined_class
  error • Undefined name 'find'. Try correcting the name to one that is defined, or defining the name • flutter/dev/benchmarks/complex_layout/test_driver/scroll_perf_test.dart:35:41 • undefined_identifier
  error • The function 'expect' isn't defined. Try importing the library that defines 'expect', correcting the name to the name of an existing function, or defining a function named 'expect' • flutter/dev/benchmarks/complex_layout/test_driver/scroll_perf_test.dart:36:9 • undefined_function
  error • Undefined name 'isNotNull'. Try correcting the name to one that is defined, or defining the name • flutter/dev/benchmarks/complex_layout/test_driver/scroll_perf_test.dart:36:22 • undefined_identifier
   info • Specify the type of a local variable when the type is non-obvious. Try adding a type annotation • flutter/dev/benchmarks/complex_layout/test_driver/scroll_perf_test.dart:51:7 • specify_nonobvious_local_variable_types
  error • Undefined name 'TimelineSummary'. Try correcting the name to one that is defined, or defining the name • flutter/dev/benchmarks/complex_layout/test_driver/scroll_perf_test.dart:51:23 • undefined_identifier
  error • The function 'test' isn't defined. Try importing the library that defines 'test', correcting the name to the name of an existing function, or defining a function named 'test' • flutter/dev/benchmarks/complex_layout/test_driver/scroll_perf_test.dart:55:5 • undefined_function
  error • Undefined name 'Timeout'. Try correcting the name to one that is defined, or defining the name • flutter/dev/benchmarks/complex_layout/test_driver/scroll_perf_test.dart:57:17 • undefined_identifier
  error • The function 'test' isn't defined. Try importing the library that defines 'test', correcting the name to the name of an existing function, or defining a function named 'test' • flutter/dev/benchmarks/complex_layout/test_driver/scroll_perf_test.dart:59:5 • undefined_function
  error • Undefined name 'find'. Try correcting the name to one that is defined, or defining the name • flutter/dev/benchmarks/complex_layout/test_driver/scroll_perf_test.dart:60:24 • undefined_identifier
  error • Undefined name 'find'. Try correcting the name to one that is defined, or defining the name • flutter/dev/benchmarks/complex_layout/test_driver/scroll_perf_test.dart:61:24 • undefined_identifier
  error • Undefined name 'Timeout'. Try correcting the name to one that is defined, or defining the name • flutter/dev/benchmarks/complex_layout/test_driver/scroll_perf_test.dart:63:17 • undefined_identifier
  error • Target of URI doesn't exist: 'package:complex_layout/main.dart'. Try creating the file referenced by the URI, or try using a URI for a file that does exist • flutter/dev/benchmarks/complex_layout/test_driver/semantics_perf.dart:5:8 • uri_does_not_exist
  error • Target of URI doesn't exist: 'package:flutter_driver/driver_extension.dart'. Try creating the file referenced by the URI, or try using a URI for a file that does exist • flutter/dev/benchmarks/complex_layout/test_driver/semantics_perf.dart:6:8 • uri_does_not_exist
  error • The function 'enableFlutterDriverExtension' isn't defined. Try importing the library that defines 'enableFlutterDriverExtension', correcting the name to the name of an existing function, or defining a function named 'enableFlutterDriverExtension' • flutter/dev/benchmarks/complex_layout/test_driver/semantics_perf.dart:9:3 • undefined_function
  error • Target of URI doesn't exist: 'package:flutter_driver/flutter_driver.dart'. Try creating the file referenced by the URI, or try using a URI for a file that does exist • flutter/dev/benchmarks/complex_layout/test_driver/semantics_perf_test.dart:9:8 • uri_does_not_exist
  error • Target of URI doesn't exist: 'package:test/test.dart'. Try creating the file referenced by the URI, or try using a URI for a file that does exist • flutter/dev/benchmarks/complex_layout/test_driver/semantics_perf_test.dart:11:8 • uri_does_not_exist
  error • The function 'group' isn't defined. Try importing the library that defines 'group', correcting the name to the name of an existing function, or defining a function named 'group' • flutter/dev/benchmarks/complex_layout/test_driver/semantics_perf_test.dart:14:3 • undefined_function
  error • Undefined class 'FlutterDriver'. Try changing the name to the name of an existing class, or creating a class with the name 'FlutterDriver' • flutter/dev/benchmarks/complex_layout/test_driver/semantics_perf_test.dart:15:10 • undefined_class
  error • The function 'setUpAll' isn't defined. Try importing the library that defines 'setUpAll', correcting the name to the name of an existing function, or defining a function named 'setUpAll' • flutter/dev/benchmarks/complex_layout/test_driver/semantics_perf_test.dart:17:5 • undefined_function
  error • Undefined name 'FlutterDriver'. Try correcting the name to one that is defined, or defining the name • flutter/dev/benchmarks/complex_layout/test_driver/semantics_perf_test.dart:33:22 • undefined_identifier
  error • The function 'tearDownAll' isn't defined. Try importing the library that defines 'tearDownAll', correcting the name to the name of an existing function, or defining a function named 'tearDownAll' • flutter/dev/benchmarks/complex_layout/test_driver/semantics_perf_test.dart:36:5 • undefined_function
  error • The function 'test' isn't defined. Try importing the library that defines 'test', correcting the name to the name of an existing function, or defining a function named 'test' • flutter/dev/benchmarks/complex_layout/test_driver/semantics_perf_test.dart:40:5 • undefined_function
  error • Undefined class 'Timeline'. Try changing the name to the name of an existing class, or creating a class with the name 'Timeline' • flutter/dev/benchmarks/complex_layout/test_driver/semantics_perf_test.dart:46:13 • undefined_class
  error • The function 'expect' isn't defined. Try importing the library that defines 'expect', correcting the name to the name of an existing function, or defining a function named 'expect' • flutter/dev/benchmarks/complex_layout/test_driver/semantics_perf_test.dart:47:9 • undefined_function
  error • Undefined name 'isTrue'. Try correcting the name to one that is defined, or defining the name • flutter/dev/benchmarks/complex_layout/test_driver/semantics_perf_test.dart:49:11 • undefined_identifier
  error • The name 'TimelineEvent' isn't a type, so it can't be used as a type argument. Try correcting the name to an existing type, or defining a type named 'TimelineEvent' • flutter/dev/benchmarks/complex_layout/test_driver/semantics_perf_test.dart:57:22 • non_type_as_type_argument
  error • Undefined class 'TimelineEvent'. Try changing the name to the name of an existing class, or creating a class with the name 'TimelineEvent' • flutter/dev/benchmarks/complex_layout/test_driver/semantics_perf_test.dart:58:10 • undefined_class
  error • The function 'fail' isn't defined. Try importing the library that defines 'fail', correcting the name to the name of an existing function, or defining a function named 'fail' • flutter/dev/benchmarks/complex_layout/test_driver/semantics_perf_test.dart:61:9 • undefined_function
  error • Undefined name 'testOutputsDirectory'. Try correcting the name to one that is defined, or defining the name • flutter/dev/benchmarks/complex_layout/test_driver/semantics_perf_test.dart:74:16 • undefined_identifier
  error • Undefined name 'Timeout'. Try correcting the name to one that is defined, or defining the name • flutter/dev/benchmarks/complex_layout/test_driver/semantics_perf_test.dart:76:17 • undefined_identifier
  error • Target of URI doesn't exist: 'package:complex_layout/src/app.dart'. Try creating the file referenced by the URI, or try using a URI for a file that does exist • flutter/dev/benchmarks/complex_layout/test_memory/scroll_perf.dart:7:8 • uri_does_not_exist
  error • Invalid constant value • flutter/dev/benchmarks/complex_layout/test_memory/scroll_perf.dart:31:41 • invalid_constant
  error • The function 'ComplexLayoutApp' isn't defined. Try importing the library that defines 'ComplexLayoutApp', correcting the name to the name of an existing function, or defining a function named 'ComplexLayoutApp' • flutter/dev/benchmarks/complex_layout/test_memory/scroll_perf.dart:31:41 • undefined_function
  error • Invalid constant value • flutter/dev/benchmarks/complex_layout/test_memory/scroll_perf.dart:44:77 • invalid_constant
  error • The function 'ComplexLayoutApp' isn't defined. Try importing the library that defines 'ComplexLayoutApp', correcting the name to the name of an existing function, or defining a function named 'ComplexLayoutApp' • flutter/dev/benchmarks/complex_layout/test_memory/scroll_perf.dart:44:77 • undefined_function
  error • Target of URI doesn't exist: 'package:macrobenchmarks/common.dart'. Try creating the file referenced by the URI, or try using a URI for a file that does exist • flutter/dev/benchmarks/macrobenchmarks/test/animated_complex_image_filtered_perf_e2e.dart:5:8 • uri_does_not_exist
  error • Undefined name 'kAnimatedComplexImageFilteredPerfRouteName'. Try correcting the name to one that is defined, or defining the name • flutter/dev/benchmarks/macrobenchmarks/test/animated_complex_image_filtered_perf_e2e.dart:12:5 • undefined_identifier
  error • Target of URI doesn't exist: 'package:macrobenchmarks/common.dart'. Try creating the file referenced by the URI, or try using a URI for a file that does exist • flutter/dev/benchmarks/macrobenchmarks/test/animated_complex_opacity_perf_e2e.dart:5:8 • uri_does_not_exist
  error • Undefined name 'kAnimatedComplexOpacityPerfRouteName'. Try correcting the name to one that is defined, or defining the name • flutter/dev/benchmarks/macrobenchmarks/test/animated_complex_opacity_perf_e2e.dart:12:5 • undefined_identifier
  error • Target of URI doesn't exist: 'package:macrobenchmarks/common.dart'. Try creating the file referenced by the URI, or try using a URI for a file that does exist • flutter/dev/benchmarks/macrobenchmarks/test/animated_placeholder_perf_e2e.dart:5:8 • uri_does_not_exist
  error • Undefined name 'kAnimatedPlaceholderRouteName'. Try correcting the name to one that is defined, or defining the name • flutter/dev/benchmarks/macrobenchmarks/test/animated_placeholder_perf_e2e.dart:12:5 • undefined_identifier
  error • Target of URI doesn't exist: 'package:macrobenchmarks/common.dart'. Try creating the file referenced by the URI, or try using a URI for a file that does exist • flutter/dev/benchmarks/macrobenchmarks/test/backdrop_filter_perf_e2e.dart:5:8 • uri_does_not_exist
  error • Undefined name 'kBackdropFilterRouteName'. Try correcting the name to one that is defined, or defining the name • flutter/dev/benchmarks/macrobenchmarks/test/backdrop_filter_perf_e2e.dart:12:5 • undefined_identifier
  error • Target of URI doesn't exist: 'package:macrobenchmarks/common.dart'. Try creating the file referenced by the URI, or try using a URI for a file that does exist • flutter/dev/benchmarks/macrobenchmarks/test/clipper_cache_perf_e2e.dart:5:8 • uri_does_not_exist
  error • Undefined name 'kClipperCacheRouteName'. Try correcting the name to one that is defined, or defining the name • flutter/dev/benchmarks/macrobenchmarks/test/clipper_cache_perf_e2e.dart:12:5 • undefined_identifier
  error • Target of URI doesn't exist: 'package:macrobenchmarks/common.dart'. Try creating the file referenced by the URI, or try using a URI for a file that does exist • flutter/dev/benchmarks/macrobenchmarks/test/color_filter_and_fade_perf_e2e.dart:5:8 • uri_does_not_exist
  error • Undefined name 'kColorFilterAndFadeRouteName'. Try correcting the name to one that is defined, or defining the name • flutter/dev/benchmarks/macrobenchmarks/test/color_filter_and_fade_perf_e2e.dart:12:5 • undefined_identifier
  error • Target of URI doesn't exist: 'package:macrobenchmarks/common.dart'. Try creating the file referenced by the URI, or try using a URI for a file that does exist • flutter/dev/benchmarks/macrobenchmarks/test/color_filter_cache_perf_e2e.dart:5:8 • uri_does_not_exist
  error • Undefined name 'kColorFilterCacheRouteName'. Try correcting the name to one that is defined, or defining the name • flutter/dev/benchmarks/macrobenchmarks/test/color_filter_cache_perf_e2e.dart:12:5 • undefined_identifier
  error • Target of URI doesn't exist: 'package:macrobenchmarks/common.dart'. Try creating the file referenced by the URI, or try using a URI for a file that does exist • flutter/dev/benchmarks/macrobenchmarks/test/color_filter_with_unstable_child_perf_e2e.dart:5:8 • uri_does_not_exist
  error • Undefined name 'kColorFilterWithUnstableChildName'. Try correcting the name to one that is defined, or defining the name • flutter/dev/benchmarks/macrobenchmarks/test/color_filter_with_unstable_child_perf_e2e.dart:12:5 • undefined_identifier
  error • Target of URI doesn't exist: 'package:macrobenchmarks/common.dart'. Try creating the file referenced by the URI, or try using a URI for a file that does exist • flutter/dev/benchmarks/macrobenchmarks/test/cubic_bezier_perf_e2e.dart:5:8 • uri_does_not_exist
  error • Undefined name 'kCubicBezierRouteName'. Try correcting the name to one that is defined, or defining the name • flutter/dev/benchmarks/macrobenchmarks/test/cubic_bezier_perf_e2e.dart:10:41 • undefined_identifier
  error • Target of URI doesn't exist: 'package:macrobenchmarks/common.dart'. Try creating the file referenced by the URI, or try using a URI for a file that does exist • flutter/dev/benchmarks/macrobenchmarks/test/cull_opacity_perf_e2e.dart:8:8 • uri_does_not_exist
  error • Undefined name 'kCullOpacityRouteName'. Try correcting the name to one that is defined, or defining the name • flutter/dev/benchmarks/macrobenchmarks/test/cull_opacity_perf_e2e.dart:15:5 • undefined_identifier
  error • Target of URI doesn't exist: 'package:macrobenchmarks/common.dart'. Try creating the file referenced by the URI, or try using a URI for a file that does exist • flutter/dev/benchmarks/macrobenchmarks/test/fullscreen_textfield_perf_e2e.dart:7:8 • uri_does_not_exist
  error • Undefined name 'kFullscreenTextRouteName'. Try correcting the name to one that is defined, or defining the name • flutter/dev/benchmarks/macrobenchmarks/test/fullscreen_textfield_perf_e2e.dart:14:5 • undefined_identifier
  error • Target of URI doesn't exist: 'package:macrobenchmarks/common.dart'. Try creating the file referenced by the URI, or try using a URI for a file that does exist • flutter/dev/benchmarks/macrobenchmarks/test/gradient_consistent_perf_e2e.dart:5:8 • uri_does_not_exist
  error • Undefined name 'kScrollableName'. Try correcting the name to one that is defined, or defining the name • flutter/dev/benchmarks/macrobenchmarks/test/gradient_consistent_perf_e2e.dart:13:29 • undefined_identifier
  error • Undefined name 'kGradientPerfRouteName'. Try correcting the name to one that is defined, or defining the name • flutter/dev/benchmarks/macrobenchmarks/test/gradient_consistent_perf_e2e.dart:13:46 • undefined_identifier
  error • Undefined name 'kGradientPerfScrollableName'. Try correcting the name to one that is defined, or defining the name • flutter/dev/benchmarks/macrobenchmarks/test/gradient_consistent_perf_e2e.dart:14:29 • undefined_identifier
  error • Undefined name 'kGradientPerfRecreateConsistentRouteName'. Try correcting the name to one that is defined, or defining the name • flutter/dev/benchmarks/macrobenchmarks/test/gradient_consistent_perf_e2e.dart:14:58 • undefined_identifier
  error • Target of URI doesn't exist: 'package:macrobenchmarks/common.dart'. Try creating the file referenced by the URI, or try using a URI for a file that does exist • flutter/dev/benchmarks/macrobenchmarks/test/gradient_dynamic_perf_e2e.dart:5:8 • uri_does_not_exist
  error • Undefined name 'kScrollableName'. Try correcting the name to one that is defined, or defining the name • flutter/dev/benchmarks/macrobenchmarks/test/gradient_dynamic_perf_e2e.dart:13:29 • undefined_identifier
  error • Undefined name 'kGradientPerfRouteName'. Try correcting the name to one that is defined, or defining the name • flutter/dev/benchmarks/macrobenchmarks/test/gradient_dynamic_perf_e2e.dart:13:46 • undefined_identifier
  error • Undefined name 'kGradientPerfScrollableName'. Try correcting the name to one that is defined, or defining the name • flutter/dev/benchmarks/macrobenchmarks/test/gradient_dynamic_perf_e2e.dart:14:29 • undefined_identifier
  error • Undefined name 'kGradientPerfRecreateDynamicRouteName'. Try correcting the name to one that is defined, or defining the name • flutter/dev/benchmarks/macrobenchmarks/test/gradient_dynamic_perf_e2e.dart:14:58 • undefined_identifier
  error • Target of URI doesn't exist: 'package:macrobenchmarks/common.dart'. Try creating the file referenced by the URI, or try using a URI for a file that does exist • flutter/dev/benchmarks/macrobenchmarks/test/gradient_static_perf_e2e.dart:5:8 • uri_does_not_exist
  error • Undefined name 'kScrollableName'. Try correcting the name to one that is defined, or defining the name • flutter/dev/benchmarks/macrobenchmarks/test/gradient_static_perf_e2e.dart:13:29 • undefined_identifier
  error • Undefined name 'kGradientPerfRouteName'. Try correcting the name to one that is defined, or defining the name • flutter/dev/benchmarks/macrobenchmarks/test/gradient_static_perf_e2e.dart:13:46 • undefined_identifier
  error • Undefined name 'kGradientPerfScrollableName'. Try correcting the name to one that is defined, or defining the name • flutter/dev/benchmarks/macrobenchmarks/test/gradient_static_perf_e2e.dart:14:29 • undefined_identifier
  error • Undefined name 'kGradientPerfStaticConsistentRouteName'. Try correcting the name to one that is defined, or defining the name • flutter/dev/benchmarks/macrobenchmarks/test/gradient_static_perf_e2e.dart:14:58 • undefined_identifier
  error • Target of URI doesn't exist: 'package:macrobenchmarks/common.dart'. Try creating the file referenced by the URI, or try using a URI for a file that does exist • flutter/dev/benchmarks/macrobenchmarks/test/list_text_layout_perf_e2e.dart:5:8 • uri_does_not_exist
  error • Undefined name 'kListTextLayoutRouteName'. Try correcting the name to one that is defined, or defining the name • flutter/dev/benchmarks/macrobenchmarks/test/list_text_layout_perf_e2e.dart:12:5 • undefined_identifier
  error • Target of URI doesn't exist: 'package:macrobenchmarks/common.dart'. Try creating the file referenced by the URI, or try using a URI for a file that does exist • flutter/dev/benchmarks/macrobenchmarks/test/multi_widget_construction_perf_e2e.dart:5:8 • uri_does_not_exist
  error • Undefined name 'kMultiWidgetConstructionRouteName'. Try correcting the name to one that is defined, or defining the name • flutter/dev/benchmarks/macrobenchmarks/test/multi_widget_construction_perf_e2e.dart:12:5 • undefined_identifier
  error • Target of URI doesn't exist: 'package:macrobenchmarks/common.dart'. Try creating the file referenced by the URI, or try using a URI for a file that does exist • flutter/dev/benchmarks/macrobenchmarks/test/opacity_peephole_col_of_alpha_savelayer_rows_perf_e2e.dart:5:8 • uri_does_not_exist
  error • Undefined name 'kScrollableName'. Try correcting the name to one that is defined, or defining the name • flutter/dev/benchmarks/macrobenchmarks/test/opacity_peephole_col_of_alpha_savelayer_rows_perf_e2e.dart:13:29 • undefined_identifier
  error • Undefined name 'kOpacityPeepholeRouteName'. Try correcting the name to one that is defined, or defining the name • flutter/dev/benchmarks/macrobenchmarks/test/opacity_peephole_col_of_alpha_savelayer_rows_perf_e2e.dart:13:46 • undefined_identifier
  error • Undefined name 'kOpacityScrollableName'. Try correcting the name to one that is defined, or defining the name • flutter/dev/benchmarks/macrobenchmarks/test/opacity_peephole_col_of_alpha_savelayer_rows_perf_e2e.dart:15:9 • undefined_identifier
  error • Undefined name 'kOpacityPeepholeColumnOfAlphaSaveLayerRowsOfRectsRouteName'. Try correcting the name to one that is defined, or defining the name • flutter/dev/benchmarks/macrobenchmarks/test/opacity_peephole_col_of_alpha_savelayer_rows_perf_e2e.dart:16:9 • undefined_identifier
  error • Target of URI doesn't exist: 'package:macrobenchmarks/common.dart'. Try creating the file referenced by the URI, or try using a URI for a file that does exist • flutter/dev/benchmarks/macrobenchmarks/test/opacity_peephole_col_of_rows_perf_e2e.dart:5:8 • uri_does_not_exist
  error • Undefined name 'kScrollableName'. Try correcting the name to one that is defined, or defining the name • flutter/dev/benchmarks/macrobenchmarks/test/opacity_peephole_col_of_rows_perf_e2e.dart:13:29 • undefined_identifier
  error • Undefined name 'kOpacityPeepholeRouteName'. Try correcting the name to one that is defined, or defining the name • flutter/dev/benchmarks/macrobenchmarks/test/opacity_peephole_col_of_rows_perf_e2e.dart:13:46 • undefined_identifier
  error • Undefined name 'kOpacityScrollableName'. Try correcting the name to one that is defined, or defining the name • flutter/dev/benchmarks/macrobenchmarks/test/opacity_peephole_col_of_rows_perf_e2e.dart:14:29 • undefined_identifier
  error • Undefined name 'kOpacityPeepholeOpacityOfColOfRowsRouteName'. Try correcting the name to one that is defined, or defining the name • flutter/dev/benchmarks/macrobenchmarks/test/opacity_peephole_col_of_rows_perf_e2e.dart:14:53 • undefined_identifier
  error • Target of URI doesn't exist: 'package:macrobenchmarks/common.dart'. Try creating the file referenced by the URI, or try using a URI for a file that does exist • flutter/dev/benchmarks/macrobenchmarks/test/opacity_peephole_fade_transition_text_perf_e2e.dart:5:8 • uri_does_not_exist
  error • Undefined name 'kScrollableName'. Try correcting the name to one that is defined, or defining the name • flutter/dev/benchmarks/macrobenchmarks/test/opacity_peephole_fade_transition_text_perf_e2e.dart:13:29 • undefined_identifier
  error • Undefined name 'kOpacityPeepholeRouteName'. Try correcting the name to one that is defined, or defining the name • flutter/dev/benchmarks/macrobenchmarks/test/opacity_peephole_fade_transition_text_perf_e2e.dart:13:46 • undefined_identifier
  error • Undefined name 'kOpacityScrollableName'. Try correcting the name to one that is defined, or defining the name • flutter/dev/benchmarks/macrobenchmarks/test/opacity_peephole_fade_transition_text_perf_e2e.dart:14:29 • undefined_identifier
  error • Undefined name 'kOpacityPeepholeFadeTransitionTextRouteName'. Try correcting the name to one that is defined, or defining the name • flutter/dev/benchmarks/macrobenchmarks/test/opacity_peephole_fade_transition_text_perf_e2e.dart:14:53 • undefined_identifier
  error • Target of URI doesn't exist: 'package:macrobenchmarks/common.dart'. Try creating the file referenced by the URI, or try using a URI for a file that does exist • flutter/dev/benchmarks/macrobenchmarks/test/opacity_peephole_grid_of_alpha_savelayers_perf_e2e.dart:5:8 • uri_does_not_exist
  error • Undefined name 'kScrollableName'. Try correcting the name to one that is defined, or defining the name • flutter/dev/benchmarks/macrobenchmarks/test/opacity_peephole_grid_of_alpha_savelayers_perf_e2e.dart:13:29 • undefined_identifier
  error • Undefined name 'kOpacityPeepholeRouteName'. Try correcting the name to one that is defined, or defining the name • flutter/dev/benchmarks/macrobenchmarks/test/opacity_peephole_grid_of_alpha_savelayers_perf_e2e.dart:13:46 • undefined_identifier
  error • Undefined name 'kOpacityScrollableName'. Try correcting the name to one that is defined, or defining the name • flutter/dev/benchmarks/macrobenchmarks/test/opacity_peephole_grid_of_alpha_savelayers_perf_e2e.dart:15:9 • undefined_identifier
  error • Undefined name 'kOpacityPeepholeGridOfAlphaSaveLayerRectsRouteName'. Try correcting the name to one that is defined, or defining the name • flutter/dev/benchmarks/macrobenchmarks/test/opacity_peephole_grid_of_alpha_savelayers_perf_e2e.dart:16:9 • undefined_identifier
  error • Target of URI doesn't exist: 'package:macrobenchmarks/common.dart'. Try creating the file referenced by the URI, or try using a URI for a file that does exist • flutter/dev/benchmarks/macrobenchmarks/test/opacity_peephole_grid_of_opacity_perf_e2e.dart:5:8 • uri_does_not_exist
  error • Undefined name 'kScrollableName'. Try correcting the name to one that is defined, or defining the name • flutter/dev/benchmarks/macrobenchmarks/test/opacity_peephole_grid_of_opacity_perf_e2e.dart:13:29 • undefined_identifier
  error • Undefined name 'kOpacityPeepholeRouteName'. Try correcting the name to one that is defined, or defining the name • flutter/dev/benchmarks/macrobenchmarks/test/opacity_peephole_grid_of_opacity_perf_e2e.dart:13:46 • undefined_identifier
  error • Undefined name 'kOpacityScrollableName'. Try correcting the name to one that is defined, or defining the name • flutter/dev/benchmarks/macrobenchmarks/test/opacity_peephole_grid_of_opacity_perf_e2e.dart:14:29 • undefined_identifier
  error • Undefined name 'kOpacityPeepholeGridOfOpacityRouteName'. Try correcting the name to one that is defined, or defining the name • flutter/dev/benchmarks/macrobenchmarks/test/opacity_peephole_grid_of_opacity_perf_e2e.dart:14:53 • undefined_identifier
  error • Target of URI doesn't exist: 'package:macrobenchmarks/common.dart'. Try creating the file referenced by the URI, or try using a URI for a file that does exist • flutter/dev/benchmarks/macrobenchmarks/test/opacity_peephole_one_rect_perf_e2e.dart:5:8 • uri_does_not_exist
  error • Undefined name 'kScrollableName'. Try correcting the name to one that is defined, or defining the name • flutter/dev/benchmarks/macrobenchmarks/test/opacity_peephole_one_rect_perf_e2e.dart:13:29 • undefined_identifier
  error • Undefined name 'kOpacityPeepholeRouteName'. Try correcting the name to one that is defined, or defining the name • flutter/dev/benchmarks/macrobenchmarks/test/opacity_peephole_one_rect_perf_e2e.dart:13:46 • undefined_identifier
  error • Undefined name 'kOpacityScrollableName'. Try correcting the name to one that is defined, or defining the name • flutter/dev/benchmarks/macrobenchmarks/test/opacity_peephole_one_rect_perf_e2e.dart:14:29 • undefined_identifier
  error • Undefined name 'kOpacityPeepholeOneRectRouteName'. Try correcting the name to one that is defined, or defining the name • flutter/dev/benchmarks/macrobenchmarks/test/opacity_peephole_one_rect_perf_e2e.dart:14:53 • undefined_identifier
  error • Target of URI doesn't exist: 'package:macrobenchmarks/common.dart'. Try creating the file referenced by the URI, or try using a URI for a file that does exist • flutter/dev/benchmarks/macrobenchmarks/test/opacity_peephole_opacity_of_grid_perf_e2e.dart:5:8 • uri_does_not_exist
  error • Undefined name 'kScrollableName'. Try correcting the name to one that is defined, or defining the name • flutter/dev/benchmarks/macrobenchmarks/test/opacity_peephole_opacity_of_grid_perf_e2e.dart:13:29 • undefined_identifier
  error • Undefined name 'kOpacityPeepholeRouteName'. Try correcting the name to one that is defined, or defining the name • flutter/dev/benchmarks/macrobenchmarks/test/opacity_peephole_opacity_of_grid_perf_e2e.dart:13:46 • undefined_identifier
  error • Undefined name 'kOpacityScrollableName'. Try correcting the name to one that is defined, or defining the name • flutter/dev/benchmarks/macrobenchmarks/test/opacity_peephole_opacity_of_grid_perf_e2e.dart:14:29 • undefined_identifier
  error • Undefined name 'kOpacityPeepholeOpacityOfGridRouteName'. Try correcting the name to one that is defined, or defining the name • flutter/dev/benchmarks/macrobenchmarks/test/opacity_peephole_opacity_of_grid_perf_e2e.dart:14:53 • undefined_identifier
  error • Target of URI doesn't exist: 'package:macrobenchmarks/common.dart'. Try creating the file referenced by the URI, or try using a URI for a file that does exist • flutter/dev/benchmarks/macrobenchmarks/test/picture_cache_perf_e2e.dart:7:8 • uri_does_not_exist
  error • Undefined name 'kPictureCacheRouteName'. Try correcting the name to one that is defined, or defining the name • flutter/dev/benchmarks/macrobenchmarks/test/picture_cache_perf_e2e.dart:14:5 • undefined_identifier
  error • Target of URI doesn't exist: 'package:macrobenchmarks/common.dart'. Try creating the file referenced by the URI, or try using a URI for a file that does exist • flutter/dev/benchmarks/macrobenchmarks/test/raster_cache_use_memory_perf_e2e.dart:5:8 • uri_does_not_exist
  error • Undefined name 'kRasterCacheUseMemory'. Try correcting the name to one that is defined, or defining the name • flutter/dev/benchmarks/macrobenchmarks/test/raster_cache_use_memory_perf_e2e.dart:12:5 • undefined_identifier
  error • Target of URI doesn't exist: 'package:macrobenchmarks/common.dart'. Try creating the file referenced by the URI, or try using a URI for a file that does exist • flutter/dev/benchmarks/macrobenchmarks/test/shader_mask_cache_perf_e2e.dart:5:8 • uri_does_not_exist
  error • Undefined name 'kShaderMaskCacheRouteName'. Try correcting the name to one that is defined, or defining the name • flutter/dev/benchmarks/macrobenchmarks/test/shader_mask_cache_perf_e2e.dart:12:5 • undefined_identifier
  error • Target of URI doesn't exist: 'package:macrobenchmarks/common.dart'. Try creating the file referenced by the URI, or try using a URI for a file that does exist • flutter/dev/benchmarks/macrobenchmarks/test/textfield_perf_e2e.dart:7:8 • uri_does_not_exist
  error • Undefined name 'kTextRouteName'. Try correcting the name to one that is defined, or defining the name • flutter/dev/benchmarks/macrobenchmarks/test/textfield_perf_e2e.dart:14:5 • undefined_identifier
  error • Target of URI doesn't exist: 'package:integration_test/integration_test.dart'. Try creating the file referenced by the URI, or try using a URI for a file that does exist • flutter/dev/benchmarks/macrobenchmarks/test/util.dart:7:8 • uri_does_not_exist
  error • Target of URI doesn't exist: 'package:macrobenchmarks/common.dart'. Try creating the file referenced by the URI, or try using a URI for a file that does exist • flutter/dev/benchmarks/macrobenchmarks/test/util.dart:8:8 • uri_does_not_exist
  error • Target of URI doesn't exist: 'package:macrobenchmarks/main.dart'. Try creating the file referenced by the URI, or try using a URI for a file that does exist • flutter/dev/benchmarks/macrobenchmarks/test/util.dart:9:8 • uri_does_not_exist
  error • Undefined name 'kScrollableName'. Try correcting the name to one that is defined, or defining the name • flutter/dev/benchmarks/macrobenchmarks/test/util.dart:30:51 • undefined_identifier
  error • Undefined name 'IntegrationTestWidgetsFlutterBinding'. Try correcting the name to one that is defined, or defining the name • flutter/dev/benchmarks/macrobenchmarks/test/util.dart:46:41 • undefined_identifier
  error • The name 'IntegrationTestWidgetsFlutterBinding' isn't defined, so it can't be used in an 'is' expression. Try changing the name to the name of an existing type, or creating a type with the name 'IntegrationTestWidgetsFlutterBinding' • flutter/dev/benchmarks/macrobenchmarks/test/util.dart:47:28 • type_test_with_undefined_name
  error • The name 'IntegrationTestWidgetsFlutterBinding' isn't a type, so it can't be used in an 'as' expression. Try changing the name to the name of an existing type, or creating a type with the name 'IntegrationTestWidgetsFlutterBinding' • flutter/dev/benchmarks/macrobenchmarks/test/util.dart:48:37 • cast_to_non_type
  error • Target of URI doesn't exist: 'package:macrobenchmarks/common.dart'. Try creating the file referenced by the URI, or try using a URI for a file that does exist • flutter/dev/benchmarks/macrobenchmarks/test/very_long_picture_scrolling_perf_e2e.dart:7:8 • uri_does_not_exist
  error • Undefined name 'kVeryLongPictureScrollingRouteName'. Try correcting the name to one that is defined, or defining the name • flutter/dev/benchmarks/macrobenchmarks/test/very_long_picture_scrolling_perf_e2e.dart:14:5 • undefined_identifier
  error • Target of URI doesn't exist: 'package:macrobenchmarks/common.dart'. Try creating the file referenced by the URI, or try using a URI for a file that does exist • flutter/dev/benchmarks/macrobenchmarks/test_driver/animated_advanced_blend_perf_test.dart:5:8 • uri_does_not_exist
  error • Undefined name 'kAnimatedAdvancedBlend'. Try correcting the name to one that is defined, or defining the name • flutter/dev/benchmarks/macrobenchmarks/test_driver/animated_advanced_blend_perf_test.dart:12:5 • undefined_identifier
  error • Target of URI doesn't exist: 'package:macrobenchmarks/common.dart'. Try creating the file referenced by the URI, or try using a URI for a file that does exist • flutter/dev/benchmarks/macrobenchmarks/test_driver/animated_blur_backdrop_filter_perf_test.dart:5:8 • uri_does_not_exist
  error • Undefined name 'kAnimatedBlurBackdropFilter'. Try correcting the name to one that is defined, or defining the name • flutter/dev/benchmarks/macrobenchmarks/test_driver/animated_blur_backdrop_filter_perf_test.dart:12:5 • undefined_identifier
  error • Target of URI doesn't exist: 'package:flutter_driver/driver_extension.dart'. Try creating the file referenced by the URI, or try using a URI for a file that does exist • flutter/dev/benchmarks/macrobenchmarks/test_driver/animated_image.dart:8:8 • uri_does_not_exist
  error • Target of URI doesn't exist: 'package:macrobenchmarks/src/animated_image.dart'. Try creating the file referenced by the URI, or try using a URI for a file that does exist • flutter/dev/benchmarks/macrobenchmarks/test_driver/animated_image.dart:10:8 • uri_does_not_exist
  error • The function 'enableFlutterDriverExtension' isn't defined. Try importing the library that defines 'enableFlutterDriverExtension', correcting the name to the name of an existing function, or defining a function named 'enableFlutterDriverExtension' • flutter/dev/benchmarks/macrobenchmarks/test_driver/animated_image.dart:18:3 • undefined_function
  error • The function 'AnimatedImagePage' isn't defined. Try importing the library that defines 'AnimatedImagePage', correcting the name to the name of an existing function, or defining a function named 'AnimatedImagePage' • flutter/dev/benchmarks/macrobenchmarks/test_driver/animated_image.dart:29:13 • undefined_function
  error • Target of URI doesn't exist: 'package:flutter_driver/flutter_driver.dart'. Try creating the file referenced by the URI, or try using a URI for a file that does exist • flutter/dev/benchmarks/macrobenchmarks/test_driver/animated_image_test.dart:5:8 • uri_does_not_exist
  error • Target of URI doesn't exist: 'package:test/test.dart'. Try creating the file referenced by the URI, or try using a URI for a file that does exist • flutter/dev/benchmarks/macrobenchmarks/test_driver/animated_image_test.dart:6:8 • uri_does_not_exist
  error • The function 'test' isn't defined. Try importing the library that defines 'test', correcting the name to the name of an existing function, or defining a function named 'test' • flutter/dev/benchmarks/macrobenchmarks/test_driver/animated_image_test.dart:11:3 • undefined_function
  error • Undefined class 'FlutterDriver'. Try changing the name to the name of an existing class, or creating a class with the name 'FlutterDriver' • flutter/dev/benchmarks/macrobenchmarks/test_driver/animated_image_test.dart:12:11 • undefined_class
  error • Undefined name 'FlutterDriver'. Try correcting the name to one that is defined, or defining the name • flutter/dev/benchmarks/macrobenchmarks/test_driver/animated_image_test.dart:12:40 • undefined_identifier
  error • Undefined class 'Timeline'. Try changing the name to the name of an existing class, or creating a class with the name 'Timeline' • flutter/dev/benchmarks/macrobenchmarks/test_driver/animated_image_test.dart:15:11 • undefined_class
   info • Specify the type of a local variable when the type is non-obvious. Try adding a type annotation • flutter/dev/benchmarks/macrobenchmarks/test_driver/animated_image_test.dart:18:5 • specify_nonobvious_local_variable_types
  error • Undefined name 'TimelineSummary'. Try correcting the name to one that is defined, or defining the name • flutter/dev/benchmarks/macrobenchmarks/test_driver/animated_image_test.dart:18:21 • undefined_identifier
  error • Undefined name 'Timeout'. Try correcting the name to one that is defined, or defining the name • flutter/dev/benchmarks/macrobenchmarks/test_driver/animated_image_test.dart:22:15 • undefined_identifier
  error • Target of URI doesn't exist: 'package:macrobenchmarks/common.dart'. Try creating the file referenced by the URI, or try using a URI for a file that does exist • flutter/dev/benchmarks/macrobenchmarks/test_driver/animated_placeholder_perf_test.dart:5:8 • uri_does_not_exist
  error • Undefined name 'kAnimatedPlaceholderRouteName'. Try correcting the name to one that is defined, or defining the name • flutter/dev/benchmarks/macrobenchmarks/test_driver/animated_placeholder_perf_test.dart:12:5 • undefined_identifier
  error • Target of URI doesn't exist: 'package:macrobenchmarks/common.dart'. Try creating the file referenced by the URI, or try using a URI for a file that does exist • flutter/dev/benchmarks/macrobenchmarks/test_driver/animation_with_microtasks_perf_test.dart:5:8 • uri_does_not_exist
  error • Undefined name 'kAnimationWithMicrotasksRouteName'. Try correcting the name to one that is defined, or defining the name • flutter/dev/benchmarks/macrobenchmarks/test_driver/animation_with_microtasks_perf_test.dart:12:5 • undefined_identifier
  error • Target of URI doesn't exist: 'package:macrobenchmarks/common.dart'. Try creating the file referenced by the URI, or try using a URI for a file that does exist • flutter/dev/benchmarks/macrobenchmarks/test_driver/backdrop_filter_perf_test.dart:5:8 • uri_does_not_exist
  error • Undefined name 'kBackdropFilterRouteName'. Try correcting the name to one that is defined, or defining the name • flutter/dev/benchmarks/macrobenchmarks/test_driver/backdrop_filter_perf_test.dart:12:5 • undefined_identifier
  error • Target of URI doesn't exist: 'package:macrobenchmarks/common.dart'. Try creating the file referenced by the URI, or try using a URI for a file that does exist • flutter/dev/benchmarks/macrobenchmarks/test_driver/color_filter_and_fade_perf_test.dart:5:8 • uri_does_not_exist
  error • Undefined name 'kColorFilterAndFadeRouteName'. Try correcting the name to one that is defined, or defining the name • flutter/dev/benchmarks/macrobenchmarks/test_driver/color_filter_and_fade_perf_test.dart:12:5 • undefined_identifier
  error • Target of URI doesn't exist: 'package:macrobenchmarks/common.dart'. Try creating the file referenced by the URI, or try using a URI for a file that does exist • flutter/dev/benchmarks/macrobenchmarks/test_driver/cubic_bezier_perf_test.dart:5:8 • uri_does_not_exist
  error • Undefined name 'kCubicBezierRouteName'. Try correcting the name to one that is defined, or defining the name • flutter/dev/benchmarks/macrobenchmarks/test_driver/cubic_bezier_perf_test.dart:10:38 • undefined_identifier
  error • Target of URI doesn't exist: 'package:macrobenchmarks/common.dart'. Try creating the file referenced by the URI, or try using a URI for a file that does exist • flutter/dev/benchmarks/macrobenchmarks/test_driver/cull_opacity_perf_test.dart:5:8 • uri_does_not_exist
  error • Undefined name 'kCullOpacityRouteName'. Try correcting the name to one that is defined, or defining the name • flutter/dev/benchmarks/macrobenchmarks/test_driver/cull_opacity_perf_test.dart:12:5 • undefined_identifier
  error • Target of URI doesn't exist: 'package:macrobenchmarks/common.dart'. Try creating the file referenced by the URI, or try using a URI for a file that does exist • flutter/dev/benchmarks/macrobenchmarks/test_driver/draw_arcs_all_fill_styles_perf_test.dart:5:8 • uri_does_not_exist
  error • Undefined name 'kDrawArcsAllFillStylesPageRouteName'. Try correcting the name to one that is defined, or defining the name • flutter/dev/benchmarks/macrobenchmarks/test_driver/draw_arcs_all_fill_styles_perf_test.dart:12:5 • undefined_identifier
  error • Target of URI doesn't exist: 'package:macrobenchmarks/common.dart'. Try creating the file referenced by the URI, or try using a URI for a file that does exist • flutter/dev/benchmarks/macrobenchmarks/test_driver/draw_arcs_all_stroke_styles_perf_test.dart:5:8 • uri_does_not_exist
  error • Undefined name 'kDrawArcsAllStrokeStylesPageRouteName'. Try correcting the name to one that is defined, or defining the name • flutter/dev/benchmarks/macrobenchmarks/test_driver/draw_arcs_all_stroke_styles_perf_test.dart:12:5 • undefined_identifier
  error • Target of URI doesn't exist: 'package:macrobenchmarks/common.dart'. Try creating the file referenced by the URI, or try using a URI for a file that does exist • flutter/dev/benchmarks/macrobenchmarks/test_driver/draw_atlas_perf_test.dart:5:8 • uri_does_not_exist
  error • Undefined name 'kDrawAtlasPageRouteName'. Try correcting the name to one that is defined, or defining the name • flutter/dev/benchmarks/macrobenchmarks/test_driver/draw_atlas_perf_test.dart:12:5 • undefined_identifier
  error • Target of URI doesn't exist: 'package:macrobenchmarks/common.dart'. Try creating the file referenced by the URI, or try using a URI for a file that does exist • flutter/dev/benchmarks/macrobenchmarks/test_driver/draw_points_perf_test.dart:5:8 • uri_does_not_exist
  error • Undefined name 'kDrawPointsPageRougeName'. Try correcting the name to one that is defined, or defining the name • flutter/dev/benchmarks/macrobenchmarks/test_driver/draw_points_perf_test.dart:12:5 • undefined_identifier
  error • Target of URI doesn't exist: 'package:macrobenchmarks/common.dart'. Try creating the file referenced by the URI, or try using a URI for a file that does exist • flutter/dev/benchmarks/macrobenchmarks/test_driver/draw_vertices_perf_test.dart:5:8 • uri_does_not_exist
  error • Undefined name 'kDrawVerticesPageRouteName'. Try correcting the name to one that is defined, or defining the name • flutter/dev/benchmarks/macrobenchmarks/test_driver/draw_vertices_perf_test.dart:12:5 • undefined_identifier
  error • Target of URI doesn't exist: 'package:integration_test/integration_test_driver.dart'. Try creating the file referenced by the URI, or try using a URI for a file that does exist • flutter/dev/benchmarks/macrobenchmarks/test_driver/e2e_test.dart:5:8 • uri_does_not_exist
  error • Target of URI doesn't exist: 'package:macrobenchmarks/common.dart'. Try creating the file referenced by the URI, or try using a URI for a file that does exist • flutter/dev/benchmarks/macrobenchmarks/test_driver/fading_child_animation_perf_test.dart:5:8 • uri_does_not_exist
  error • Undefined name 'kFadingChildAnimationRouteName'. Try correcting the name to one that is defined, or defining the name • flutter/dev/benchmarks/macrobenchmarks/test_driver/fading_child_animation_perf_test.dart:12:5 • undefined_identifier
  error • Target of URI doesn't exist: 'package:flutter_driver/flutter_driver.dart'. Try creating the file referenced by the URI, or try using a URI for a file that does exist • flutter/dev/benchmarks/macrobenchmarks/test_driver/fullscreen_textfield_perf_test.dart:5:8 • uri_does_not_exist
  error • Target of URI doesn't exist: 'package:macrobenchmarks/common.dart'. Try creating the file referenced by the URI, or try using a URI for a file that does exist • flutter/dev/benchmarks/macrobenchmarks/test_driver/fullscreen_textfield_perf_test.dart:6:8 • uri_does_not_exist
  error • Undefined name 'kFullscreenTextRouteName'. Try correcting the name to one that is defined, or defining the name • flutter/dev/benchmarks/macrobenchmarks/test_driver/fullscreen_textfield_perf_test.dart:13:5 • undefined_identifier
  error • Undefined class 'FlutterDriver'. Try changing the name to the name of an existing class, or creating a class with the name 'FlutterDriver' • flutter/dev/benchmarks/macrobenchmarks/test_driver/fullscreen_textfield_perf_test.dart:15:17 • undefined_class
  error • Undefined class 'SerializableFinder'. Try changing the name to the name of an existing class, or creating a class with the name 'SerializableFinder' • flutter/dev/benchmarks/macrobenchmarks/test_driver/fullscreen_textfield_perf_test.dart:16:13 • undefined_class
  error • Undefined name 'find'. Try correcting the name to one that is defined, or defining the name • flutter/dev/benchmarks/macrobenchmarks/test_driver/fullscreen_textfield_perf_test.dart:16:44 • undefined_identifier
  error • Target of URI doesn't exist: 'package:macrobenchmarks/common.dart'. Try creating the file referenced by the URI, or try using a URI for a file that does exist • flutter/dev/benchmarks/macrobenchmarks/test_driver/imagefiltered_transform_animation_perf_test.dart:5:8 • uri_does_not_exist
  error • Undefined name 'kImageFilteredTransformAnimationRouteName'. Try correcting the name to one that is defined, or defining the name • flutter/dev/benchmarks/macrobenchmarks/test_driver/imagefiltered_transform_animation_perf_test.dart:12:5 • undefined_identifier
  error • Target of URI doesn't exist: 'package:flutter_driver/driver_extension.dart'. Try creating the file referenced by the URI, or try using a URI for a file that does exist • flutter/dev/benchmarks/macrobenchmarks/test_driver/large_image_changer.dart:7:8 • uri_does_not_exist
  error • Target of URI doesn't exist: 'package:macrobenchmarks/common.dart'. Try creating the file referenced by the URI, or try using a URI for a file that does exist • flutter/dev/benchmarks/macrobenchmarks/test_driver/large_image_changer.dart:10:8 • uri_does_not_exist
  error • Target of URI doesn't exist: 'package:macrobenchmarks/main.dart'. Try creating the file referenced by the URI, or try using a URI for a file that does exist • flutter/dev/benchmarks/macrobenchmarks/test_driver/large_image_changer.dart:11:8 • uri_does_not_exist
  error • The function 'enableFlutterDriverExtension' isn't defined. Try importing the library that defines 'enableFlutterDriverExtension', correcting the name to the name of an existing function, or defining a function named 'enableFlutterDriverExtension' • flutter/dev/benchmarks/macrobenchmarks/test_driver/large_image_changer.dart:14:3 • undefined_function
  error • The name 'MacrobenchmarksApp' isn't a class. Try correcting the name to match an existing class • flutter/dev/benchmarks/macrobenchmarks/test_driver/large_image_changer.dart:22:16 • creation_with_non_type
  error • Undefined name 'kLargeImageChangerRouteName'. Try correcting the name to one that is defined, or defining the name • flutter/dev/benchmarks/macrobenchmarks/test_driver/large_image_changer.dart:22:49 • undefined_identifier
  error • Target of URI doesn't exist: 'package:flutter_driver/flutter_driver.dart'. Try creating the file referenced by the URI, or try using a URI for a file that does exist • flutter/dev/benchmarks/macrobenchmarks/test_driver/large_image_changer_test.dart:5:8 • uri_does_not_exist
  error • Target of URI doesn't exist: 'package:test/test.dart'. Try creating the file referenced by the URI, or try using a URI for a file that does exist • flutter/dev/benchmarks/macrobenchmarks/test_driver/large_image_changer_test.dart:6:8 • uri_does_not_exist
  error • The function 'test' isn't defined. Try importing the library that defines 'test', correcting the name to the name of an existing function, or defining a function named 'test' • flutter/dev/benchmarks/macrobenchmarks/test_driver/large_image_changer_test.dart:11:3 • undefined_function
  error • Undefined class 'FlutterDriver'. Try changing the name to the name of an existing class, or creating a class with the name 'FlutterDriver' • flutter/dev/benchmarks/macrobenchmarks/test_driver/large_image_changer_test.dart:12:11 • undefined_class
  error • Undefined name 'FlutterDriver'. Try correcting the name to one that is defined, or defining the name • flutter/dev/benchmarks/macrobenchmarks/test_driver/large_image_changer_test.dart:12:40 • undefined_identifier
  error • Undefined class 'Timeline'. Try changing the name to the name of an existing class, or creating a class with the name 'Timeline' • flutter/dev/benchmarks/macrobenchmarks/test_driver/large_image_changer_test.dart:17:5 • undefined_class
   info • Specify the type of a local variable when the type is non-obvious. Try adding a type annotation • flutter/dev/benchmarks/macrobenchmarks/test_driver/large_image_changer_test.dart:36:7 • specify_nonobvious_local_variable_types
  error • Undefined name 'TimelineSummary'. Try correcting the name to one that is defined, or defining the name • flutter/dev/benchmarks/macrobenchmarks/test_driver/large_image_changer_test.dart:36:23 • undefined_identifier
  error • Undefined name 'Timeout'. Try correcting the name to one that is defined, or defining the name • flutter/dev/benchmarks/macrobenchmarks/test_driver/large_image_changer_test.dart:41:15 • undefined_identifier
  error • Target of URI doesn't exist: 'package:macrobenchmarks/common.dart'. Try creating the file referenced by the URI, or try using a URI for a file that does exist • flutter/dev/benchmarks/macrobenchmarks/test_driver/list_text_layout_perf_test.dart:5:8 • uri_does_not_exist
  error • Undefined name 'kListTextLayoutRouteName'. Try correcting the name to one that is defined, or defining the name • flutter/dev/benchmarks/macrobenchmarks/test_driver/list_text_layout_perf_test.dart:12:5 • undefined_identifier
  error • Target of URI doesn't exist: 'package:macrobenchmarks/common.dart'. Try creating the file referenced by the URI, or try using a URI for a file that does exist • flutter/dev/benchmarks/macrobenchmarks/test_driver/multi_widget_construction_perf_test.dart:5:8 • uri_does_not_exist
  error • Undefined name 'kMultiWidgetConstructionRouteName'. Try correcting the name to one that is defined, or defining the name • flutter/dev/benchmarks/macrobenchmarks/test_driver/multi_widget_construction_perf_test.dart:12:5 • undefined_identifier
  error • Target of URI doesn't exist: 'package:flutter_driver/flutter_driver.dart'. Try creating the file referenced by the URI, or try using a URI for a file that does exist • flutter/dev/benchmarks/macrobenchmarks/test_driver/path_stroke_tessellation_dynamic_perf_test.dart:5:8 • uri_does_not_exist
  error • Target of URI doesn't exist: 'package:macrobenchmarks/common.dart'. Try creating the file referenced by the URI, or try using a URI for a file that does exist • flutter/dev/benchmarks/macrobenchmarks/test_driver/path_stroke_tessellation_dynamic_perf_test.dart:6:8 • uri_does_not_exist
  error • Undefined name 'kPathStrokeTessellationRouteName'. Try correcting the name to one that is defined, or defining the name • flutter/dev/benchmarks/macrobenchmarks/test_driver/path_stroke_tessellation_dynamic_perf_test.dart:13:5 • undefined_identifier
  error • Undefined class 'FlutterDriver'. Try changing the name to the name of an existing class, or creating a class with the name 'FlutterDriver' • flutter/dev/benchmarks/macrobenchmarks/test_driver/path_stroke_tessellation_dynamic_perf_test.dart:16:16 • undefined_class
  error • Undefined class 'SerializableFinder'. Try changing the name to the name of an existing class, or creating a class with the name 'SerializableFinder' • flutter/dev/benchmarks/macrobenchmarks/test_driver/path_stroke_tessellation_dynamic_perf_test.dart:17:13 • undefined_class
  error • Undefined name 'find'. Try correcting the name to one that is defined, or defining the name • flutter/dev/benchmarks/macrobenchmarks/test_driver/path_stroke_tessellation_dynamic_perf_test.dart:17:48 • undefined_identifier
  error • Target of URI doesn't exist: 'package:flutter_driver/flutter_driver.dart'. Try creating the file referenced by the URI, or try using a URI for a file that does exist • flutter/dev/benchmarks/macrobenchmarks/test_driver/path_stroke_tessellation_static_perf_test.dart:5:8 • uri_does_not_exist
  error • Target of URI doesn't exist: 'package:macrobenchmarks/common.dart'. Try creating the file referenced by the URI, or try using a URI for a file that does exist • flutter/dev/benchmarks/macrobenchmarks/test_driver/path_stroke_tessellation_static_perf_test.dart:6:8 • uri_does_not_exist
  error • Undefined name 'kPathStrokeTessellationRouteName'. Try correcting the name to one that is defined, or defining the name • flutter/dev/benchmarks/macrobenchmarks/test_driver/path_stroke_tessellation_static_perf_test.dart:13:5 • undefined_identifier
  error • Undefined class 'FlutterDriver'. Try changing the name to the name of an existing class, or creating a class with the name 'FlutterDriver' • flutter/dev/benchmarks/macrobenchmarks/test_driver/path_stroke_tessellation_static_perf_test.dart:15:17 • undefined_class
  error • Undefined class 'SerializableFinder'. Try changing the name to the name of an existing class, or creating a class with the name 'SerializableFinder' • flutter/dev/benchmarks/macrobenchmarks/test_driver/path_stroke_tessellation_static_perf_test.dart:16:13 • undefined_class
  error • Undefined name 'find'. Try correcting the name to one that is defined, or defining the name • flutter/dev/benchmarks/macrobenchmarks/test_driver/path_stroke_tessellation_static_perf_test.dart:16:43 • undefined_identifier
  error • Target of URI doesn't exist: 'package:flutter_driver/flutter_driver.dart'. Try creating the file referenced by the URI, or try using a URI for a file that does exist • flutter/dev/benchmarks/macrobenchmarks/test_driver/path_tessellation_dynamic_perf_test.dart:5:8 • uri_does_not_exist
  error • Target of URI doesn't exist: 'package:macrobenchmarks/common.dart'. Try creating the file referenced by the URI, or try using a URI for a file that does exist • flutter/dev/benchmarks/macrobenchmarks/test_driver/path_tessellation_dynamic_perf_test.dart:6:8 • uri_does_not_exist
  error • Undefined name 'kPathTessellationRouteName'. Try correcting the name to one that is defined, or defining the name • flutter/dev/benchmarks/macrobenchmarks/test_driver/path_tessellation_dynamic_perf_test.dart:13:5 • undefined_identifier
  error • Undefined class 'FlutterDriver'. Try changing the name to the name of an existing class, or creating a class with the name 'FlutterDriver' • flutter/dev/benchmarks/macrobenchmarks/test_driver/path_tessellation_dynamic_perf_test.dart:16:16 • undefined_class
  error • Undefined class 'SerializableFinder'. Try changing the name to the name of an existing class, or creating a class with the name 'SerializableFinder' • flutter/dev/benchmarks/macrobenchmarks/test_driver/path_tessellation_dynamic_perf_test.dart:17:13 • undefined_class
  error • Undefined name 'find'. Try correcting the name to one that is defined, or defining the name • flutter/dev/benchmarks/macrobenchmarks/test_driver/path_tessellation_dynamic_perf_test.dart:17:48 • undefined_identifier
  error • Target of URI doesn't exist: 'package:flutter_driver/flutter_driver.dart'. Try creating the file referenced by the URI, or try using a URI for a file that does exist • flutter/dev/benchmarks/macrobenchmarks/test_driver/path_tessellation_static_perf_test.dart:5:8 • uri_does_not_exist
  error • Target of URI doesn't exist: 'package:macrobenchmarks/common.dart'. Try creating the file referenced by the URI, or try using a URI for a file that does exist • flutter/dev/benchmarks/macrobenchmarks/test_driver/path_tessellation_static_perf_test.dart:6:8 • uri_does_not_exist
  error • Undefined name 'kPathTessellationRouteName'. Try correcting the name to one that is defined, or defining the name • flutter/dev/benchmarks/macrobenchmarks/test_driver/path_tessellation_static_perf_test.dart:13:5 • undefined_identifier
  error • Undefined class 'FlutterDriver'. Try changing the name to the name of an existing class, or creating a class with the name 'FlutterDriver' • flutter/dev/benchmarks/macrobenchmarks/test_driver/path_tessellation_static_perf_test.dart:15:17 • undefined_class
  error • Undefined class 'SerializableFinder'. Try changing the name to the name of an existing class, or creating a class with the name 'SerializableFinder' • flutter/dev/benchmarks/macrobenchmarks/test_driver/path_tessellation_static_perf_test.dart:16:13 • undefined_class
  error • Undefined name 'find'. Try correcting the name to one that is defined, or defining the name • flutter/dev/benchmarks/macrobenchmarks/test_driver/path_tessellation_static_perf_test.dart:16:43 • undefined_identifier
  error • Target of URI doesn't exist: 'package:flutter_driver/flutter_driver.dart'. Try creating the file referenced by the URI, or try using a URI for a file that does exist • flutter/dev/benchmarks/macrobenchmarks/test_driver/picture_cache_complexity_scoring_perf_test.dart:5:8 • uri_does_not_exist
  error • Target of URI doesn't exist: 'package:macrobenchmarks/common.dart'. Try creating the file referenced by the URI, or try using a URI for a file that does exist • flutter/dev/benchmarks/macrobenchmarks/test_driver/picture_cache_complexity_scoring_perf_test.dart:6:8 • uri_does_not_exist
  error • Undefined name 'kPictureCacheComplexityScoringRouteName'. Try correcting the name to one that is defined, or defining the name • flutter/dev/benchmarks/macrobenchmarks/test_driver/picture_cache_complexity_scoring_perf_test.dart:13:5 • undefined_identifier
  error • Undefined class 'FlutterDriver'. Try changing the name to the name of an existing class, or creating a class with the name 'FlutterDriver' • flutter/dev/benchmarks/macrobenchmarks/test_driver/picture_cache_complexity_scoring_perf_test.dart:15:17 • undefined_class
  error • Undefined class 'SerializableFinder'. Try changing the name to the name of an existing class, or creating a class with the name 'SerializableFinder' • flutter/dev/benchmarks/macrobenchmarks/test_driver/picture_cache_complexity_scoring_perf_test.dart:16:13 • undefined_class
  error • Undefined name 'find'. Try correcting the name to one that is defined, or defining the name • flutter/dev/benchmarks/macrobenchmarks/test_driver/picture_cache_complexity_scoring_perf_test.dart:16:45 • undefined_identifier
  error • Target of URI doesn't exist: 'package:flutter_driver/flutter_driver.dart'. Try creating the file referenced by the URI, or try using a URI for a file that does exist • flutter/dev/benchmarks/macrobenchmarks/test_driver/picture_cache_perf_test.dart:5:8 • uri_does_not_exist
  error • Target of URI doesn't exist: 'package:macrobenchmarks/common.dart'. Try creating the file referenced by the URI, or try using a URI for a file that does exist • flutter/dev/benchmarks/macrobenchmarks/test_driver/picture_cache_perf_test.dart:6:8 • uri_does_not_exist
  error • Undefined name 'kPictureCacheRouteName'. Try correcting the name to one that is defined, or defining the name • flutter/dev/benchmarks/macrobenchmarks/test_driver/picture_cache_perf_test.dart:13:5 • undefined_identifier
  error • Undefined class 'FlutterDriver'. Try changing the name to the name of an existing class, or creating a class with the name 'FlutterDriver' • flutter/dev/benchmarks/macrobenchmarks/test_driver/picture_cache_perf_test.dart:15:17 • undefined_class
  error • Undefined class 'SerializableFinder'. Try changing the name to the name of an existing class, or creating a class with the name 'SerializableFinder' • flutter/dev/benchmarks/macrobenchmarks/test_driver/picture_cache_perf_test.dart:16:13 • undefined_class
  error • Undefined name 'find'. Try correcting the name to one that is defined, or defining the name • flutter/dev/benchmarks/macrobenchmarks/test_driver/picture_cache_perf_test.dart:16:45 • undefined_identifier
  error • Target of URI doesn't exist: 'package:flutter_driver/flutter_driver.dart'. Try creating the file referenced by the URI, or try using a URI for a file that does exist • flutter/dev/benchmarks/macrobenchmarks/test_driver/post_backdrop_filter_perf_test.dart:5:8 • uri_does_not_exist
  error • Target of URI doesn't exist: 'package:macrobenchmarks/common.dart'. Try creating the file referenced by the URI, or try using a URI for a file that does exist • flutter/dev/benchmarks/macrobenchmarks/test_driver/post_backdrop_filter_perf_test.dart:6:8 • uri_does_not_exist
  error • Undefined name 'kPostBackdropFilterRouteName'. Try correcting the name to one that is defined, or defining the name • flutter/dev/benchmarks/macrobenchmarks/test_driver/post_backdrop_filter_perf_test.dart:13:5 • undefined_identifier
  error • Undefined class 'FlutterDriver'. Try changing the name to the name of an existing class, or creating a class with the name 'FlutterDriver' • flutter/dev/benchmarks/macrobenchmarks/test_driver/post_backdrop_filter_perf_test.dart:16:16 • undefined_class
  error • Undefined class 'SerializableFinder'. Try changing the name to the name of an existing class, or creating a class with the name 'SerializableFinder' • flutter/dev/benchmarks/macrobenchmarks/test_driver/post_backdrop_filter_perf_test.dart:17:13 • undefined_class
  error • Undefined name 'find'. Try correcting the name to one that is defined, or defining the name • flutter/dev/benchmarks/macrobenchmarks/test_driver/post_backdrop_filter_perf_test.dart:17:57 • undefined_identifier
  error • Undefined class 'SerializableFinder'. Try changing the name to the name of an existing class, or creating a class with the name 'SerializableFinder' • flutter/dev/benchmarks/macrobenchmarks/test_driver/post_backdrop_filter_perf_test.dart:23:13 • undefined_class
  error • Undefined name 'find'. Try correcting the name to one that is defined, or defining the name • flutter/dev/benchmarks/macrobenchmarks/test_driver/post_backdrop_filter_perf_test.dart:23:48 • undefined_identifier
  error • Target of URI doesn't exist: 'package:macrobenchmarks/common.dart'. Try creating the file referenced by the URI, or try using a URI for a file that does exist • flutter/dev/benchmarks/macrobenchmarks/test_driver/rrect_blur_perf_test.dart:5:8 • uri_does_not_exist
  error • Undefined name 'kRRectBlurRouteName'. Try correcting the name to one that is defined, or defining the name • flutter/dev/benchmarks/macrobenchmarks/test_driver/rrect_blur_perf_test.dart:12:5 • undefined_identifier
  error • Target of URI doesn't exist: 'package:flutter_driver/driver_extension.dart'. Try creating the file referenced by the URI, or try using a URI for a file that does exist • flutter/dev/benchmarks/macrobenchmarks/test_driver/run_app.dart:5:8 • uri_does_not_exist
  error • Target of URI doesn't exist: 'package:macrobenchmarks/main.dart'. Try creating the file referenced by the URI, or try using a URI for a file that does exist • flutter/dev/benchmarks/macrobenchmarks/test_driver/run_app.dart:6:8 • uri_does_not_exist
  error • The function 'enableFlutterDriverExtension' isn't defined. Try importing the library that defines 'enableFlutterDriverExtension', correcting the name to the name of an existing function, or defining a function named 'enableFlutterDriverExtension' • flutter/dev/benchmarks/macrobenchmarks/test_driver/run_app.dart:9:3 • undefined_function
  error • Target of URI doesn't exist: 'package:macrobenchmarks/common.dart'. Try creating the file referenced by the URI, or try using a URI for a file that does exist • flutter/dev/benchmarks/macrobenchmarks/test_driver/simple_animation_perf_test.dart:5:8 • uri_does_not_exist
  error • Undefined name 'kSimpleAnimationRouteName'. Try correcting the name to one that is defined, or defining the name • flutter/dev/benchmarks/macrobenchmarks/test_driver/simple_animation_perf_test.dart:12:5 • undefined_identifier
  error • Target of URI doesn't exist: 'package:macrobenchmarks/common.dart'. Try creating the file referenced by the URI, or try using a URI for a file that does exist • flutter/dev/benchmarks/macrobenchmarks/test_driver/sliders_perf_test.dart:5:8 • uri_does_not_exist
  error • Undefined name 'kSlidersRouteName'. Try correcting the name to one that is defined, or defining the name • flutter/dev/benchmarks/macrobenchmarks/test_driver/sliders_perf_test.dart:12:5 • undefined_identifier
  error • Target of URI doesn't exist: 'package:flutter_driver/flutter_driver.dart'. Try creating the file referenced by the URI, or try using a URI for a file that does exist • flutter/dev/benchmarks/macrobenchmarks/test_driver/textfield_perf_test.dart:5:8 • uri_does_not_exist
  error • Target of URI doesn't exist: 'package:macrobenchmarks/common.dart'. Try creating the file referenced by the URI, or try using a URI for a file that does exist • flutter/dev/benchmarks/macrobenchmarks/test_driver/textfield_perf_test.dart:6:8 • uri_does_not_exist
  error • Undefined name 'kTextRouteName'. Try correcting the name to one that is defined, or defining the name • flutter/dev/benchmarks/macrobenchmarks/test_driver/textfield_perf_test.dart:13:5 • undefined_identifier
  error • Undefined class 'FlutterDriver'. Try changing the name to the name of an existing class, or creating a class with the name 'FlutterDriver' • flutter/dev/benchmarks/macrobenchmarks/test_driver/textfield_perf_test.dart:15:17 • undefined_class
  error • Undefined class 'SerializableFinder'. Try changing the name to the name of an existing class, or creating a class with the name 'SerializableFinder' • flutter/dev/benchmarks/macrobenchmarks/test_driver/textfield_perf_test.dart:16:13 • undefined_class
  error • Undefined name 'find'. Try correcting the name to one that is defined, or defining the name • flutter/dev/benchmarks/macrobenchmarks/test_driver/textfield_perf_test.dart:16:44 • undefined_identifier
  error • Target of URI doesn't exist: 'package:flutter_driver/flutter_driver.dart'. Try creating the file referenced by the URI, or try using a URI for a file that does exist • flutter/dev/benchmarks/macrobenchmarks/test_driver/util.dart:5:8 • uri_does_not_exist
  error • Target of URI doesn't exist: 'package:macrobenchmarks/common.dart'. Try creating the file referenced by the URI, or try using a URI for a file that does exist • flutter/dev/benchmarks/macrobenchmarks/test_driver/util.dart:6:8 • uri_does_not_exist
  error • Target of URI doesn't exist: 'package:test/test.dart'. Try creating the file referenced by the URI, or try using a URI for a file that does exist • flutter/dev/benchmarks/macrobenchmarks/test_driver/util.dart:7:8 • uri_does_not_exist
  error • Undefined class 'FlutterDriver'. Try changing the name to the name of an existing class, or creating a class with the name 'FlutterDriver' • flutter/dev/benchmarks/macrobenchmarks/test_driver/util.dart:9:52 • undefined_class
  error • Undefined class 'FlutterDriver'. Try changing the name to the name of an existing class, or creating a class with the name 'FlutterDriver' • flutter/dev/benchmarks/macrobenchmarks/test_driver/util.dart:12:9 • undefined_class
  error • Undefined name 'FlutterDriver'. Try correcting the name to one that is defined, or defining the name • flutter/dev/benchmarks/macrobenchmarks/test_driver/util.dart:12:38 • undefined_identifier
  error • Undefined class 'SerializableFinder'. Try changing the name to the name of an existing class, or creating a class with the name 'SerializableFinder' • flutter/dev/benchmarks/macrobenchmarks/test_driver/util.dart:22:9 • undefined_class
  error • Undefined name 'find'. Try correcting the name to one that is defined, or defining the name • flutter/dev/benchmarks/macrobenchmarks/test_driver/util.dart:22:41 • undefined_identifier
  error • Undefined name 'kScrollableName'. Try correcting the name to one that is defined, or defining the name • flutter/dev/benchmarks/macrobenchmarks/test_driver/util.dart:22:57 • undefined_identifier
  error • The function 'expect' isn't defined. Try importing the library that defines 'expect', correcting the name to the name of an existing function, or defining a function named 'expect' • flutter/dev/benchmarks/macrobenchmarks/test_driver/util.dart:23:3 • undefined_function
  error • Undefined name 'isNotNull'. Try correcting the name to one that is defined, or defining the name • flutter/dev/benchmarks/macrobenchmarks/test_driver/util.dart:23:22 • undefined_identifier
  error • Undefined class 'SerializableFinder'. Try changing the name to the name of an existing class, or creating a class with the name 'SerializableFinder' • flutter/dev/benchmarks/macrobenchmarks/test_driver/util.dart:24:9 • undefined_class
  error • Undefined name 'find'. Try correcting the name to one that is defined, or defining the name • flutter/dev/benchmarks/macrobenchmarks/test_driver/util.dart:24:37 • undefined_identifier
  error • The function 'expect' isn't defined. Try importing the library that defines 'expect', correcting the name to the name of an existing function, or defining a function named 'expect' • flutter/dev/benchmarks/macrobenchmarks/test_driver/util.dart:25:3 • undefined_function
  error • Undefined name 'isNotNull'. Try correcting the name to one that is defined, or defining the name • flutter/dev/benchmarks/macrobenchmarks/test_driver/util.dart:25:18 • undefined_identifier
  error • Undefined class 'FlutterDriver'. Try changing the name to the name of an existing class, or creating a class with the name 'FlutterDriver' • flutter/dev/benchmarks/macrobenchmarks/test_driver/util.dart:43:25 • undefined_class
  error • Undefined class 'FlutterDriver'. Try changing the name to the name of an existing class, or creating a class with the name 'FlutterDriver' • flutter/dev/benchmarks/macrobenchmarks/test_driver/util.dart:44:25 • undefined_class
  error • The function 'test' isn't defined. Try importing the library that defines 'test', correcting the name to the name of an existing function, or defining a function named 'test' • flutter/dev/benchmarks/macrobenchmarks/test_driver/util.dart:46:3 • undefined_function
  error • Undefined class 'Timeline'. Try changing the name to the name of an existing class, or creating a class with the name 'Timeline' • flutter/dev/benchmarks/macrobenchmarks/test_driver/util.dart:47:10 • undefined_class
  error • Undefined class 'FlutterDriver'. Try changing the name to the name of an existing class, or creating a class with the name 'FlutterDriver' • flutter/dev/benchmarks/macrobenchmarks/test_driver/util.dart:48:45 • undefined_class
  error • The function 'expect' isn't defined. Try importing the library that defines 'expect', correcting the name to the name of an existing function, or defining a function named 'expect' • flutter/dev/benchmarks/macrobenchmarks/test_driver/util.dart:67:5 • undefined_function
  error • Undefined name 'isNotNull'. Try correcting the name to one that is defined, or defining the name • flutter/dev/benchmarks/macrobenchmarks/test_driver/util.dart:67:22 • undefined_identifier
   info • Specify the type of a local variable when the type is non-obvious. Try adding a type annotation • flutter/dev/benchmarks/macrobenchmarks/test_driver/util.dart:69:5 • specify_nonobvious_local_variable_types
  error • Undefined name 'TimelineSummary'. Try correcting the name to one that is defined, or defining the name • flutter/dev/benchmarks/macrobenchmarks/test_driver/util.dart:69:21 • undefined_identifier
  error • Undefined name 'Timeout'. Try correcting the name to one that is defined, or defining the name • flutter/dev/benchmarks/macrobenchmarks/test_driver/util.dart:71:15 • undefined_identifier
  error • Target of URI doesn't exist: 'package:macrobenchmarks/common.dart'. Try creating the file referenced by the URI, or try using a URI for a file that does exist • flutter/dev/benchmarks/macrobenchmarks/test_memory/heavy_gridview.dart:8:8 • uri_does_not_exist
  error • Target of URI doesn't exist: 'package:macrobenchmarks/main.dart'. Try creating the file referenced by the URI, or try using a URI for a file that does exist • flutter/dev/benchmarks/macrobenchmarks/test_memory/heavy_gridview.dart:9:8 • uri_does_not_exist
  error • The name 'MacrobenchmarksApp' isn't a class. Try correcting the name to match an existing class • flutter/dev/benchmarks/macrobenchmarks/test_memory/heavy_gridview.dart:18:16 • creation_with_non_type
  error • Undefined name 'kHeavyGridViewRouteName'. Try correcting the name to one that is defined, or defining the name • flutter/dev/benchmarks/macrobenchmarks/test_memory/heavy_gridview.dart:18:49 • undefined_identifier
  error • Target of URI doesn't exist: 'package:macrobenchmarks/common.dart'. Try creating the file referenced by the URI, or try using a URI for a file that does exist • flutter/dev/benchmarks/macrobenchmarks/test_memory/large_images.dart:8:8 • uri_does_not_exist
  error • Target of URI doesn't exist: 'package:macrobenchmarks/main.dart'. Try creating the file referenced by the URI, or try using a URI for a file that does exist • flutter/dev/benchmarks/macrobenchmarks/test_memory/large_images.dart:9:8 • uri_does_not_exist
  error • The name 'MacrobenchmarksApp' isn't a class. Try correcting the name to match an existing class • flutter/dev/benchmarks/macrobenchmarks/test_memory/large_images.dart:18:16 • creation_with_non_type
  error • Undefined name 'kLargeImagesRouteName'. Try correcting the name to one that is defined, or defining the name • flutter/dev/benchmarks/macrobenchmarks/test_memory/large_images.dart:18:49 • undefined_identifier
  error • Target of URI doesn't exist: 'package:stocks/main.dart'. Try creating the file referenced by the URI, or try using a URI for a file that does exist • flutter/dev/benchmarks/microbenchmarks/lib/stocks/animation_bench.dart:7:8 • uri_does_not_exist
  error • Target of URI doesn't exist: 'package:stocks/stock_data.dart'. Try creating the file referenced by the URI, or try using a URI for a file that does exist • flutter/dev/benchmarks/microbenchmarks/lib/stocks/animation_bench.dart:8:8 • uri_does_not_exist
  error • Target of URI doesn't exist: 'package:stocks/main.dart'. Try creating the file referenced by the URI, or try using a URI for a file that does exist • flutter/dev/benchmarks/microbenchmarks/lib/stocks/build_bench.dart:7:8 • uri_does_not_exist
  error • Target of URI doesn't exist: 'package:stocks/stock_data.dart'. Try creating the file referenced by the URI, or try using a URI for a file that does exist • flutter/dev/benchmarks/microbenchmarks/lib/stocks/build_bench.dart:8:8 • uri_does_not_exist
  error • Target of URI doesn't exist: 'package:stocks/main.dart'. Try creating the file referenced by the URI, or try using a URI for a file that does exist • flutter/dev/benchmarks/microbenchmarks/lib/stocks/layout_bench.dart:8:8 • uri_does_not_exist
  error • Target of URI doesn't exist: 'package:stocks/stock_data.dart'. Try creating the file referenced by the URI, or try using a URI for a file that does exist • flutter/dev/benchmarks/microbenchmarks/lib/stocks/layout_bench.dart:9:8 • uri_does_not_exist
  error • Target of URI doesn't exist: 'package:google_fonts/google_fonts.dart'. Try creating the file referenced by the URI, or try using a URI for a file that does exist • flutter/dev/benchmarks/multiple_flutters/module/lib/main.dart:7:8 • uri_does_not_exist
  error • Undefined name 'GoogleFonts'. Try correcting the name to one that is defined, or defining the name • flutter/dev/benchmarks/multiple_flutters/module/lib/main.dart:93:74 • undefined_identifier
  error • Target of URI doesn't exist: 'package:microbenchmarks/common.dart'. Try creating the file referenced by the URI, or try using a URI for a file that does exist • flutter/dev/benchmarks/platform_channels_benchmarks/lib/main.dart:11:8 • uri_does_not_exist
  error • Undefined class 'BenchmarkResultPrinter'. Try changing the name to the name of an existing class, or creating a class with the name 'BenchmarkResultPrinter' • flutter/dev/benchmarks/platform_channels_benchmarks/lib/main.dart:128:12 • undefined_class
   info • Specify the type of a local variable when the type is non-obvious. Try adding a type annotation • flutter/dev/benchmarks/platform_channels_benchmarks/lib/main.dart:169:3 • specify_nonobvious_local_variable_types
  error • The function 'BenchmarkResultPrinter' isn't defined. Try importing the library that defines 'BenchmarkResultPrinter', correcting the name to the name of an existing function, or defining a function named 'BenchmarkResultPrinter' • flutter/dev/benchmarks/platform_channels_benchmarks/lib/main.dart:169:19 • undefined_function
  error • Target of URI doesn't exist: 'package:google_mobile_ads/google_mobile_ads.dart'. Try creating the file referenced by the URI, or try using a URI for a file that does exist • flutter/dev/benchmarks/platform_views_layout/lib/main_ad_banners.dart:8:8 • uri_does_not_exist
  error • Undefined class 'AdWidget'. Try changing the name to the name of an existing class, or creating a class with the name 'AdWidget' • flutter/dev/benchmarks/platform_views_layout/lib/main_ad_banners.dart:22:3 • undefined_class
   info • Specify the type of a local variable when the type is non-obvious. Try adding a type annotation • flutter/dev/benchmarks/platform_views_layout/lib/main_ad_banners.dart:29:5 • specify_nonobvious_local_variable_types
  error • The method 'BannerAd' isn't defined for the type 'PlatformViewAppState'. Try correcting the name to the name of an existing method, or defining a method named 'BannerAd' • flutter/dev/benchmarks/platform_views_layout/lib/main_ad_banners.dart:29:22 • undefined_method
  error • The name 'AdRequest' isn't a class. Try correcting the name to match an existing class • flutter/dev/benchmarks/platform_views_layout/lib/main_ad_banners.dart:31:22 • creation_with_non_type
  error • Undefined name 'AdSize'. Try correcting the name to one that is defined, or defining the name • flutter/dev/benchmarks/platform_views_layout/lib/main_ad_banners.dart:32:13 • undefined_identifier
  error • The name 'BannerAdListener' isn't a class. Try correcting the name to match an existing class • flutter/dev/benchmarks/platform_views_layout/lib/main_ad_banners.dart:33:23 • creation_with_non_type
  error • The method 'AdWidget' isn't defined for the type 'PlatformViewAppState'. Try correcting the name to the name of an existing method, or defining a method named 'AdWidget' • flutter/dev/benchmarks/platform_views_layout/lib/main_ad_banners.dart:36:12 • undefined_method
  error • Target of URI doesn't exist: 'package:google_mobile_ads/google_mobile_ads.dart'. Try creating the file referenced by the URI, or try using a URI for a file that does exist • flutter/dev/benchmarks/platform_views_layout/lib/main_bottom_ad_banner.dart:8:8 • uri_does_not_exist
   info • Specify the type of a local variable when the type is non-obvious. Try adding a type annotation • flutter/dev/benchmarks/platform_views_layout/lib/main_bottom_ad_banner.dart:29:5 • specify_nonobvious_local_variable_types
  error • The method 'BannerAd' isn't defined for the type 'PlatformViewAppState'. Try correcting the name to the name of an existing method, or defining a method named 'BannerAd' • flutter/dev/benchmarks/platform_views_layout/lib/main_bottom_ad_banner.dart:29:22 • undefined_method
  error • The name 'AdRequest' isn't a class. Try correcting the name to match an existing class • flutter/dev/benchmarks/platform_views_layout/lib/main_bottom_ad_banner.dart:31:22 • creation_with_non_type
  error • Undefined name 'AdSize'. Try correcting the name to one that is defined, or defining the name • flutter/dev/benchmarks/platform_views_layout/lib/main_bottom_ad_banner.dart:32:13 • undefined_identifier
  error • The name 'BannerAdListener' isn't a class. Try correcting the name to match an existing class • flutter/dev/benchmarks/platform_views_layout/lib/main_bottom_ad_banner.dart:33:23 • creation_with_non_type
  error • The method 'AdWidget' isn't defined for the type 'PlatformViewAppState'. Try correcting the name to the name of an existing method, or defining a method named 'AdWidget' • flutter/dev/benchmarks/platform_views_layout/lib/main_bottom_ad_banner.dart:39:54 • undefined_method
  error • Target of URI doesn't exist: 'package:flutter_driver/driver_extension.dart'. Try creating the file referenced by the URI, or try using a URI for a file that does exist • flutter/dev/benchmarks/platform_views_layout/test_driver/android_view_scroll_perf.dart:6:8 • uri_does_not_exist
  error • Target of URI doesn't exist: 'package:platform_views_layout/main.dart'. Try creating the file referenced by the URI, or try using a URI for a file that does exist • flutter/dev/benchmarks/platform_views_layout/test_driver/android_view_scroll_perf.dart:8:8 • uri_does_not_exist
  error • The function 'enableFlutterDriverExtension' isn't defined. Try importing the library that defines 'enableFlutterDriverExtension', correcting the name to the name of an existing function, or defining a function named 'enableFlutterDriverExtension' • flutter/dev/benchmarks/platform_views_layout/test_driver/android_view_scroll_perf.dart:11:3 • undefined_function
  error • Target of URI doesn't exist: 'package:flutter_driver/flutter_driver.dart'. Try creating the file referenced by the URI, or try using a URI for a file that does exist • flutter/dev/benchmarks/platform_views_layout/test_driver/scroll_perf_ad_banners_test.dart:5:8 • uri_does_not_exist
  error • Target of URI doesn't exist: 'package:test/test.dart'. Try creating the file referenced by the URI, or try using a URI for a file that does exist • flutter/dev/benchmarks/platform_views_layout/test_driver/scroll_perf_ad_banners_test.dart:6:8 • uri_does_not_exist
  error • The function 'group' isn't defined. Try importing the library that defines 'group', correcting the name to the name of an existing function, or defining a function named 'group' • flutter/dev/benchmarks/platform_views_layout/test_driver/scroll_perf_ad_banners_test.dart:9:3 • undefined_function
  error • Undefined class 'FlutterDriver'. Try changing the name to the name of an existing class, or creating a class with the name 'FlutterDriver' • flutter/dev/benchmarks/platform_views_layout/test_driver/scroll_perf_ad_banners_test.dart:10:10 • undefined_class
  error • The function 'setUpAll' isn't defined. Try importing the library that defines 'setUpAll', correcting the name to the name of an existing function, or defining a function named 'setUpAll' • flutter/dev/benchmarks/platform_views_layout/test_driver/scroll_perf_ad_banners_test.dart:12:5 • undefined_function
  error • Undefined name 'FlutterDriver'. Try correcting the name to one that is defined, or defining the name • flutter/dev/benchmarks/platform_views_layout/test_driver/scroll_perf_ad_banners_test.dart:13:22 • undefined_identifier
  error • The function 'tearDownAll' isn't defined. Try importing the library that defines 'tearDownAll', correcting the name to the name of an existing function, or defining a function named 'tearDownAll' • flutter/dev/benchmarks/platform_views_layout/test_driver/scroll_perf_ad_banners_test.dart:18:5 • undefined_function
  error • Undefined class 'Timeline'. Try changing the name to the name of an existing class, or creating a class with the name 'Timeline' • flutter/dev/benchmarks/platform_views_layout/test_driver/scroll_perf_ad_banners_test.dart:29:13 • undefined_class
  error • Undefined class 'SerializableFinder'. Try changing the name to the name of an existing class, or creating a class with the name 'SerializableFinder' • flutter/dev/benchmarks/platform_views_layout/test_driver/scroll_perf_ad_banners_test.dart:31:15 • undefined_class
  error • Undefined name 'find'. Try correcting the name to one that is defined, or defining the name • flutter/dev/benchmarks/platform_views_layout/test_driver/scroll_perf_ad_banners_test.dart:31:41 • undefined_identifier
   info • Specify the type of a local variable when the type is non-obvious. Try adding a type annotation • flutter/dev/benchmarks/platform_views_layout/test_driver/scroll_perf_ad_banners_test.dart:48:7 • specify_nonobvious_local_variable_types
  error • Undefined name 'TimelineSummary'. Try correcting the name to one that is defined, or defining the name • flutter/dev/benchmarks/platform_views_layout/test_driver/scroll_perf_ad_banners_test.dart:48:23 • undefined_identifier
  error • The function 'test' isn't defined. Try importing the library that defines 'test', correcting the name to the name of an existing function, or defining a function named 'test' • flutter/dev/benchmarks/platform_views_layout/test_driver/scroll_perf_ad_banners_test.dart:52:5 • undefined_function
  error • Undefined name 'Timeout'. Try correcting the name to one that is defined, or defining the name • flutter/dev/benchmarks/platform_views_layout/test_driver/scroll_perf_ad_banners_test.dart:57:17 • undefined_identifier
  error • Target of URI doesn't exist: 'package:flutter_driver/flutter_driver.dart'. Try creating the file referenced by the URI, or try using a URI for a file that does exist • flutter/dev/benchmarks/platform_views_layout/test_driver/scroll_perf_bottom_ad_banner_test.dart:5:8 • uri_does_not_exist
  error • Target of URI doesn't exist: 'package:test/test.dart'. Try creating the file referenced by the URI, or try using a URI for a file that does exist • flutter/dev/benchmarks/platform_views_layout/test_driver/scroll_perf_bottom_ad_banner_test.dart:6:8 • uri_does_not_exist
  error • The function 'group' isn't defined. Try importing the library that defines 'group', correcting the name to the name of an existing function, or defining a function named 'group' • flutter/dev/benchmarks/platform_views_layout/test_driver/scroll_perf_bottom_ad_banner_test.dart:9:3 • undefined_function
  error • Undefined class 'FlutterDriver'. Try changing the name to the name of an existing class, or creating a class with the name 'FlutterDriver' • flutter/dev/benchmarks/platform_views_layout/test_driver/scroll_perf_bottom_ad_banner_test.dart:10:10 • undefined_class
  error • The function 'setUpAll' isn't defined. Try importing the library that defines 'setUpAll', correcting the name to the name of an existing function, or defining a function named 'setUpAll' • flutter/dev/benchmarks/platform_views_layout/test_driver/scroll_perf_bottom_ad_banner_test.dart:12:5 • undefined_function
  error • Undefined name 'FlutterDriver'. Try correcting the name to one that is defined, or defining the name • flutter/dev/benchmarks/platform_views_layout/test_driver/scroll_perf_bottom_ad_banner_test.dart:13:22 • undefined_identifier
  error • The function 'tearDownAll' isn't defined. Try importing the library that defines 'tearDownAll', correcting the name to the name of an existing function, or defining a function named 'tearDownAll' • flutter/dev/benchmarks/platform_views_layout/test_driver/scroll_perf_bottom_ad_banner_test.dart:18:5 • undefined_function
  error • Undefined class 'Timeline'. Try changing the name to the name of an existing class, or creating a class with the name 'Timeline' • flutter/dev/benchmarks/platform_views_layout/test_driver/scroll_perf_bottom_ad_banner_test.dart:29:13 • undefined_class
  error • Undefined class 'SerializableFinder'. Try changing the name to the name of an existing class, or creating a class with the name 'SerializableFinder' • flutter/dev/benchmarks/platform_views_layout/test_driver/scroll_perf_bottom_ad_banner_test.dart:31:15 • undefined_class
  error • Undefined name 'find'. Try correcting the name to one that is defined, or defining the name • flutter/dev/benchmarks/platform_views_layout/test_driver/scroll_perf_bottom_ad_banner_test.dart:31:41 • undefined_identifier
   info • Specify the type of a local variable when the type is non-obvious. Try adding a type annotation • flutter/dev/benchmarks/platform_views_layout/test_driver/scroll_perf_bottom_ad_banner_test.dart:48:7 • specify_nonobvious_local_variable_types
  error • Undefined name 'TimelineSummary'. Try correcting the name to one that is defined, or defining the name • flutter/dev/benchmarks/platform_views_layout/test_driver/scroll_perf_bottom_ad_banner_test.dart:48:23 • undefined_identifier
  error • The function 'test' isn't defined. Try importing the library that defines 'test', correcting the name to the name of an existing function, or defining a function named 'test' • flutter/dev/benchmarks/platform_views_layout/test_driver/scroll_perf_bottom_ad_banner_test.dart:52:5 • undefined_function
  error • Undefined name 'Timeout'. Try correcting the name to one that is defined, or defining the name • flutter/dev/benchmarks/platform_views_layout/test_driver/scroll_perf_bottom_ad_banner_test.dart:60:17 • undefined_identifier
  error • Target of URI doesn't exist: 'package:flutter_driver/driver_extension.dart'. Try creating the file referenced by the URI, or try using a URI for a file that does exist • flutter/dev/benchmarks/platform_views_layout/test_driver/scroll_perf_hcpp.dart:6:8 • uri_does_not_exist
  error • Target of URI doesn't exist: 'package:platform_views_layout/main_hcpp.dart'. Try creating the file referenced by the URI, or try using a URI for a file that does exist • flutter/dev/benchmarks/platform_views_layout/test_driver/scroll_perf_hcpp.dart:8:8 • uri_does_not_exist
  error • The function 'enableFlutterDriverExtension' isn't defined. Try importing the library that defines 'enableFlutterDriverExtension', correcting the name to the name of an existing function, or defining a function named 'enableFlutterDriverExtension' • flutter/dev/benchmarks/platform_views_layout/test_driver/scroll_perf_hcpp.dart:11:3 • undefined_function
  error • Target of URI doesn't exist: 'package:flutter_driver/flutter_driver.dart'. Try creating the file referenced by the URI, or try using a URI for a file that does exist • flutter/dev/benchmarks/platform_views_layout/test_driver/scroll_perf_hcpp_test.dart:5:8 • uri_does_not_exist
  error • Target of URI doesn't exist: 'package:test/test.dart'. Try creating the file referenced by the URI, or try using a URI for a file that does exist • flutter/dev/benchmarks/platform_views_layout/test_driver/scroll_perf_hcpp_test.dart:6:8 • uri_does_not_exist
  error • The function 'group' isn't defined. Try importing the library that defines 'group', correcting the name to the name of an existing function, or defining a function named 'group' • flutter/dev/benchmarks/platform_views_layout/test_driver/scroll_perf_hcpp_test.dart:9:3 • undefined_function
  error • Undefined class 'FlutterDriver'. Try changing the name to the name of an existing class, or creating a class with the name 'FlutterDriver' • flutter/dev/benchmarks/platform_views_layout/test_driver/scroll_perf_hcpp_test.dart:10:10 • undefined_class
  error • The function 'setUpAll' isn't defined. Try importing the library that defines 'setUpAll', correcting the name to the name of an existing function, or defining a function named 'setUpAll' • flutter/dev/benchmarks/platform_views_layout/test_driver/scroll_perf_hcpp_test.dart:12:5 • undefined_function
  error • Undefined name 'FlutterDriver'. Try correcting the name to one that is defined, or defining the name • flutter/dev/benchmarks/platform_views_layout/test_driver/scroll_perf_hcpp_test.dart:13:22 • undefined_identifier
  error • The function 'tearDownAll' isn't defined. Try importing the library that defines 'tearDownAll', correcting the name to the name of an existing function, or defining a function named 'tearDownAll' • flutter/dev/benchmarks/platform_views_layout/test_driver/scroll_perf_hcpp_test.dart:18:5 • undefined_function
  error • Undefined class 'Timeline'. Try changing the name to the name of an existing class, or creating a class with the name 'Timeline' • flutter/dev/benchmarks/platform_views_layout/test_driver/scroll_perf_hcpp_test.dart:31:13 • undefined_class
  error • Undefined class 'SerializableFinder'. Try changing the name to the name of an existing class, or creating a class with the name 'SerializableFinder' • flutter/dev/benchmarks/platform_views_layout/test_driver/scroll_perf_hcpp_test.dart:33:15 • undefined_class
  error • Undefined name 'find'. Try correcting the name to one that is defined, or defining the name • flutter/dev/benchmarks/platform_views_layout/test_driver/scroll_perf_hcpp_test.dart:33:41 • undefined_identifier
   info • Specify the type of a local variable when the type is non-obvious. Try adding a type annotation • flutter/dev/benchmarks/platform_views_layout/test_driver/scroll_perf_hcpp_test.dart:50:7 • specify_nonobvious_local_variable_types
  error • Undefined name 'TimelineSummary'. Try correcting the name to one that is defined, or defining the name • flutter/dev/benchmarks/platform_views_layout/test_driver/scroll_perf_hcpp_test.dart:50:23 • undefined_identifier
  error • The function 'test' isn't defined. Try importing the library that defines 'test', correcting the name to the name of an existing function, or defining a function named 'test' • flutter/dev/benchmarks/platform_views_layout/test_driver/scroll_perf_hcpp_test.dart:54:5 • undefined_function
  error • Undefined name 'Timeout'. Try correcting the name to one that is defined, or defining the name • flutter/dev/benchmarks/platform_views_layout/test_driver/scroll_perf_hcpp_test.dart:59:17 • undefined_identifier
  error • Target of URI doesn't exist: 'package:flutter_driver/flutter_driver.dart'. Try creating the file referenced by the URI, or try using a URI for a file that does exist • flutter/dev/benchmarks/platform_views_layout/test_driver/scroll_perf_non_intersecting_test.dart:5:8 • uri_does_not_exist
  error • Target of URI doesn't exist: 'package:test/test.dart'. Try creating the file referenced by the URI, or try using a URI for a file that does exist • flutter/dev/benchmarks/platform_views_layout/test_driver/scroll_perf_non_intersecting_test.dart:6:8 • uri_does_not_exist
  error • The function 'group' isn't defined. Try importing the library that defines 'group', correcting the name to the name of an existing function, or defining a function named 'group' • flutter/dev/benchmarks/platform_views_layout/test_driver/scroll_perf_non_intersecting_test.dart:9:3 • undefined_function
  error • Undefined class 'FlutterDriver'. Try changing the name to the name of an existing class, or creating a class with the name 'FlutterDriver' • flutter/dev/benchmarks/platform_views_layout/test_driver/scroll_perf_non_intersecting_test.dart:10:10 • undefined_class
  error • The function 'setUpAll' isn't defined. Try importing the library that defines 'setUpAll', correcting the name to the name of an existing function, or defining a function named 'setUpAll' • flutter/dev/benchmarks/platform_views_layout/test_driver/scroll_perf_non_intersecting_test.dart:12:5 • undefined_function
  error • Undefined name 'FlutterDriver'. Try correcting the name to one that is defined, or defining the name • flutter/dev/benchmarks/platform_views_layout/test_driver/scroll_perf_non_intersecting_test.dart:13:22 • undefined_identifier
  error • The function 'tearDownAll' isn't defined. Try importing the library that defines 'tearDownAll', correcting the name to the name of an existing function, or defining a function named 'tearDownAll' • flutter/dev/benchmarks/platform_views_layout/test_driver/scroll_perf_non_intersecting_test.dart:18:5 • undefined_function
  error • Undefined class 'Timeline'. Try changing the name to the name of an existing class, or creating a class with the name 'Timeline' • flutter/dev/benchmarks/platform_views_layout/test_driver/scroll_perf_non_intersecting_test.dart:31:13 • undefined_class
  error • Undefined class 'SerializableFinder'. Try changing the name to the name of an existing class, or creating a class with the name 'SerializableFinder' • flutter/dev/benchmarks/platform_views_layout/test_driver/scroll_perf_non_intersecting_test.dart:33:15 • undefined_class
  error • Undefined name 'find'. Try correcting the name to one that is defined, or defining the name • flutter/dev/benchmarks/platform_views_layout/test_driver/scroll_perf_non_intersecting_test.dart:33:41 • undefined_identifier
   info • Specify the type of a local variable when the type is non-obvious. Try adding a type annotation • flutter/dev/benchmarks/platform_views_layout/test_driver/scroll_perf_non_intersecting_test.dart:50:7 • specify_nonobvious_local_variable_types
  error • Undefined name 'TimelineSummary'. Try correcting the name to one that is defined, or defining the name • flutter/dev/benchmarks/platform_views_layout/test_driver/scroll_perf_non_intersecting_test.dart:50:23 • undefined_identifier
  error • The function 'test' isn't defined. Try importing the library that defines 'test', correcting the name to the name of an existing function, or defining a function named 'test' • flutter/dev/benchmarks/platform_views_layout/test_driver/scroll_perf_non_intersecting_test.dart:54:5 • undefined_function
  error • Undefined name 'Timeout'. Try correcting the name to one that is defined, or defining the name • flutter/dev/benchmarks/platform_views_layout/test_driver/scroll_perf_non_intersecting_test.dart:62:17 • undefined_identifier
  error • Target of URI doesn't exist: 'package:flutter_driver/flutter_driver.dart'. Try creating the file referenced by the URI, or try using a URI for a file that does exist • flutter/dev/benchmarks/platform_views_layout/test_driver/scroll_perf_test.dart:5:8 • uri_does_not_exist
  error • Target of URI doesn't exist: 'package:test/test.dart'. Try creating the file referenced by the URI, or try using a URI for a file that does exist • flutter/dev/benchmarks/platform_views_layout/test_driver/scroll_perf_test.dart:6:8 • uri_does_not_exist
  error • The function 'group' isn't defined. Try importing the library that defines 'group', correcting the name to the name of an existing function, or defining a function named 'group' • flutter/dev/benchmarks/platform_views_layout/test_driver/scroll_perf_test.dart:9:3 • undefined_function
  error • Undefined class 'FlutterDriver'. Try changing the name to the name of an existing class, or creating a class with the name 'FlutterDriver' • flutter/dev/benchmarks/platform_views_layout/test_driver/scroll_perf_test.dart:10:10 • undefined_class
  error • The function 'setUpAll' isn't defined. Try importing the library that defines 'setUpAll', correcting the name to the name of an existing function, or defining a function named 'setUpAll' • flutter/dev/benchmarks/platform_views_layout/test_driver/scroll_perf_test.dart:12:5 • undefined_function
  error • Undefined name 'FlutterDriver'. Try correcting the name to one that is defined, or defining the name • flutter/dev/benchmarks/platform_views_layout/test_driver/scroll_perf_test.dart:13:22 • undefined_identifier
  error • The function 'tearDownAll' isn't defined. Try importing the library that defines 'tearDownAll', correcting the name to the name of an existing function, or defining a function named 'tearDownAll' • flutter/dev/benchmarks/platform_views_layout/test_driver/scroll_perf_test.dart:18:5 • undefined_function
  error • Undefined class 'Timeline'. Try changing the name to the name of an existing class, or creating a class with the name 'Timeline' • flutter/dev/benchmarks/platform_views_layout/test_driver/scroll_perf_test.dart:31:13 • undefined_class
  error • Undefined class 'SerializableFinder'. Try changing the name to the name of an existing class, or creating a class with the name 'SerializableFinder' • flutter/dev/benchmarks/platform_views_layout/test_driver/scroll_perf_test.dart:33:15 • undefined_class
  error • Undefined name 'find'. Try correcting the name to one that is defined, or defining the name • flutter/dev/benchmarks/platform_views_layout/test_driver/scroll_perf_test.dart:33:41 • undefined_identifier
   info • Specify the type of a local variable when the type is non-obvious. Try adding a type annotation • flutter/dev/benchmarks/platform_views_layout/test_driver/scroll_perf_test.dart:50:7 • specify_nonobvious_local_variable_types
  error • Undefined name 'TimelineSummary'. Try correcting the name to one that is defined, or defining the name • flutter/dev/benchmarks/platform_views_layout/test_driver/scroll_perf_test.dart:50:23 • undefined_identifier
  error • The function 'test' isn't defined. Try importing the library that defines 'test', correcting the name to the name of an existing function, or defining a function named 'test' • flutter/dev/benchmarks/platform_views_layout/test_driver/scroll_perf_test.dart:54:5 • undefined_function
  error • Undefined name 'Timeout'. Try correcting the name to one that is defined, or defining the name • flutter/dev/benchmarks/platform_views_layout/test_driver/scroll_perf_test.dart:59:17 • undefined_identifier
  error • Target of URI doesn't exist: 'package:flutter_driver/driver_extension.dart'. Try creating the file referenced by the URI, or try using a URI for a file that does exist • flutter/dev/benchmarks/platform_views_layout/test_driver/uikit_view_scroll_perf.dart:6:8 • uri_does_not_exist
  error • Target of URI doesn't exist: 'package:platform_views_layout/main.dart'. Try creating the file referenced by the URI, or try using a URI for a file that does exist • flutter/dev/benchmarks/platform_views_layout/test_driver/uikit_view_scroll_perf.dart:8:8 • uri_does_not_exist
  error • The function 'enableFlutterDriverExtension' isn't defined. Try importing the library that defines 'enableFlutterDriverExtension', correcting the name to the name of an existing function, or defining a function named 'enableFlutterDriverExtension' • flutter/dev/benchmarks/platform_views_layout/test_driver/uikit_view_scroll_perf.dart:11:3 • undefined_function
  error • Target of URI doesn't exist: 'package:flutter_driver/driver_extension.dart'. Try creating the file referenced by the URI, or try using a URI for a file that does exist • flutter/dev/benchmarks/platform_views_layout/test_driver/uikit_view_scroll_perf_ad_banners.dart:6:8 • uri_does_not_exist
  error • Target of URI doesn't exist: 'package:platform_views_layout/main_ad_banners.dart'. Try creating the file referenced by the URI, or try using a URI for a file that does exist • flutter/dev/benchmarks/platform_views_layout/test_driver/uikit_view_scroll_perf_ad_banners.dart:8:8 • uri_does_not_exist
  error • The function 'enableFlutterDriverExtension' isn't defined. Try importing the library that defines 'enableFlutterDriverExtension', correcting the name to the name of an existing function, or defining a function named 'enableFlutterDriverExtension' • flutter/dev/benchmarks/platform_views_layout/test_driver/uikit_view_scroll_perf_ad_banners.dart:11:3 • undefined_function
  error • Target of URI doesn't exist: 'package:flutter_driver/driver_extension.dart'. Try creating the file referenced by the URI, or try using a URI for a file that does exist • flutter/dev/benchmarks/platform_views_layout/test_driver/uikit_view_scroll_perf_bottom_ad_banner.dart:6:8 • uri_does_not_exist
  error • Target of URI doesn't exist: 'package:platform_views_layout/main_bottom_ad_banner.dart'. Try creating the file referenced by the URI, or try using a URI for a file that does exist • flutter/dev/benchmarks/platform_views_layout/test_driver/uikit_view_scroll_perf_bottom_ad_banner.dart:8:8 • uri_does_not_exist
  error • The function 'enableFlutterDriverExtension' isn't defined. Try importing the library that defines 'enableFlutterDriverExtension', correcting the name to the name of an existing function, or defining a function named 'enableFlutterDriverExtension' • flutter/dev/benchmarks/platform_views_layout/test_driver/uikit_view_scroll_perf_bottom_ad_banner.dart:11:3 • undefined_function
  error • Target of URI doesn't exist: 'package:flutter_driver/driver_extension.dart'. Try creating the file referenced by the URI, or try using a URI for a file that does exist • flutter/dev/benchmarks/platform_views_layout/test_driver/uikit_view_scroll_perf_non_intersecting.dart:6:8 • uri_does_not_exist
  error • Target of URI doesn't exist: 'package:platform_views_layout/main_non_intersecting.dart'. Try creating the file referenced by the URI, or try using a URI for a file that does exist • flutter/dev/benchmarks/platform_views_layout/test_driver/uikit_view_scroll_perf_non_intersecting.dart:8:8 • uri_does_not_exist
  error • The function 'enableFlutterDriverExtension' isn't defined. Try importing the library that defines 'enableFlutterDriverExtension', correcting the name to the name of an existing function, or defining a function named 'enableFlutterDriverExtension' • flutter/dev/benchmarks/platform_views_layout/test_driver/uikit_view_scroll_perf_non_intersecting.dart:11:3 • undefined_function
  error • Target of URI doesn't exist: 'package:flutter_driver/driver_extension.dart'. Try creating the file referenced by the URI, or try using a URI for a file that does exist • flutter/dev/benchmarks/platform_views_layout_hybrid_composition/lib/main.dart:8:8 • uri_does_not_exist
  error • The function 'enableFlutterDriverExtension' isn't defined. Try importing the library that defines 'enableFlutterDriverExtension', correcting the name to the name of an existing function, or defining a function named 'enableFlutterDriverExtension' • flutter/dev/benchmarks/platform_views_layout_hybrid_composition/lib/main.dart:13:3 • undefined_function
  error • Target of URI doesn't exist: 'package:flutter_driver/driver_extension.dart'. Try creating the file referenced by the URI, or try using a URI for a file that does exist • flutter/dev/benchmarks/platform_views_layout_hybrid_composition/test_driver/android_view_scroll_perf.dart:6:8 • uri_does_not_exist
  error • Target of URI doesn't exist: 'package:platform_views_layout_hybrid_composition/main.dart'. Try creating the file referenced by the URI, or try using a URI for a file that does exist • flutter/dev/benchmarks/platform_views_layout_hybrid_composition/test_driver/android_view_scroll_perf.dart:8:8 • uri_does_not_exist
  error • The function 'enableFlutterDriverExtension' isn't defined. Try importing the library that defines 'enableFlutterDriverExtension', correcting the name to the name of an existing function, or defining a function named 'enableFlutterDriverExtension' • flutter/dev/benchmarks/platform_views_layout_hybrid_composition/test_driver/android_view_scroll_perf.dart:11:3 • undefined_function
  error • Target of URI doesn't exist: 'package:flutter_driver/flutter_driver.dart'. Try creating the file referenced by the URI, or try using a URI for a file that does exist • flutter/dev/benchmarks/platform_views_layout_hybrid_composition/test_driver/scroll_perf_test.dart:5:8 • uri_does_not_exist
  error • Target of URI doesn't exist: 'package:test/test.dart'. Try creating the file referenced by the URI, or try using a URI for a file that does exist • flutter/dev/benchmarks/platform_views_layout_hybrid_composition/test_driver/scroll_perf_test.dart:6:8 • uri_does_not_exist
  error • The function 'group' isn't defined. Try importing the library that defines 'group', correcting the name to the name of an existing function, or defining a function named 'group' • flutter/dev/benchmarks/platform_views_layout_hybrid_composition/test_driver/scroll_perf_test.dart:9:3 • undefined_function
  error • Undefined class 'FlutterDriver'. Try changing the name to the name of an existing class, or creating a class with the name 'FlutterDriver' • flutter/dev/benchmarks/platform_views_layout_hybrid_composition/test_driver/scroll_perf_test.dart:10:10 • undefined_class
  error • The function 'setUpAll' isn't defined. Try importing the library that defines 'setUpAll', correcting the name to the name of an existing function, or defining a function named 'setUpAll' • flutter/dev/benchmarks/platform_views_layout_hybrid_composition/test_driver/scroll_perf_test.dart:12:5 • undefined_function
  error • Undefined name 'FlutterDriver'. Try correcting the name to one that is defined, or defining the name • flutter/dev/benchmarks/platform_views_layout_hybrid_composition/test_driver/scroll_perf_test.dart:13:22 • undefined_identifier
  error • The function 'tearDownAll' isn't defined. Try importing the library that defines 'tearDownAll', correcting the name to the name of an existing function, or defining a function named 'tearDownAll' • flutter/dev/benchmarks/platform_views_layout_hybrid_composition/test_driver/scroll_perf_test.dart:18:5 • undefined_function
  error • Undefined class 'Timeline'. Try changing the name to the name of an existing class, or creating a class with the name 'Timeline' • flutter/dev/benchmarks/platform_views_layout_hybrid_composition/test_driver/scroll_perf_test.dart:31:13 • undefined_class
  error • Undefined class 'SerializableFinder'. Try changing the name to the name of an existing class, or creating a class with the name 'SerializableFinder' • flutter/dev/benchmarks/platform_views_layout_hybrid_composition/test_driver/scroll_perf_test.dart:33:15 • undefined_class
  error • Undefined name 'find'. Try correcting the name to one that is defined, or defining the name • flutter/dev/benchmarks/platform_views_layout_hybrid_composition/test_driver/scroll_perf_test.dart:33:41 • undefined_identifier
  error • The function 'expect' isn't defined. Try importing the library that defines 'expect', correcting the name to the name of an existing function, or defining a function named 'expect' • flutter/dev/benchmarks/platform_views_layout_hybrid_composition/test_driver/scroll_perf_test.dart:34:9 • undefined_function
  error • Undefined name 'isNotNull'. Try correcting the name to one that is defined, or defining the name • flutter/dev/benchmarks/platform_views_layout_hybrid_composition/test_driver/scroll_perf_test.dart:34:22 • undefined_identifier
   info • Specify the type of a local variable when the type is non-obvious. Try adding a type annotation • flutter/dev/benchmarks/platform_views_layout_hybrid_composition/test_driver/scroll_perf_test.dart:49:7 • specify_nonobvious_local_variable_types
  error • Undefined name 'TimelineSummary'. Try correcting the name to one that is defined, or defining the name • flutter/dev/benchmarks/platform_views_layout_hybrid_composition/test_driver/scroll_perf_test.dart:49:23 • undefined_identifier
  error • The function 'test' isn't defined. Try importing the library that defines 'test', correcting the name to the name of an existing function, or defining a function named 'test' • flutter/dev/benchmarks/platform_views_layout_hybrid_composition/test_driver/scroll_perf_test.dart:53:5 • undefined_function
  error • Undefined name 'Timeout'. Try correcting the name to one that is defined, or defining the name • flutter/dev/benchmarks/platform_views_layout_hybrid_composition/test_driver/scroll_perf_test.dart:61:17 • undefined_identifier
  error • Target of URI doesn't exist: 'package:flutter_driver/driver_extension.dart'. Try creating the file referenced by the URI, or try using a URI for a file that does exist • flutter/dev/benchmarks/platform_views_layout_hybrid_composition/test_driver/uikit_view_scroll_perf.dart:6:8 • uri_does_not_exist
  error • Target of URI doesn't exist: 'package:platform_views_layout_hybrid_composition/main.dart'. Try creating the file referenced by the URI, or try using a URI for a file that does exist • flutter/dev/benchmarks/platform_views_layout_hybrid_composition/test_driver/uikit_view_scroll_perf.dart:8:8 • uri_does_not_exist
  error • The function 'enableFlutterDriverExtension' isn't defined. Try importing the library that defines 'enableFlutterDriverExtension', correcting the name to the name of an existing function, or defining a function named 'enableFlutterDriverExtension' • flutter/dev/benchmarks/platform_views_layout_hybrid_composition/test_driver/uikit_view_scroll_perf.dart:11:3 • undefined_function
  error • Target of URI doesn't exist: 'package:flutter_localizations/flutter_localizations.dart'. Try creating the file referenced by the URI, or try using a URI for a file that does exist • flutter/dev/benchmarks/test_apps/stocks/lib/i18n/stock_strings.dart:11:8 • uri_does_not_exist
  error • Target of URI doesn't exist: 'package:intl/intl.dart'. Try creating the file referenced by the URI, or try using a URI for a file that does exist • flutter/dev/benchmarks/test_apps/stocks/lib/i18n/stock_strings.dart:12:8 • uri_does_not_exist
  error • Const variables must be initialized with a constant value. Try changing the initializer to be a constant expression • flutter/dev/benchmarks/test_apps/stocks/lib/i18n/stock_strings.dart:94:9 • const_initialized_with_non_constant_value
  error • The values in a const list literal must be constants. Try removing the keyword 'const' from the list literal • flutter/dev/benchmarks/test_apps/stocks/lib/i18n/stock_strings.dart:94:9 • non_constant_list_element
  error • Undefined name 'GlobalMaterialLocalizations'. Try correcting the name to one that is defined, or defining the name • flutter/dev/benchmarks/test_apps/stocks/lib/i18n/stock_strings.dart:94:9 • undefined_identifier
  error • The values in a const list literal must be constants. Try removing the keyword 'const' from the list literal • flutter/dev/benchmarks/test_apps/stocks/lib/i18n/stock_strings.dart:95:9 • non_constant_list_element
  error • Undefined name 'GlobalCupertinoLocalizations'. Try correcting the name to one that is defined, or defining the name • flutter/dev/benchmarks/test_apps/stocks/lib/i18n/stock_strings.dart:95:9 • undefined_identifier
  error • The values in a const list literal must be constants. Try removing the keyword 'const' from the list literal • flutter/dev/benchmarks/test_apps/stocks/lib/i18n/stock_strings.dart:96:9 • non_constant_list_element
  error • Undefined name 'GlobalWidgetsLocalizations'. Try correcting the name to one that is defined, or defining the name • flutter/dev/benchmarks/test_apps/stocks/lib/i18n/stock_strings.dart:96:9 • undefined_identifier
  error • Target of URI doesn't exist: 'package:intl/intl.dart'. Try creating the file referenced by the URI, or try using a URI for a file that does exist • flutter/dev/benchmarks/test_apps/stocks/lib/i18n/stock_strings_en.dart:8:8 • uri_does_not_exist
  error • Target of URI doesn't exist: 'package:intl/intl.dart'. Try creating the file referenced by the URI, or try using a URI for a file that does exist • flutter/dev/benchmarks/test_apps/stocks/lib/i18n/stock_strings_es.dart:8:8 • uri_does_not_exist
  error • Target of URI doesn't exist: 'package:http/http.dart'. Try creating the file referenced by the URI, or try using a URI for a file that does exist • flutter/dev/benchmarks/test_apps/stocks/lib/stock_data.dart:14:8 • uri_does_not_exist
  error • Target of URI doesn't exist: 'package:stocks/main.dart'. Try creating the file referenced by the URI, or try using a URI for a file that does exist • flutter/dev/benchmarks/test_apps/stocks/test/icon_color_test.dart:7:8 • uri_does_not_exist
  error • Target of URI doesn't exist: 'package:stocks/stock_data.dart'. Try creating the file referenced by the URI, or try using a URI for a file that does exist • flutter/dev/benchmarks/test_apps/stocks/test/icon_color_test.dart:8:8 • uri_does_not_exist
  error • Target of URI doesn't exist: 'package:stocks/main.dart'. Try creating the file referenced by the URI, or try using a URI for a file that does exist • flutter/dev/benchmarks/test_apps/stocks/test/locale_test.dart:6:8 • uri_does_not_exist
  error • Target of URI doesn't exist: 'package:stocks/stock_data.dart'. Try creating the file referenced by the URI, or try using a URI for a file that does exist • flutter/dev/benchmarks/test_apps/stocks/test/locale_test.dart:7:8 • uri_does_not_exist
  error • Target of URI doesn't exist: 'package:stocks/main.dart'. Try creating the file referenced by the URI, or try using a URI for a file that does exist • flutter/dev/benchmarks/test_apps/stocks/test/search_test.dart:7:8 • uri_does_not_exist
  error • Target of URI doesn't exist: 'package:stocks/stock_data.dart'. Try creating the file referenced by the URI, or try using a URI for a file that does exist • flutter/dev/benchmarks/test_apps/stocks/test/search_test.dart:8:8 • uri_does_not_exist
  error • Target of URI doesn't exist: 'package:flutter_driver/driver_extension.dart'. Try creating the file referenced by the URI, or try using a URI for a file that does exist • flutter/dev/benchmarks/test_apps/stocks/test_driver/scroll_perf.dart:5:8 • uri_does_not_exist
  error • Target of URI doesn't exist: 'package:stocks/main.dart'. Try creating the file referenced by the URI, or try using a URI for a file that does exist • flutter/dev/benchmarks/test_apps/stocks/test_driver/scroll_perf.dart:6:8 • uri_does_not_exist
  error • The function 'enableFlutterDriverExtension' isn't defined. Try importing the library that defines 'enableFlutterDriverExtension', correcting the name to the name of an existing function, or defining a function named 'enableFlutterDriverExtension' • flutter/dev/benchmarks/test_apps/stocks/test_driver/scroll_perf.dart:9:3 • undefined_function
  error • Target of URI doesn't exist: 'package:flutter_driver/flutter_driver.dart'. Try creating the file referenced by the URI, or try using a URI for a file that does exist • flutter/dev/benchmarks/test_apps/stocks/test_driver/scroll_perf_test.dart:7:8 • uri_does_not_exist
  error • Target of URI doesn't exist: 'package:test/test.dart'. Try creating the file referenced by the URI, or try using a URI for a file that does exist • flutter/dev/benchmarks/test_apps/stocks/test_driver/scroll_perf_test.dart:8:8 • uri_does_not_exist
  error • The function 'group' isn't defined. Try importing the library that defines 'group', correcting the name to the name of an existing function, or defining a function named 'group' • flutter/dev/benchmarks/test_apps/stocks/test_driver/scroll_perf_test.dart:11:3 • undefined_function
  error • Undefined class 'FlutterDriver'. Try changing the name to the name of an existing class, or creating a class with the name 'FlutterDriver' • flutter/dev/benchmarks/test_apps/stocks/test_driver/scroll_perf_test.dart:12:10 • undefined_class
  error • The function 'setUpAll' isn't defined. Try importing the library that defines 'setUpAll', correcting the name to the name of an existing function, or defining a function named 'setUpAll' • flutter/dev/benchmarks/test_apps/stocks/test_driver/scroll_perf_test.dart:14:5 • undefined_function
  error • Undefined name 'FlutterDriver'. Try correcting the name to one that is defined, or defining the name • flutter/dev/benchmarks/test_apps/stocks/test_driver/scroll_perf_test.dart:15:22 • undefined_identifier
  error • The function 'tearDownAll' isn't defined. Try importing the library that defines 'tearDownAll', correcting the name to the name of an existing function, or defining a function named 'tearDownAll' • flutter/dev/benchmarks/test_apps/stocks/test_driver/scroll_perf_test.dart:18:5 • undefined_function
  error • The function 'test' isn't defined. Try importing the library that defines 'test', correcting the name to the name of an existing function, or defining a function named 'test' • flutter/dev/benchmarks/test_apps/stocks/test_driver/scroll_perf_test.dart:22:5 • undefined_function
  error • Undefined class 'Timeline'. Try changing the name to the name of an existing class, or creating a class with the name 'Timeline' • flutter/dev/benchmarks/test_apps/stocks/test_driver/scroll_perf_test.dart:23:13 • undefined_class
  error • Undefined class 'SerializableFinder'. Try changing the name to the name of an existing class, or creating a class with the name 'SerializableFinder' • flutter/dev/benchmarks/test_apps/stocks/test_driver/scroll_perf_test.dart:25:15 • undefined_class
  error • Undefined name 'find'. Try correcting the name to one that is defined, or defining the name • flutter/dev/benchmarks/test_apps/stocks/test_driver/scroll_perf_test.dart:25:46 • undefined_identifier
  error • The function 'expect' isn't defined. Try importing the library that defines 'expect', correcting the name to the name of an existing function, or defining a function named 'expect' • flutter/dev/benchmarks/test_apps/stocks/test_driver/scroll_perf_test.dart:26:9 • undefined_function
  error • Undefined name 'isNotNull'. Try correcting the name to one that is defined, or defining the name • flutter/dev/benchmarks/test_apps/stocks/test_driver/scroll_perf_test.dart:26:27 • undefined_identifier
   info • Specify the type of a local variable when the type is non-obvious. Try adding a type annotation • flutter/dev/benchmarks/test_apps/stocks/test_driver/scroll_perf_test.dart:41:7 • specify_nonobvious_local_variable_types
  error • Undefined name 'TimelineSummary'. Try correcting the name to one that is defined, or defining the name • flutter/dev/benchmarks/test_apps/stocks/test_driver/scroll_perf_test.dart:41:23 • undefined_identifier
  error • Undefined name 'Timeout'. Try correcting the name to one that is defined, or defining the name • flutter/dev/benchmarks/test_apps/stocks/test_driver/scroll_perf_test.dart:43:17 • undefined_identifier
  error • Target of URI doesn't exist: 'package:flutter_driver/driver_extension.dart'. Try creating the file referenced by the URI, or try using a URI for a file that does exist • flutter/dev/benchmarks/test_apps/stocks/test_driver/stock_view.dart:5:8 • uri_does_not_exist
  error • Target of URI doesn't exist: 'package:stocks/main.dart'. Try creating the file referenced by the URI, or try using a URI for a file that does exist • flutter/dev/benchmarks/test_apps/stocks/test_driver/stock_view.dart:6:8 • uri_does_not_exist
  error • The function 'enableFlutterDriverExtension' isn't defined. Try importing the library that defines 'enableFlutterDriverExtension', correcting the name to the name of an existing function, or defining a function named 'enableFlutterDriverExtension' • flutter/dev/benchmarks/test_apps/stocks/test_driver/stock_view.dart:9:3 • undefined_function
  error • Target of URI doesn't exist: 'package:flutter_driver/flutter_driver.dart'. Try creating the file referenced by the URI, or try using a URI for a file that does exist • flutter/dev/benchmarks/test_apps/stocks/test_driver/stock_view_test.dart:7:8 • uri_does_not_exist
  error • Target of URI doesn't exist: 'package:test/test.dart'. Try creating the file referenced by the URI, or try using a URI for a file that does exist • flutter/dev/benchmarks/test_apps/stocks/test_driver/stock_view_test.dart:8:8 • uri_does_not_exist
  error • The function 'group' isn't defined. Try importing the library that defines 'group', correcting the name to the name of an existing function, or defining a function named 'group' • flutter/dev/benchmarks/test_apps/stocks/test_driver/stock_view_test.dart:11:3 • undefined_function
  error • Undefined class 'FlutterDriver'. Try changing the name to the name of an existing class, or creating a class with the name 'FlutterDriver' • flutter/dev/benchmarks/test_apps/stocks/test_driver/stock_view_test.dart:12:10 • undefined_class
  error • The function 'setUpAll' isn't defined. Try importing the library that defines 'setUpAll', correcting the name to the name of an existing function, or defining a function named 'setUpAll' • flutter/dev/benchmarks/test_apps/stocks/test_driver/stock_view_test.dart:14:5 • undefined_function
  error • Undefined name 'FlutterDriver'. Try correcting the name to one that is defined, or defining the name • flutter/dev/benchmarks/test_apps/stocks/test_driver/stock_view_test.dart:15:22 • undefined_identifier
  error • The function 'tearDownAll' isn't defined. Try importing the library that defines 'tearDownAll', correcting the name to the name of an existing function, or defining a function named 'tearDownAll' • flutter/dev/benchmarks/test_apps/stocks/test_driver/stock_view_test.dart:18:5 • undefined_function
  error • The function 'test' isn't defined. Try importing the library that defines 'test', correcting the name to the name of an existing function, or defining a function named 'test' • flutter/dev/benchmarks/test_apps/stocks/test_driver/stock_view_test.dart:22:5 • undefined_function
  error • Undefined class 'SerializableFinder'. Try changing the name to the name of an existing class, or creating a class with the name 'SerializableFinder' • flutter/dev/benchmarks/test_apps/stocks/test_driver/stock_view_test.dart:23:13 • undefined_class
  error • Undefined name 'find'. Try correcting the name to one that is defined, or defining the name • flutter/dev/benchmarks/test_apps/stocks/test_driver/stock_view_test.dart:23:44 • undefined_identifier
  error • The function 'expect' isn't defined. Try importing the library that defines 'expect', correcting the name to the name of an existing function, or defining a function named 'expect' • flutter/dev/benchmarks/test_apps/stocks/test_driver/stock_view_test.dart:24:7 • undefined_function
  error • Undefined name 'isNotNull'. Try correcting the name to one that is defined, or defining the name • flutter/dev/benchmarks/test_apps/stocks/test_driver/stock_view_test.dart:24:25 • undefined_identifier
  error • Undefined name 'Timeout'. Try correcting the name to one that is defined, or defining the name • flutter/dev/benchmarks/test_apps/stocks/test_driver/stock_view_test.dart:25:17 • undefined_identifier
  error • The function 'test' isn't defined. Try importing the library that defines 'test', correcting the name to the name of an existing function, or defining a function named 'test' • flutter/dev/benchmarks/test_apps/stocks/test_driver/stock_view_test.dart:27:5 • undefined_function
  error • Undefined class 'SerializableFinder'. Try changing the name to the name of an existing class, or creating a class with the name 'SerializableFinder' • flutter/dev/benchmarks/test_apps/stocks/test_driver/stock_view_test.dart:30:15 • undefined_class
  error • Undefined name 'find'. Try correcting the name to one that is defined, or defining the name • flutter/dev/benchmarks/test_apps/stocks/test_driver/stock_view_test.dart:30:46 • undefined_identifier
  error • The function 'expect' isn't defined. Try importing the library that defines 'expect', correcting the name to the name of an existing function, or defining a function named 'expect' • flutter/dev/benchmarks/test_apps/stocks/test_driver/stock_view_test.dart:31:9 • undefined_function
  error • Undefined name 'isNotNull'. Try correcting the name to one that is defined, or defining the name • flutter/dev/benchmarks/test_apps/stocks/test_driver/stock_view_test.dart:31:27 • undefined_identifier
  error • Undefined class 'SerializableFinder'. Try changing the name to the name of an existing class, or creating a class with the name 'SerializableFinder' • flutter/dev/benchmarks/test_apps/stocks/test_driver/stock_view_test.dart:33:15 • undefined_class
  error • Undefined name 'find'. Try correcting the name to one that is defined, or defining the name • flutter/dev/benchmarks/test_apps/stocks/test_driver/stock_view_test.dart:33:49 • undefined_identifier
  error • Undefined class 'SerializableFinder'. Try changing the name to the name of an existing class, or creating a class with the name 'SerializableFinder' • flutter/dev/benchmarks/test_apps/stocks/test_driver/stock_view_test.dart:39:15 • undefined_class
  error • Undefined name 'find'. Try correcting the name to one that is defined, or defining the name • flutter/dev/benchmarks/test_apps/stocks/test_driver/stock_view_test.dart:39:48 • undefined_identifier
  error • The function 'expect' isn't defined. Try importing the library that defines 'expect', correcting the name to the name of an existing function, or defining a function named 'expect' • flutter/dev/benchmarks/test_apps/stocks/test_driver/stock_view_test.dart:42:9 • undefined_function
  error • Undefined name 'Timeout'. Try correcting the name to one that is defined, or defining the name • flutter/dev/benchmarks/test_apps/stocks/test_driver/stock_view_test.dart:45:16 • undefined_identifier
  error • Target of URI doesn't exist: 'package:analyzer/dart/analysis/features.dart'. Try creating the file referenced by the URI, or try using a URI for a file that does exist • flutter/dev/bots/analyze.dart:10:8 • uri_does_not_exist
  error • Target of URI doesn't exist: 'package:analyzer/dart/analysis/results.dart'. Try creating the file referenced by the URI, or try using a URI for a file that does exist • flutter/dev/bots/analyze.dart:11:8 • uri_does_not_exist
  error • Target of URI doesn't exist: 'package:analyzer/dart/analysis/utilities.dart'. Try creating the file referenced by the URI, or try using a URI for a file that does exist • flutter/dev/bots/analyze.dart:12:8 • uri_does_not_exist
  error • Target of URI doesn't exist: 'package:analyzer/dart/ast/ast.dart'. Try creating the file referenced by the URI, or try using a URI for a file that does exist • flutter/dev/bots/analyze.dart:13:8 • uri_does_not_exist
  error • Target of URI doesn't exist: 'package:analyzer/dart/ast/visitor.dart'. Try creating the file referenced by the URI, or try using a URI for a file that does exist • flutter/dev/bots/analyze.dart:14:8 • uri_does_not_exist
  error • Undefined class 'FeatureSet'. Try changing the name to the name of an existing class, or creating a class with the name 'FeatureSet' • flutter/dev/bots/analyze.dart:395:1 • undefined_class
  error • Undefined name 'FeatureSet'. Try correcting the name to one that is defined, or defining the name • flutter/dev/bots/analyze.dart:395:36 • undefined_identifier
  error • Undefined class 'ParseStringResult'. Try changing the name to the name of an existing class, or creating a class with the name 'ParseStringResult' • flutter/dev/bots/analyze.dart:397:16 • undefined_class
  error • Classes can only extend other classes. Try specifying a different superclass, or removing the extends clause • flutter/dev/bots/analyze.dart:794:43 • extends_non_class
  error • Undefined class 'ParseStringResult'. Try changing the name to the name of an existing class, or creating a class with the name 'ParseStringResult' • flutter/dev/bots/analyze.dart:797:9 • undefined_class
  error • Undefined class 'AstNode'. Try changing the name to the name of an existing class, or creating a class with the name 'AstNode' • flutter/dev/bots/analyze.dart:818:30 • undefined_class
warning • The method doesn't override an inherited method. Try updating this class to match the superclass, or removing the override annotation • flutter/dev/bots/analyze.dart:824:8 • override_on_non_overriding_member
  error • Undefined class 'Annotation'. Try changing the name to the name of an existing class, or creating a class with the name 'Annotation' • flutter/dev/bots/analyze.dart:824:24 • undefined_class
  error • The method 'visitAnnotation' isn't defined in a superclass of '_DeprecationMessagesVisitor'. Try correcting the name to the name of an existing method, or defining a method named 'visitAnnotation' in a superclass • flutter/dev/bots/analyze.dart:825:11 • undefined_super_member
  error • Undefined class 'NodeList'. Try changing the name to the name of an existing class, or creating a class with the name 'NodeList' • flutter/dev/bots/analyze.dart:833:11 • undefined_class
  error • The name 'Expression' isn't a type, so it can't be used as a type argument. Try correcting the name to an existing type, or defining a type named 'Expression' • flutter/dev/bots/analyze.dart:833:20 • non_type_as_type_argument
  error • Undefined class 'Expression'. Try changing the name to the name of an existing class, or creating a class with the name 'Expression' • flutter/dev/bots/analyze.dart:841:11 • undefined_class
  error • The name 'AdjacentStrings' isn't defined, so it can't be used in an 'is' expression. Try changing the name to the name of an existing type, or creating a type with the name 'AdjacentStrings' • flutter/dev/bots/analyze.dart:842:31 • type_test_with_undefined_name
  error • The name 'StringLiteral' isn't a type, so it can't be used as a type argument. Try correcting the name to an existing type, or defining a type named 'StringLiteral' • flutter/dev/bots/analyze.dart:846:16 • non_type_as_type_argument
  error • The name 'StringLiteral' isn't a type, so it can't be used as a type argument. Try correcting the name to an existing type, or defining a type named 'StringLiteral' • flutter/dev/bots/analyze.dart:847:20 • non_type_as_type_argument
  error • The name 'StringLiteral' isn't a type, so it can't be used as a type argument. Try correcting the name to an existing type, or defining a type named 'StringLiteral' • flutter/dev/bots/analyze.dart:851:20 • non_type_as_type_argument
  error • Undefined class 'StringLiteral'. Try changing the name to the name of an existing class, or creating a class with the name 'StringLiteral' • flutter/dev/bots/analyze.dart:851:52 • undefined_class
  error • The name 'SimpleStringLiteral' isn't defined, so it can't be used in an 'is' expression. Try changing the name to the name of an existing type, or creating a type with the name 'SimpleStringLiteral' • flutter/dev/bots/analyze.dart:854:57 • type_test_with_undefined_name
  error • The name 'SingleStringLiteral' isn't defined, so it can't be used in an 'is' expression. Try changing the name to the name of an existing type, or creating a type with the name 'SingleStringLiteral' • flutter/dev/bots/analyze.dart:886:23 • type_test_with_undefined_name
  error • Undefined class 'StringLiteral'. Try changing the name to the name of an existing class, or creating a class with the name 'StringLiteral' • flutter/dev/bots/analyze.dart:903:15 • undefined_class
  error • Undefined class 'ParseStringResult'. Try changing the name to the name of an existing class, or creating a class with the name 'ParseStringResult' • flutter/dev/bots/analyze.dart:943:11 • undefined_class
  error • The function 'parseFile' isn't defined. Try importing the library that defines 'parseFile', correcting the name to the name of an existing function, or defining a function named 'parseFile' • flutter/dev/bots/analyze.dart:943:43 • undefined_function
  error • The method 'visitCompilationUnit' isn't defined for the type '_DeprecationMessagesVisitor'. Try correcting the name to the name of an existing method, or defining a method named 'visitCompilationUnit' • flutter/dev/bots/analyze.dart:948:13 • undefined_method
  error • Undefined class 'ParseStringResult'. Try changing the name to the name of an existing class, or creating a class with the name 'ParseStringResult' • flutter/dev/bots/analyze.dart:1118:9 • undefined_class
  error • The function 'parseFile' isn't defined. Try importing the library that defines 'parseFile', correcting the name to the name of an existing function, or defining a function named 'parseFile' • flutter/dev/bots/analyze.dart:1118:41 • undefined_function
  error • The name 'CompilationUnit' isn't a type, so it can't be used as a type argument. Try correcting the name to an existing type, or defining a type named 'CompilationUnit' • flutter/dev/bots/analyze.dart:1122:41 • non_type_as_type_argument
  error • The method 'visitCompilationUnit' isn't defined for the type '_TestSkipLinesVisitor'. Try correcting the name to the name of an existing method, or defining a method named 'visitCompilationUnit' • flutter/dev/bots/analyze.dart:1123:11 • undefined_method
  error • Classes can only extend other classes. Try specifying a different superclass, or removing the extends clause • flutter/dev/bots/analyze.dart:1127:40 • extends_non_class
  error • Undefined class 'ParseStringResult'. Try changing the name to the name of an existing class, or creating a class with the name 'ParseStringResult' • flutter/dev/bots/analyze.dart:1130:9 • undefined_class
  error • Undefined class 'Label'. Try changing the name to the name of an existing class, or creating a class with the name 'Label' • flutter/dev/bots/analyze.dart:1141:38 • undefined_class
warning • The method doesn't override an inherited method. Try updating this class to match the superclass, or removing the override annotation • flutter/dev/bots/analyze.dart:1147:6 • override_on_non_overriding_member
  error • Undefined class 'MethodInvocation'. Try changing the name to the name of an existing class, or creating a class with the name 'MethodInvocation' • flutter/dev/bots/analyze.dart:1147:28 • undefined_class
  error • Undefined class 'Expression'. Try changing the name to the name of an existing class, or creating a class with the name 'Expression' • flutter/dev/bots/analyze.dart:1149:18 • undefined_class
  error • The name 'NamedExpression' isn't defined, so it can't be used in an 'is' expression. Try changing the name to the name of an existing type, or creating a type with the name 'NamedExpression' • flutter/dev/bots/analyze.dart:1150:25 • type_test_with_undefined_name
  error • The method 'visitMethodInvocation' isn't defined in a superclass of '_TestSkipLinesVisitor'. Try correcting the name to the name of an existing method, or defining a method named 'visitMethodInvocation' in a superclass • flutter/dev/bots/analyze.dart:1157:18 • undefined_super_member
  error • Classes can only extend other classes. Try specifying a different superclass, or removing the extends clause • flutter/dev/bots/analyze.dart:2484:38 • extends_non_class
  error • Undefined class 'ParseStringResult'. Try changing the name to the name of an existing class, or creating a class with the name 'ParseStringResult' • flutter/dev/bots/analyze.dart:2487:9 • undefined_class
  error • The name 'AstNode' isn't a type, so it can't be used as a type argument. Try correcting the name to an existing type, or defining a type named 'AstNode' • flutter/dev/bots/analyze.dart:2488:14 • non_type_as_type_argument
  error • The name 'AstNode' isn't a type, so it can't be used as a type argument. Try correcting the name to an existing type, or defining a type named 'AstNode' • flutter/dev/bots/analyze.dart:2488:33 • non_type_as_type_argument
warning • The method doesn't override an inherited method. Try updating this class to match the superclass, or removing the override annotation • flutter/dev/bots/analyze.dart:2494:8 • override_on_non_overriding_member
  error • Undefined class 'FieldDeclaration'. Try changing the name to the name of an existing class, or creating a class with the name 'FieldDeclaration' • flutter/dev/bots/analyze.dart:2494:30 • undefined_class
  error • The method 'visitFieldDeclaration' isn't defined in a superclass of '_DebugOnlyFieldVisitor'. Try correcting the name to the name of an existing method, or defining a method named 'visitFieldDeclaration' in a superclass • flutter/dev/bots/analyze.dart:2495:11 • undefined_super_member
  error • Undefined class 'Annotation'. Try changing the name to the name of an existing class, or creating a class with the name 'Annotation' • flutter/dev/bots/analyze.dart:2497:8 • undefined_class
  error • Undefined class 'ParseStringResult'. Try changing the name to the name of an existing class, or creating a class with the name 'ParseStringResult' • flutter/dev/bots/analyze.dart:2518:11 • undefined_class
  error • The function 'parseFile' isn't defined. Try importing the library that defines 'parseFile', correcting the name to the name of an existing function, or defining a function named 'parseFile' • flutter/dev/bots/analyze.dart:2518:42 • undefined_function
  error • The method 'visitCompilationUnit' isn't defined for the type '_DebugOnlyFieldVisitor'. Try correcting the name to the name of an existing method, or defining a method named 'visitCompilationUnit' • flutter/dev/bots/analyze.dart:2523:13 • undefined_method
  error • Undefined class 'AstNode'. Try changing the name to the name of an existing class, or creating a class with the name 'AstNode' • flutter/dev/bots/analyze.dart:2524:16 • undefined_class
  error • Target of URI doesn't exist: 'package:watcher/watcher.dart'. Try creating the file referenced by the URI, or try using a URI for a file that does exist • flutter/dev/bots/analyze_snippet_code.dart:77:8 • uri_does_not_exist
  error • Target of URI doesn't exist: 'package:yaml_edit/yaml_edit.dart'. Try creating the file referenced by the URI, or try using a URI for a file that does exist • flutter/dev/bots/analyze_snippet_code.dart:78:8 • uri_does_not_exist
  error • The method 'existsSync' can't be unconditionally invoked because the receiver can be 'null'. Try making the call conditional (using '?.') or adding a null check to the target ('!') • flutter/dev/bots/analyze_snippet_code.dart:550:53 • unchecked_use_of_nullable_value
  error • The property 'path' can't be unconditionally accessed because the receiver can be 'null'. Try making the access conditional (using '?.') or adding a null check to the target ('!') • flutter/dev/bots/analyze_snippet_code.dart:551:83 • unchecked_use_of_nullable_value
  error • The method 'existsSync' can't be unconditionally invoked because the receiver can be 'null'. Try making the call conditional (using '?.') or adding a null check to the target ('!') • flutter/dev/bots/analyze_snippet_code.dart:556:54 • unchecked_use_of_nullable_value
  error • The argument type 'Directory?' can't be assigned to the parameter type 'Directory'.  • flutter/dev/bots/analyze_snippet_code.dart:557:27 • argument_type_not_assignable
   info • Specify the type of a local variable when the type is non-obvious. Try adding a type annotation • flutter/dev/bots/analyze_snippet_code.dart:1005:5 • specify_nonobvious_local_variable_types
  error • The method 'YamlEditor' isn't defined for the type '_SnippetChecker'. Try correcting the name to the name of an existing method, or defining a method named 'YamlEditor' • flutter/dev/bots/analyze_snippet_code.dart:1005:24 • undefined_method
  error • The function 'Watcher' isn't defined. Try importing the library that defines 'Watcher', correcting the name to the name of an existing function, or defining a function named 'Watcher' • flutter/dev/bots/analyze_snippet_code.dart:1341:3 • undefined_function
  error • Target of URI doesn't exist: 'package:flutter_devicelab/framework/browser.dart'. Try creating the file referenced by the URI, or try using a URI for a file that does exist • flutter/dev/bots/browser.dart:8:8 • uri_does_not_exist
  error • Target of URI doesn't exist: 'package:shelf/shelf.dart'. Try creating the file referenced by the URI, or try using a URI for a file that does exist • flutter/dev/bots/browser.dart:9:8 • uri_does_not_exist
  error • Target of URI doesn't exist: 'package:shelf/shelf_io.dart'. Try creating the file referenced by the URI, or try using a URI for a file that does exist • flutter/dev/bots/browser.dart:10:8 • uri_does_not_exist
  error • Target of URI doesn't exist: 'package:shelf_static/shelf_static.dart'. Try creating the file referenced by the URI, or try using a URI for a file that does exist • flutter/dev/bots/browser.dart:11:8 • uri_does_not_exist
  error • Undefined class 'Chrome'. Try changing the name to the name of an existing class, or creating a class with the name 'Chrome' • flutter/dev/bots/browser.dart:29:3 • undefined_class
  error • Undefined class 'Cascade'. Try changing the name to the name of an existing class, or creating a class with the name 'Cascade' • flutter/dev/bots/browser.dart:33:11 • undefined_class
  error • The function 'Cascade' isn't defined. Try importing the library that defines 'Cascade', correcting the name to the name of an existing function, or defining a function named 'Cascade' • flutter/dev/bots/browser.dart:33:29 • undefined_function
  error • Undefined class 'Request'. Try changing the name to the name of an existing class, or creating a class with the name 'Request' • flutter/dev/bots/browser.dart:34:15 • undefined_class
  error • Undefined name 'Response'. Try correcting the name to one that is defined, or defining the name • flutter/dev/bots/browser.dart:37:20 • undefined_identifier
  error • Undefined name 'Response'. Try correcting the name to one that is defined, or defining the name • flutter/dev/bots/browser.dart:39:18 • undefined_identifier
  error • The function 'createStaticHandler' isn't defined. Try importing the library that defines 'createStaticHandler', correcting the name to the name of an existing function, or defining a function named 'createStaticHandler' • flutter/dev/bots/browser.dart:41:14 • undefined_function
  error • Undefined name 'Chrome'. Try correcting the name to one that is defined, or defining the name • flutter/dev/bots/browser.dart:46:20 • undefined_identifier
  error • The function 'ChromeOptions' isn't defined. Try importing the library that defines 'ChromeOptions', correcting the name to the name of an existing function, or defining a function named 'ChromeOptions' • flutter/dev/bots/browser.dart:47:7 • undefined_function
  error • Undefined class 'Request'. Try changing the name to the name of an existing class, or creating a class with the name 'Request' • flutter/dev/bots/browser.dart:64:47 • undefined_class
  error • The name 'Handler' isn't a type, so it can't be used as a type argument. Try correcting the name to an existing type, or defining a type named 'Handler' • flutter/dev/bots/browser.dart:76:10 • non_type_as_type_argument
  error • Undefined class 'Chrome'. Try changing the name to the name of an existing class, or creating a class with the name 'Chrome' • flutter/dev/bots/browser.dart:79:5 • undefined_class
  error • Undefined class 'Handler'. Try changing the name to the name of an existing class, or creating a class with the name 'Handler' • flutter/dev/bots/browser.dart:81:11 • undefined_class
  error • The method 'createStaticHandler' isn't defined for the type 'AppServer'. Try correcting the name to the name of an existing method, or defining a method named 'createStaticHandler' • flutter/dev/bots/browser.dart:81:35 • undefined_method
   info • Specify the type of a local variable when the type is non-obvious. Try adding a type annotation • flutter/dev/bots/browser.dart:82:5 • specify_nonobvious_local_variable_types
  error • The method 'Cascade' isn't defined for the type 'AppServer'. Try correcting the name to the name of an existing method, or defining a method named 'Cascade' • flutter/dev/bots/browser.dart:82:19 • undefined_method
  error • Undefined class 'Handler'. Try changing the name to the name of an existing class, or creating a class with the name 'Handler' • flutter/dev/bots/browser.dart:84:18 • undefined_class
  error • Undefined class 'Request'. Try changing the name to the name of an existing class, or creating a class with the name 'Request' • flutter/dev/bots/browser.dart:88:28 • undefined_class
  error • Undefined class 'Response'. Try changing the name to the name of an existing class, or creating a class with the name 'Response' • flutter/dev/bots/browser.dart:89:13 • undefined_class
  error • Undefined name 'Chrome'. Try correcting the name to one that is defined, or defining the name • flutter/dev/bots/browser.dart:97:20 • undefined_identifier
  error • The method 'ChromeOptions' isn't defined for the type 'AppServer'. Try correcting the name to the name of an existing method, or defining a method named 'ChromeOptions' • flutter/dev/bots/browser.dart:98:7 • undefined_method
  error • Undefined class 'Chrome'. Try changing the name to the name of an existing class, or creating a class with the name 'Chrome' • flutter/dev/bots/browser.dart:111:9 • undefined_class
  error • Target of URI doesn't exist: 'package:analyzer/dart/analysis/analysis_context.dart'. Try creating the file referenced by the URI, or try using a URI for a file that does exist • flutter/dev/bots/custom_rules/analyze.dart:7:8 • uri_does_not_exist
  error • Target of URI doesn't exist: 'package:analyzer/dart/analysis/analysis_context_collection.dart'. Try creating the file referenced by the URI, or try using a URI for a file that does exist • flutter/dev/bots/custom_rules/analyze.dart:8:8 • uri_does_not_exist
  error • Target of URI doesn't exist: 'package:analyzer/dart/analysis/results.dart'. Try creating the file referenced by the URI, or try using a URI for a file that does exist • flutter/dev/bots/custom_rules/analyze.dart:9:8 • uri_does_not_exist
  error • Target of URI doesn't exist: 'package:analyzer/dart/analysis/session.dart'. Try creating the file referenced by the URI, or try using a URI for a file that does exist • flutter/dev/bots/custom_rules/analyze.dart:10:8 • uri_does_not_exist
   info • Specify the type of a local variable when the type is non-obvious. Try adding a type annotation • flutter/dev/bots/custom_rules/analyze.dart:42:3 • specify_nonobvious_local_variable_types
  error • The function 'AnalysisContextCollection' isn't defined. Try importing the library that defines 'AnalysisContextCollection', correcting the name to the name of an existing function, or defining a function named 'AnalysisContextCollection' • flutter/dev/bots/custom_rules/analyze.dart:42:22 • undefined_function
  error • Undefined class 'AnalysisContext'. Try changing the name to the name of an existing class, or creating a class with the name 'AnalysisContext' • flutter/dev/bots/custom_rules/analyze.dart:50:14 • undefined_class
  error • Undefined class 'AnalysisSession'. Try changing the name to the name of an existing class, or creating a class with the name 'AnalysisSession' • flutter/dev/bots/custom_rules/analyze.dart:52:11 • undefined_class
  error • Undefined class 'SomeResolvedUnitResult'. Try changing the name to the name of an existing class, or creating a class with the name 'SomeResolvedUnitResult' • flutter/dev/bots/custom_rules/analyze.dart:55:13 • undefined_class
  error • The name 'ResolvedUnitResult' isn't defined, so it can't be used in an 'is' expression. Try changing the name to the name of an existing type, or creating a type with the name 'ResolvedUnitResult' • flutter/dev/bots/custom_rules/analyze.dart:56:19 • type_test_with_undefined_name
  error • Undefined class 'ResolvedUnitResult'. Try changing the name to the name of an existing class, or creating a class with the name 'ResolvedUnitResult' • flutter/dev/bots/custom_rules/analyze.dart:91:16 • undefined_class
  error • Target of URI doesn't exist: 'package:analyzer/dart/analysis/results.dart'. Try creating the file referenced by the URI, or try using a URI for a file that does exist • flutter/dev/bots/custom_rules/avoid_future_catcherror.dart:5:8 • uri_does_not_exist
  error • Target of URI doesn't exist: 'package:analyzer/dart/ast/ast.dart'. Try creating the file referenced by the URI, or try using a URI for a file that does exist • flutter/dev/bots/custom_rules/avoid_future_catcherror.dart:6:8 • uri_does_not_exist
  error • Target of URI doesn't exist: 'package:analyzer/dart/ast/visitor.dart'. Try creating the file referenced by the URI, or try using a URI for a file that does exist • flutter/dev/bots/custom_rules/avoid_future_catcherror.dart:7:8 • uri_does_not_exist
  error • Target of URI doesn't exist: 'package:analyzer/dart/element/type.dart'. Try creating the file referenced by the URI, or try using a URI for a file that does exist • flutter/dev/bots/custom_rules/avoid_future_catcherror.dart:8:8 • uri_does_not_exist
  error • The name 'ResolvedUnitResult' isn't a type, so it can't be used as a type argument. Try correcting the name to an existing type, or defining a type named 'ResolvedUnitResult' • flutter/dev/bots/custom_rules/avoid_future_catcherror.dart:44:13 • non_type_as_type_argument
  error • The name 'AstNode' isn't a type, so it can't be used as a type argument. Try correcting the name to an existing type, or defining a type named 'AstNode' • flutter/dev/bots/custom_rules/avoid_future_catcherror.dart:44:38 • non_type_as_type_argument
  error • The name 'ResolvedUnitResult' isn't a type, so it can't be used as a type argument. Try correcting the name to an existing type, or defining a type named 'ResolvedUnitResult' • flutter/dev/bots/custom_rules/avoid_future_catcherror.dart:44:59 • non_type_as_type_argument
  error • The name 'AstNode' isn't a type, so it can't be used as a type argument. Try correcting the name to an existing type, or defining a type named 'AstNode' • flutter/dev/bots/custom_rules/avoid_future_catcherror.dart:44:84 • non_type_as_type_argument
  error • Undefined class 'ResolvedUnitResult'. Try changing the name to the name of an existing class, or creating a class with the name 'ResolvedUnitResult' • flutter/dev/bots/custom_rules/avoid_future_catcherror.dart:47:16 • undefined_class
  error • The name 'AstNode' isn't a type, so it can't be used as a type argument. Try correcting the name to an existing type, or defining a type named 'AstNode' • flutter/dev/bots/custom_rules/avoid_future_catcherror.dart:51:40 • non_type_as_type_argument
  error • The name 'ResolvedUnitResult' isn't a type, so it can't be used as a type argument. Try correcting the name to an existing type, or defining a type named 'ResolvedUnitResult' • flutter/dev/bots/custom_rules/avoid_future_catcherror.dart:62:27 • non_type_as_type_argument
  error • The name 'AstNode' isn't a type, so it can't be used as a type argument. Try correcting the name to an existing type, or defining a type named 'AstNode' • flutter/dev/bots/custom_rules/avoid_future_catcherror.dart:62:52 • non_type_as_type_argument
  error • Undefined class 'AstNode'. Try changing the name to the name of an existing class, or creating a class with the name 'AstNode' • flutter/dev/bots/custom_rules/avoid_future_catcherror.dart:63:20 • undefined_class
  error • Classes can only extend other classes. Try specifying a different superclass, or removing the extends clause • flutter/dev/bots/custom_rules/avoid_future_catcherror.dart:73:24 • extends_non_class
  error • The name 'AstNode' isn't a type, so it can't be used as a type argument. Try correcting the name to an existing type, or defining a type named 'AstNode' • flutter/dev/bots/custom_rules/avoid_future_catcherror.dart:76:14 • non_type_as_type_argument
  error • The name 'AstNode' isn't a type, so it can't be used as a type argument. Try correcting the name to an existing type, or defining a type named 'AstNode' • flutter/dev/bots/custom_rules/avoid_future_catcherror.dart:76:42 • non_type_as_type_argument
warning • The method doesn't override an inherited method. Try updating this class to match the superclass, or removing the override annotation • flutter/dev/bots/custom_rules/avoid_future_catcherror.dart:79:8 • override_on_non_overriding_member
  error • Undefined class 'MethodInvocation'. Try changing the name to the name of an existing class, or creating a class with the name 'MethodInvocation' • flutter/dev/bots/custom_rules/avoid_future_catcherror.dart:79:30 • undefined_class
  error • Undefined class 'MethodInvocation'. Try changing the name to the name of an existing class, or creating a class with the name 'MethodInvocation' • flutter/dev/bots/custom_rules/avoid_future_catcherror.dart:80:19 • undefined_class
  error • Undefined class 'SimpleIdentifier'. Try changing the name to the name of an existing class, or creating a class with the name 'SimpleIdentifier' • flutter/dev/bots/custom_rules/avoid_future_catcherror.dart:81:19 • undefined_class
  error • Undefined class 'Expression'. Try changing the name to the name of an existing class, or creating a class with the name 'Expression' • flutter/dev/bots/custom_rules/avoid_future_catcherror.dart:82:19 • undefined_class
  error • Undefined class 'DartType'. Try changing the name to the name of an existing class, or creating a class with the name 'DartType' • flutter/dev/bots/custom_rules/avoid_future_catcherror.dart:82:42 • undefined_class
  error • Target of URI doesn't exist: 'package:analyzer/dart/analysis/results.dart'. Try creating the file referenced by the URI, or try using a URI for a file that does exist • flutter/dev/bots/custom_rules/no_double_clamp.dart:5:8 • uri_does_not_exist
  error • Target of URI doesn't exist: 'package:analyzer/dart/ast/ast.dart'. Try creating the file referenced by the URI, or try using a URI for a file that does exist • flutter/dev/bots/custom_rules/no_double_clamp.dart:6:8 • uri_does_not_exist
  error • Target of URI doesn't exist: 'package:analyzer/dart/ast/visitor.dart'. Try creating the file referenced by the URI, or try using a URI for a file that does exist • flutter/dev/bots/custom_rules/no_double_clamp.dart:7:8 • uri_does_not_exist
  error • Target of URI doesn't exist: 'package:analyzer/dart/element/element.dart'. Try creating the file referenced by the URI, or try using a URI for a file that does exist • flutter/dev/bots/custom_rules/no_double_clamp.dart:8:8 • uri_does_not_exist
  error • Target of URI doesn't exist: 'package:analyzer/dart/element/type.dart'. Try creating the file referenced by the URI, or try using a URI for a file that does exist • flutter/dev/bots/custom_rules/no_double_clamp.dart:9:8 • uri_does_not_exist
  error • The name 'ResolvedUnitResult' isn't a type, so it can't be used as a type argument. Try correcting the name to an existing type, or defining a type named 'ResolvedUnitResult' • flutter/dev/bots/custom_rules/no_double_clamp.dart:23:13 • non_type_as_type_argument
  error • The name 'AstNode' isn't a type, so it can't be used as a type argument. Try correcting the name to an existing type, or defining a type named 'AstNode' • flutter/dev/bots/custom_rules/no_double_clamp.dart:23:38 • non_type_as_type_argument
  error • The name 'ResolvedUnitResult' isn't a type, so it can't be used as a type argument. Try correcting the name to an existing type, or defining a type named 'ResolvedUnitResult' • flutter/dev/bots/custom_rules/no_double_clamp.dart:23:59 • non_type_as_type_argument
  error • The name 'AstNode' isn't a type, so it can't be used as a type argument. Try correcting the name to an existing type, or defining a type named 'AstNode' • flutter/dev/bots/custom_rules/no_double_clamp.dart:23:84 • non_type_as_type_argument
  error • Undefined class 'ResolvedUnitResult'. Try changing the name to the name of an existing class, or creating a class with the name 'ResolvedUnitResult' • flutter/dev/bots/custom_rules/no_double_clamp.dart:26:16 • undefined_class
  error • The name 'AstNode' isn't a type, so it can't be used as a type argument. Try correcting the name to an existing type, or defining a type named 'AstNode' • flutter/dev/bots/custom_rules/no_double_clamp.dart:29:16 • non_type_as_type_argument
  error • The name 'AstNode' isn't a type, so it can't be used as a type argument. Try correcting the name to an existing type, or defining a type named 'AstNode' • flutter/dev/bots/custom_rules/no_double_clamp.dart:31:40 • non_type_as_type_argument
  error • The name 'ResolvedUnitResult' isn't a type, so it can't be used as a type argument. Try correcting the name to an existing type, or defining a type named 'ResolvedUnitResult' • flutter/dev/bots/custom_rules/no_double_clamp.dart:42:27 • non_type_as_type_argument
  error • The name 'AstNode' isn't a type, so it can't be used as a type argument. Try correcting the name to an existing type, or defining a type named 'AstNode' • flutter/dev/bots/custom_rules/no_double_clamp.dart:42:52 • non_type_as_type_argument
  error • Undefined class 'AstNode'. Try changing the name to the name of an existing class, or creating a class with the name 'AstNode' • flutter/dev/bots/custom_rules/no_double_clamp.dart:43:20 • undefined_class
  error • Classes can only extend other classes. Try specifying a different superclass, or removing the extends clause • flutter/dev/bots/custom_rules/no_double_clamp.dart:53:35 • extends_non_class
  error • The name 'AstNode' isn't a type, so it can't be used as a type argument. Try correcting the name to an existing type, or defining a type named 'AstNode' • flutter/dev/bots/custom_rules/no_double_clamp.dart:54:14 • non_type_as_type_argument
  error • The name 'AstNode' isn't a type, so it can't be used as a type argument. Try correcting the name to an existing type, or defining a type named 'AstNode' • flutter/dev/bots/custom_rules/no_double_clamp.dart:54:43 • non_type_as_type_argument
warning • The method doesn't override an inherited method. Try updating this class to match the superclass, or removing the override annotation • flutter/dev/bots/custom_rules/no_double_clamp.dart:58:8 • override_on_non_overriding_member
  error • Undefined class 'ImportDirective'. Try changing the name to the name of an existing class, or creating a class with the name 'ImportDirective' • flutter/dev/bots/custom_rules/no_double_clamp.dart:58:29 • undefined_class
warning • The method doesn't override an inherited method. Try updating this class to match the superclass, or removing the override annotation • flutter/dev/bots/custom_rules/no_double_clamp.dart:61:8 • override_on_non_overriding_member
  error • Undefined class 'ExportDirective'. Try changing the name to the name of an existing class, or creating a class with the name 'ExportDirective' • flutter/dev/bots/custom_rules/no_double_clamp.dart:61:29 • undefined_class
warning • The method doesn't override an inherited method. Try updating this class to match the superclass, or removing the override annotation • flutter/dev/bots/custom_rules/no_double_clamp.dart:64:8 • override_on_non_overriding_member
  error • Undefined class 'Comment'. Try changing the name to the name of an existing class, or creating a class with the name 'Comment' • flutter/dev/bots/custom_rules/no_double_clamp.dart:64:21 • undefined_class
warning • The method doesn't override an inherited method. Try updating this class to match the superclass, or removing the override annotation • flutter/dev/bots/custom_rules/no_double_clamp.dart:67:8 • override_on_non_overriding_member
  error • Undefined class 'SimpleIdentifier'. Try changing the name to the name of an existing class, or creating a class with the name 'SimpleIdentifier' • flutter/dev/bots/custom_rules/no_double_clamp.dart:67:30 • undefined_class
  error • The name 'MethodElement' isn't defined, so it can't be used in an 'is' expression. Try changing the name to the name of an existing type, or creating a type with the name 'MethodElement' • flutter/dev/bots/custom_rules/no_double_clamp.dart:68:50 • type_test_with_undefined_name
  error • Undefined class 'PropertyAccess'. Try changing the name to the name of an existing class, or creating a class with the name 'PropertyAccess' • flutter/dev/bots/custom_rules/no_double_clamp.dart:78:7 • undefined_class
  error • Undefined class 'Expression'. Try changing the name to the name of an existing class, or creating a class with the name 'Expression' • flutter/dev/bots/custom_rules/no_double_clamp.dart:79:17 • undefined_class
  error • Undefined class 'DartType'. Try changing the name to the name of an existing class, or creating a class with the name 'DartType' • flutter/dev/bots/custom_rules/no_double_clamp.dart:80:23 • undefined_class
  error • Undefined class 'DartType'. Try changing the name to the name of an existing class, or creating a class with the name 'DartType' • flutter/dev/bots/custom_rules/no_double_clamp.dart:81:15 • undefined_class
  error • Undefined class 'DartType'. Try changing the name to the name of an existing class, or creating a class with the name 'DartType' • flutter/dev/bots/custom_rules/no_double_clamp.dart:82:15 • undefined_class
  error • Undefined class 'MethodInvocation'. Try changing the name to the name of an existing class, or creating a class with the name 'MethodInvocation' • flutter/dev/bots/custom_rules/no_double_clamp.dart:88:7 • undefined_class
  error • Undefined class 'Expression'. Try changing the name to the name of an existing class, or creating a class with the name 'Expression' • flutter/dev/bots/custom_rules/no_double_clamp.dart:89:17 • undefined_class
  error • Undefined class 'DartType'. Try changing the name to the name of an existing class, or creating a class with the name 'DartType' • flutter/dev/bots/custom_rules/no_double_clamp.dart:89:40 • undefined_class
  error • Undefined class 'ArgumentList'. Try changing the name to the name of an existing class, or creating a class with the name 'ArgumentList' • flutter/dev/bots/custom_rules/no_double_clamp.dart:90:23 • undefined_class
  error • Undefined class 'Expression'. Try changing the name to the name of an existing class, or creating a class with the name 'Expression' • flutter/dev/bots/custom_rules/no_double_clamp.dart:92:13 • undefined_class
  error • Undefined class 'DartType'. Try changing the name to the name of an existing class, or creating a class with the name 'DartType' • flutter/dev/bots/custom_rules/no_double_clamp.dart:92:36 • undefined_class
  error • Undefined class 'Expression'. Try changing the name to the name of an existing class, or creating a class with the name 'Expression' • flutter/dev/bots/custom_rules/no_double_clamp.dart:93:13 • undefined_class
  error • Undefined class 'DartType'. Try changing the name to the name of an existing class, or creating a class with the name 'DartType' • flutter/dev/bots/custom_rules/no_double_clamp.dart:93:36 • undefined_class
  error • Undefined class 'MethodInvocation'. Try changing the name to the name of an existing class, or creating a class with the name 'MethodInvocation' • flutter/dev/bots/custom_rules/no_double_clamp.dart:100:7 • undefined_class
  error • Undefined class 'Expression'. Try changing the name to the name of an existing class, or creating a class with the name 'Expression' • flutter/dev/bots/custom_rules/no_double_clamp.dart:101:17 • undefined_class
  error • Undefined class 'DartType'. Try changing the name to the name of an existing class, or creating a class with the name 'DartType' • flutter/dev/bots/custom_rules/no_double_clamp.dart:102:23 • undefined_class
  error • Undefined class 'DartType'. Try changing the name to the name of an existing class, or creating a class with the name 'DartType' • flutter/dev/bots/custom_rules/no_double_clamp.dart:103:15 • undefined_class
  error • Undefined class 'DartType'. Try changing the name to the name of an existing class, or creating a class with the name 'DartType' • flutter/dev/bots/custom_rules/no_double_clamp.dart:104:15 • undefined_class
  error • Target of URI doesn't exist: 'package:analyzer/dart/analysis/results.dart'. Try creating the file referenced by the URI, or try using a URI for a file that does exist • flutter/dev/bots/custom_rules/no_stop_watches.dart:5:8 • uri_does_not_exist
  error • Target of URI doesn't exist: 'package:analyzer/dart/ast/ast.dart'. Try creating the file referenced by the URI, or try using a URI for a file that does exist • flutter/dev/bots/custom_rules/no_stop_watches.dart:6:8 • uri_does_not_exist
  error • Target of URI doesn't exist: 'package:analyzer/dart/ast/visitor.dart'. Try creating the file referenced by the URI, or try using a URI for a file that does exist • flutter/dev/bots/custom_rules/no_stop_watches.dart:7:8 • uri_does_not_exist
  error • Target of URI doesn't exist: 'package:analyzer/dart/element/element.dart'. Try creating the file referenced by the URI, or try using a URI for a file that does exist • flutter/dev/bots/custom_rules/no_stop_watches.dart:8:8 • uri_does_not_exist
  error • Target of URI doesn't exist: 'package:analyzer/dart/element/type.dart'. Try creating the file referenced by the URI, or try using a URI for a file that does exist • flutter/dev/bots/custom_rules/no_stop_watches.dart:9:8 • uri_does_not_exist
  error • The name 'ResolvedUnitResult' isn't a type, so it can't be used as a type argument. Try correcting the name to an existing type, or defining a type named 'ResolvedUnitResult' • flutter/dev/bots/custom_rules/no_stop_watches.dart:26:13 • non_type_as_type_argument
  error • The name 'AstNode' isn't a type, so it can't be used as a type argument. Try correcting the name to an existing type, or defining a type named 'AstNode' • flutter/dev/bots/custom_rules/no_stop_watches.dart:26:38 • non_type_as_type_argument
  error • The name 'ResolvedUnitResult' isn't a type, so it can't be used as a type argument. Try correcting the name to an existing type, or defining a type named 'ResolvedUnitResult' • flutter/dev/bots/custom_rules/no_stop_watches.dart:26:59 • non_type_as_type_argument
  error • The name 'AstNode' isn't a type, so it can't be used as a type argument. Try correcting the name to an existing type, or defining a type named 'AstNode' • flutter/dev/bots/custom_rules/no_stop_watches.dart:26:84 • non_type_as_type_argument
  error • Undefined class 'ResolvedUnitResult'. Try changing the name to the name of an existing class, or creating a class with the name 'ResolvedUnitResult' • flutter/dev/bots/custom_rules/no_stop_watches.dart:29:16 • undefined_class
  error • The name 'AstNode' isn't a type, so it can't be used as a type argument. Try correcting the name to an existing type, or defining a type named 'AstNode' • flutter/dev/bots/custom_rules/no_stop_watches.dart:32:16 • non_type_as_type_argument
  error • The name 'AstNode' isn't a type, so it can't be used as a type argument. Try correcting the name to an existing type, or defining a type named 'AstNode' • flutter/dev/bots/custom_rules/no_stop_watches.dart:34:40 • non_type_as_type_argument
  error • Undefined class 'ResolvedUnitResult'. Try changing the name to the name of an existing class, or creating a class with the name 'ResolvedUnitResult' • flutter/dev/bots/custom_rules/no_stop_watches.dart:44:27 • undefined_class
  error • Undefined class 'AstNode'. Try changing the name to the name of an existing class, or creating a class with the name 'AstNode' • flutter/dev/bots/custom_rules/no_stop_watches.dart:44:52 • undefined_class
  error • The name 'ResolvedUnitResult' isn't a type, so it can't be used as a type argument. Try correcting the name to an existing type, or defining a type named 'ResolvedUnitResult' • flutter/dev/bots/custom_rules/no_stop_watches.dart:49:27 • non_type_as_type_argument
  error • The name 'AstNode' isn't a type, so it can't be used as a type argument. Try correcting the name to an existing type, or defining a type named 'AstNode' • flutter/dev/bots/custom_rules/no_stop_watches.dart:49:52 • non_type_as_type_argument
  error • Undefined class 'AstNode'. Try changing the name to the name of an existing class, or creating a class with the name 'AstNode' • flutter/dev/bots/custom_rules/no_stop_watches.dart:50:20 • undefined_class
  error • Classes can only extend other classes. Try specifying a different superclass, or removing the extends clause • flutter/dev/bots/custom_rules/no_stop_watches.dart:64:33 • extends_non_class
  error • Undefined class 'ResolvedUnitResult'. Try changing the name to the name of an existing class, or creating a class with the name 'ResolvedUnitResult' • flutter/dev/bots/custom_rules/no_stop_watches.dart:67:9 • undefined_class
  error • The name 'AstNode' isn't a type, so it can't be used as a type argument. Try correcting the name to an existing type, or defining a type named 'AstNode' • flutter/dev/bots/custom_rules/no_stop_watches.dart:69:14 • non_type_as_type_argument
  error • The name 'AstNode' isn't a type, so it can't be used as a type argument. Try correcting the name to an existing type, or defining a type named 'AstNode' • flutter/dev/bots/custom_rules/no_stop_watches.dart:69:47 • non_type_as_type_argument
  error • The name 'ClassElement' isn't a type, so it can't be used as a type argument. Try correcting the name to an existing type, or defining a type named 'ClassElement' • flutter/dev/bots/custom_rules/no_stop_watches.dart:71:13 • non_type_as_type_argument
  error • The name 'ClassElement' isn't a type, so it can't be used as a type argument. Try correcting the name to an existing type, or defining a type named 'ClassElement' • flutter/dev/bots/custom_rules/no_stop_watches.dart:71:66 • non_type_as_type_argument
  error • Undefined class 'ClassElement'. Try changing the name to the name of an existing class, or creating a class with the name 'ClassElement' • flutter/dev/bots/custom_rules/no_stop_watches.dart:73:47 • undefined_class
  error • Undefined class 'InterfaceType'. Try changing the name to the name of an existing class, or creating a class with the name 'InterfaceType' • flutter/dev/bots/custom_rules/no_stop_watches.dart:77:44 • undefined_class
  error • Undefined class 'InterfaceElement'. Try changing the name to the name of an existing class, or creating a class with the name 'InterfaceElement' • flutter/dev/bots/custom_rules/no_stop_watches.dart:78:13 • undefined_class
  error • The name 'ClassElement' isn't defined, so it can't be used in an 'is' expression. Try changing the name to the name of an existing type, or creating a type with the name 'ClassElement' • flutter/dev/bots/custom_rules/no_stop_watches.dart:79:34 • type_test_with_undefined_name
  error • Undefined class 'ClassElement'. Try changing the name to the name of an existing class, or creating a class with the name 'ClassElement' • flutter/dev/bots/custom_rules/no_stop_watches.dart:84:29 • undefined_class
  error • Undefined class 'LibraryElement'. Try changing the name to the name of an existing class, or creating a class with the name 'LibraryElement' • flutter/dev/bots/custom_rules/no_stop_watches.dart:93:20 • undefined_class
  error • Undefined class 'AstNode'. Try changing the name to the name of an existing class, or creating a class with the name 'AstNode' • flutter/dev/bots/custom_rules/no_stop_watches.dart:100:34 • undefined_class
warning • The method doesn't override an inherited method. Try updating this class to match the superclass, or removing the override annotation • flutter/dev/bots/custom_rules/no_stop_watches.dart:111:8 • override_on_non_overriding_member
  error • Undefined class 'ImportDirective'. Try changing the name to the name of an existing class, or creating a class with the name 'ImportDirective' • flutter/dev/bots/custom_rules/no_stop_watches.dart:111:29 • undefined_class
warning • The method doesn't override an inherited method. Try updating this class to match the superclass, or removing the override annotation • flutter/dev/bots/custom_rules/no_stop_watches.dart:114:8 • override_on_non_overriding_member
  error • Undefined class 'ExportDirective'. Try changing the name to the name of an existing class, or creating a class with the name 'ExportDirective' • flutter/dev/bots/custom_rules/no_stop_watches.dart:114:29 • undefined_class
warning • The method doesn't override an inherited method. Try updating this class to match the superclass, or removing the override annotation • flutter/dev/bots/custom_rules/no_stop_watches.dart:117:8 • override_on_non_overriding_member
  error • Undefined class 'Comment'. Try changing the name to the name of an existing class, or creating a class with the name 'Comment' • flutter/dev/bots/custom_rules/no_stop_watches.dart:117:21 • undefined_class
warning • The method doesn't override an inherited method. Try updating this class to match the superclass, or removing the override annotation • flutter/dev/bots/custom_rules/no_stop_watches.dart:120:8 • override_on_non_overriding_member
  error • Undefined class 'ConstructorName'. Try changing the name to the name of an existing class, or creating a class with the name 'ConstructorName' • flutter/dev/bots/custom_rules/no_stop_watches.dart:120:29 • undefined_class
  error • Undefined class 'Element'. Try changing the name to the name of an existing class, or creating a class with the name 'Element' • flutter/dev/bots/custom_rules/no_stop_watches.dart:121:11 • undefined_class
  error • The name 'ConstructorElement' isn't defined, so it can't be used in an 'is' expression. Try changing the name to the name of an existing type, or creating a type with the name 'ConstructorElement' • flutter/dev/bots/custom_rules/no_stop_watches.dart:122:21 • type_test_with_undefined_name
  error • Undefined class 'InterfaceType'. Try changing the name to the name of an existing class, or creating a class with the name 'InterfaceType' • flutter/dev/bots/custom_rules/no_stop_watches.dart:127:7 • undefined_class
  error • Undefined class 'ClassElement'. Try changing the name to the name of an existing class, or creating a class with the name 'ClassElement' • flutter/dev/bots/custom_rules/no_stop_watches.dart:127:36 • undefined_class
  error • Undefined class 'InterfaceType'. Try changing the name to the name of an existing class, or creating a class with the name 'InterfaceType' • flutter/dev/bots/custom_rules/no_stop_watches.dart:130:7 • undefined_class
  error • Undefined class 'InterfaceElement'. Try changing the name to the name of an existing class, or creating a class with the name 'InterfaceElement' • flutter/dev/bots/custom_rules/no_stop_watches.dart:130:30 • undefined_class
warning • The method doesn't override an inherited method. Try updating this class to match the superclass, or removing the override annotation • flutter/dev/bots/custom_rules/no_stop_watches.dart:139:8 • override_on_non_overriding_member
  error • Undefined class 'SimpleIdentifier'. Try changing the name to the name of an existing class, or creating a class with the name 'SimpleIdentifier' • flutter/dev/bots/custom_rules/no_stop_watches.dart:139:30 • undefined_class
  error • Undefined class 'ExecutableElement'. Try changing the name to the name of an existing class, or creating a class with the name 'ExecutableElement' • flutter/dev/bots/custom_rules/no_stop_watches.dart:141:7 • undefined_class
  error • Undefined class 'DartType'. Try changing the name to the name of an existing class, or creating a class with the name 'DartType' • flutter/dev/bots/custom_rules/no_stop_watches.dart:142:21 • undefined_class
  error • Undefined class 'ClassElement'. Try changing the name to the name of an existing class, or creating a class with the name 'ClassElement' • flutter/dev/bots/custom_rules/no_stop_watches.dart:142:45 • undefined_class
  error • Undefined class 'LibraryElement'. Try changing the name to the name of an existing class, or creating a class with the name 'LibraryElement' • flutter/dev/bots/custom_rules/no_stop_watches.dart:143:24 • undefined_class
  error • Undefined class 'Element'. Try changing the name to the name of an existing class, or creating a class with the name 'Element' • flutter/dev/bots/custom_rules/no_stop_watches.dart:146:7 • undefined_class
  error • Target of URI doesn't exist: 'package:analyzer/dart/analysis/results.dart'. Try creating the file referenced by the URI, or try using a URI for a file that does exist • flutter/dev/bots/custom_rules/protect_public_state_subtypes.dart:8:8 • uri_does_not_exist
  error • Target of URI doesn't exist: 'package:analyzer/dart/ast/ast.dart'. Try creating the file referenced by the URI, or try using a URI for a file that does exist • flutter/dev/bots/custom_rules/protect_public_state_subtypes.dart:9:8 • uri_does_not_exist
  error • Target of URI doesn't exist: 'package:analyzer/dart/ast/visitor.dart'. Try creating the file referenced by the URI, or try using a URI for a file that does exist • flutter/dev/bots/custom_rules/protect_public_state_subtypes.dart:10:8 • uri_does_not_exist
  error • Target of URI doesn't exist: 'package:analyzer/dart/element/element.dart'. Try creating the file referenced by the URI, or try using a URI for a file that does exist • flutter/dev/bots/custom_rules/protect_public_state_subtypes.dart:11:8 • uri_does_not_exist
  error • Target of URI doesn't exist: 'package:analyzer/dart/element/type.dart'. Try creating the file referenced by the URI, or try using a URI for a file that does exist • flutter/dev/bots/custom_rules/protect_public_state_subtypes.dart:12:8 • uri_does_not_exist
  error • The name 'ResolvedUnitResult' isn't a type, so it can't be used as a type argument. Try correcting the name to an existing type, or defining a type named 'ResolvedUnitResult' • flutter/dev/bots/custom_rules/protect_public_state_subtypes.dart:20:13 • non_type_as_type_argument
  error • The name 'MethodDeclaration' isn't a type, so it can't be used as a type argument. Try correcting the name to an existing type, or defining a type named 'MethodDeclaration' • flutter/dev/bots/custom_rules/protect_public_state_subtypes.dart:20:38 • non_type_as_type_argument
  error • The name 'ResolvedUnitResult' isn't a type, so it can't be used as a type argument. Try correcting the name to an existing type, or defining a type named 'ResolvedUnitResult' • flutter/dev/bots/custom_rules/protect_public_state_subtypes.dart:21:8 • non_type_as_type_argument
  error • The name 'MethodDeclaration' isn't a type, so it can't be used as a type argument. Try correcting the name to an existing type, or defining a type named 'MethodDeclaration' • flutter/dev/bots/custom_rules/protect_public_state_subtypes.dart:21:33 • non_type_as_type_argument
  error • Undefined class 'ResolvedUnitResult'. Try changing the name to the name of an existing class, or creating a class with the name 'ResolvedUnitResult' • flutter/dev/bots/custom_rules/protect_public_state_subtypes.dart:24:16 • undefined_class
  error • The name 'MethodDeclaration' isn't a type, so it can't be used as a type argument. Try correcting the name to an existing type, or defining a type named 'MethodDeclaration' • flutter/dev/bots/custom_rules/protect_public_state_subtypes.dart:27:16 • non_type_as_type_argument
  error • The name 'MethodDeclaration' isn't a type, so it can't be used as a type argument. Try correcting the name to an existing type, or defining a type named 'MethodDeclaration' • flutter/dev/bots/custom_rules/protect_public_state_subtypes.dart:29:40 • non_type_as_type_argument
  error • The name 'ResolvedUnitResult' isn't a type, so it can't be used as a type argument. Try correcting the name to an existing type, or defining a type named 'ResolvedUnitResult' • flutter/dev/bots/custom_rules/protect_public_state_subtypes.dart:40:27 • non_type_as_type_argument
  error • The name 'MethodDeclaration' isn't a type, so it can't be used as a type argument. Try correcting the name to an existing type, or defining a type named 'MethodDeclaration' • flutter/dev/bots/custom_rules/protect_public_state_subtypes.dart:40:52 • non_type_as_type_argument
  error • Undefined class 'MethodDeclaration'. Try changing the name to the name of an existing class, or creating a class with the name 'MethodDeclaration' • flutter/dev/bots/custom_rules/protect_public_state_subtypes.dart:41:20 • undefined_class
  error • Classes can only extend other classes. Try specifying a different superclass, or removing the extends clause • flutter/dev/bots/custom_rules/protect_public_state_subtypes.dart:52:37 • extends_non_class
  error • The name 'MethodDeclaration' isn't a type, so it can't be used as a type argument. Try correcting the name to an existing type, or defining a type named 'MethodDeclaration' • flutter/dev/bots/custom_rules/protect_public_state_subtypes.dart:53:14 • non_type_as_type_argument
  error • The name 'MethodDeclaration' isn't a type, so it can't be used as a type argument. Try correcting the name to an existing type, or defining a type named 'MethodDeclaration' • flutter/dev/bots/custom_rules/protect_public_state_subtypes.dart:53:55 • non_type_as_type_argument
  error • Undefined class 'DartType'. Try changing the name to the name of an existing class, or creating a class with the name 'DartType' • flutter/dev/bots/custom_rules/protect_public_state_subtypes.dart:56:10 • undefined_class
  error • Undefined class 'InterfaceElement'. Try changing the name to the name of an existing class, or creating a class with the name 'InterfaceElement' • flutter/dev/bots/custom_rules/protect_public_state_subtypes.dart:58:36 • undefined_class
  error • Undefined class 'InterfaceType'. Try changing the name to the name of an existing class, or creating a class with the name 'InterfaceType' • flutter/dev/bots/custom_rules/protect_public_state_subtypes.dart:65:16 • undefined_class
warning • The method doesn't override an inherited method. Try updating this class to match the superclass, or removing the override annotation • flutter/dev/bots/custom_rules/protect_public_state_subtypes.dart:75:8 • override_on_non_overriding_member
  error • Undefined class 'ClassDeclaration'. Try changing the name to the name of an existing class, or creating a class with the name 'ClassDeclaration' • flutter/dev/bots/custom_rules/protect_public_state_subtypes.dart:75:30 • undefined_class
warning • The method doesn't override an inherited method. Try updating this class to match the superclass, or removing the override annotation • flutter/dev/bots/custom_rules/protect_public_state_subtypes.dart:84:8 • override_on_non_overriding_member
  error • Undefined class 'MethodDeclaration'. Try changing the name to the name of an existing class, or creating a class with the name 'MethodDeclaration' • flutter/dev/bots/custom_rules/protect_public_state_subtypes.dart:84:31 • undefined_class
  error • Target of URI doesn't exist: 'package:analyzer/dart/analysis/results.dart'. Try creating the file referenced by the URI, or try using a URI for a file that does exist • flutter/dev/bots/custom_rules/render_box_intrinsics.dart:5:8 • uri_does_not_exist
  error • Target of URI doesn't exist: 'package:analyzer/dart/ast/ast.dart'. Try creating the file referenced by the URI, or try using a URI for a file that does exist • flutter/dev/bots/custom_rules/render_box_intrinsics.dart:6:8 • uri_does_not_exist
  error • Target of URI doesn't exist: 'package:analyzer/dart/ast/visitor.dart'. Try creating the file referenced by the URI, or try using a URI for a file that does exist • flutter/dev/bots/custom_rules/render_box_intrinsics.dart:7:8 • uri_does_not_exist
  error • Target of URI doesn't exist: 'package:analyzer/dart/element/element.dart'. Try creating the file referenced by the URI, or try using a URI for a file that does exist • flutter/dev/bots/custom_rules/render_box_intrinsics.dart:8:8 • uri_does_not_exist
  error • Target of URI doesn't exist: 'package:analyzer/dart/element/type.dart'. Try creating the file referenced by the URI, or try using a URI for a file that does exist • flutter/dev/bots/custom_rules/render_box_intrinsics.dart:9:8 • uri_does_not_exist
  error • The name 'ResolvedUnitResult' isn't a type, so it can't be used as a type argument. Try correcting the name to an existing type, or defining a type named 'ResolvedUnitResult' • flutter/dev/bots/custom_rules/render_box_intrinsics.dart:30:13 • non_type_as_type_argument
  error • Undefined class 'AstNode'. Try changing the name to the name of an existing class, or creating a class with the name 'AstNode' • flutter/dev/bots/custom_rules/render_box_intrinsics.dart:30:39 • undefined_class
  error • The name 'ResolvedUnitResult' isn't a type, so it can't be used as a type argument. Try correcting the name to an existing type, or defining a type named 'ResolvedUnitResult' • flutter/dev/bots/custom_rules/render_box_intrinsics.dart:31:8 • non_type_as_type_argument
  error • Undefined class 'AstNode'. Try changing the name to the name of an existing class, or creating a class with the name 'AstNode' • flutter/dev/bots/custom_rules/render_box_intrinsics.dart:31:34 • undefined_class
  error • Undefined class 'ResolvedUnitResult'. Try changing the name to the name of an existing class, or creatin